Component: Arm Compiler for Embedded 6.21 Tool: armlink [5ec1fa00]

==============================================================================

Section Cross References

    main.o(.text.main) refers to zf_common_clock.o(.text.clock_init) for clock_init
    main.o(.text.main) refers to zf_common_debug.o(.text.debug_init) for debug_init
    main.o(.text.main) refers to auto_menu.o(.text.menu_init) for menu_init
    main.o(.text.main) refers to motor.o(.text.motor_init) for motor_init
    main.o(.text.main) refers to zf_device_mt9v03x.o(.text.mt9v03x_init) for mt9v03x_init
    main.o(.text.main) refers to encoder.o(.text.encoder_init) for encoder_init
    main.o(.text.main) refers to servo.o(.text.servo_init) for servo_init
    main.o(.text.main) refers to beep.o(.text.beep_init) for beep_init
    main.o(.text.main) refers to zf_device_imu963ra.o(.text.imu963ra_init) for imu963ra_init
    main.o(.text.main) refers to zf_device_wireless_uart.o(.text.wireless_uart_init) for wireless_uart_init
    main.o(.text.main) refers to zf_common_clock.o(.data.system_clock) for system_clock
    main.o(.text.main) refers to zf_driver_pit.o(.text.pit_init) for pit_init
    main.o(.text.main) refers to zf_common_interrupt.o(.text.interrupt_set_priority) for interrupt_set_priority
    main.o(.text.main) refers to auto_menu.o(.text.show_process) for show_process
    main.o(.text.main) refers to image.o(.text.image_process) for image_process
    main.o(.text.main) refers to servo.o(.text.servo_process) for servo_process
    main.o(.text.main) refers to motor.o(.text.motor_process) for motor_process
    main.o(.text.main) refers to zf_driver_delay.o(.text.system_delay_ms) for system_delay_ms
    main.o(.ARM.exidx.text.main) refers to main.o(.text.main) for [Anonymous Symbol]
    main.o(.text.pit6_handler) refers to auto_menu.o(.bss.start_time) for start_time
    main.o(.text.pit6_handler) refers to beep.o(.text.beep_off) for beep_off
    main.o(.text.pit6_handler) refers to beep.o(.bss.beep_flag) for beep_flag
    main.o(.text.pit6_handler) refers to beep.o(.text.beep_on) for beep_on
    main.o(.text.pit6_handler) refers to dfltui.o(.text) for __aeabi_ui2d
    main.o(.text.pit6_handler) refers to dadd.o(.text) for __aeabi_dadd
    main.o(.text.pit6_handler) refers to dfixi.o(.text) for __aeabi_d2iz
    main.o(.ARM.exidx.text.pit6_handler) refers to main.o(.text.pit6_handler) for [Anonymous Symbol]
    main.o(.text.pit7_handler) refers to main.o(.bss.count_10ms) for count_10ms
    main.o(.text.pit7_handler) refers to image.o(.bss.circle_time) for circle_time
    main.o(.text.pit7_handler) refers to servo.o(.bss.servo_f) for servo_f
    main.o(.text.pit7_handler) refers to motor.o(.bss.motor_f) for motor_f
    main.o(.text.pit7_handler) refers to zf_driver_encoder.o(.text.encoder_get_count) for encoder_get_count
    main.o(.text.pit7_handler) refers to motor.o(.bss.encoder_data_l) for encoder_data_l
    main.o(.text.pit7_handler) refers to motor.o(.bss.encoder_data_r) for encoder_data_r
    main.o(.text.pit7_handler) refers to zf_driver_encoder.o(.text.encoder_clear_count) for encoder_clear_count
    main.o(.ARM.exidx.text.pit7_handler) refers to main.o(.text.pit7_handler) for [Anonymous Symbol]
    isr.o(.ARM.exidx.text.TIM1_UP_IRQHandler) refers to isr.o(.text.TIM1_UP_IRQHandler) for [Anonymous Symbol]
    isr.o(.ARM.exidx.text.TIM2_IRQHandler) refers to isr.o(.text.TIM2_IRQHandler) for [Anonymous Symbol]
    isr.o(.ARM.exidx.text.TIM3_IRQHandler) refers to isr.o(.text.TIM3_IRQHandler) for [Anonymous Symbol]
    isr.o(.ARM.exidx.text.TIM4_IRQHandler) refers to isr.o(.text.TIM4_IRQHandler) for [Anonymous Symbol]
    isr.o(.ARM.exidx.text.TIM5_IRQHandler) refers to isr.o(.text.TIM5_IRQHandler) for [Anonymous Symbol]
    isr.o(.text.TIM6_IRQHandler) refers to main.o(.text.pit6_handler) for pit6_handler
    isr.o(.ARM.exidx.text.TIM6_IRQHandler) refers to isr.o(.text.TIM6_IRQHandler) for [Anonymous Symbol]
    isr.o(.text.TIM7_IRQHandler) refers to main.o(.text.pit7_handler) for pit7_handler
    isr.o(.ARM.exidx.text.TIM7_IRQHandler) refers to isr.o(.text.TIM7_IRQHandler) for [Anonymous Symbol]
    isr.o(.text.TIM8_UP_IRQHandler) refers to zf_device_tsl1401.o(.text.tsl1401_collect_pit_handler) for tsl1401_collect_pit_handler
    isr.o(.ARM.exidx.text.TIM8_UP_IRQHandler) refers to isr.o(.text.TIM8_UP_IRQHandler) for [Anonymous Symbol]
    isr.o(.ARM.exidx.text.UART1_IRQHandler) refers to isr.o(.text.UART1_IRQHandler) for [Anonymous Symbol]
    isr.o(.text.UART2_IRQHandler) refers to zf_device_gps_tau1201.o(.text.gps_uart_callback) for gps_uart_callback
    isr.o(.ARM.exidx.text.UART2_IRQHandler) refers to isr.o(.text.UART2_IRQHandler) for [Anonymous Symbol]
    isr.o(.ARM.exidx.text.UART3_IRQHandler) refers to isr.o(.text.UART3_IRQHandler) for [Anonymous Symbol]
    isr.o(.ARM.exidx.text.UART4_IRQHandler) refers to isr.o(.text.UART4_IRQHandler) for [Anonymous Symbol]
[...]
    DMA1_Channel2_IRQHandler                 0x08000e05   Thumb Code    26  isr.o(.text.DMA1_Channel2_IRQHandler)
    DMA1_Channel3_IRQHandler                 0x08000e21   Thumb Code    26  isr.o(.text.DMA1_Channel3_IRQHandler)
    DMA1_Channel4_IRQHandler                 0x08000e3d   Thumb Code    40  isr.o(.text.DMA1_Channel4_IRQHandler)
    DMA1_Channel5_IRQHandler                 0x08000e65   Thumb Code    26  isr.o(.text.DMA1_Channel5_IRQHandler)
    DMA1_Channel6_IRQHandler                 0x08000e81   Thumb Code    26  isr.o(.text.DMA1_Channel6_IRQHandler)
    DMA1_Channel7_IRQHandler                 0x08000e9d   Thumb Code    26  isr.o(.text.DMA1_Channel7_IRQHandler)
    DMA2_Channel1_IRQHandler                 0x08000eb9   Thumb Code    28  isr.o(.text.DMA2_Channel1_IRQHandler)
    DMA2_Channel2_IRQHandler                 0x08000ed5   Thumb Code    28  isr.o(.text.DMA2_Channel2_IRQHandler)
    DMA2_Channel3_IRQHandler                 0x08000ef1   Thumb Code    28  isr.o(.text.DMA2_Channel3_IRQHandler)
    DMA2_Channel4_IRQHandler                 0x08000f0d   Thumb Code    28  isr.o(.text.DMA2_Channel4_IRQHandler)
    DMA2_Channel5_IRQHandler                 0x08000f29   Thumb Code    28  isr.o(.text.DMA2_Channel5_IRQHandler)
    EXTI0_IRQHandler                         0x08000f45   Thumb Code    18  isr.o(.text.EXTI0_IRQHandler)
    EXTI15_10_IRQHandler                     0x08000f59   Thumb Code   106  isr.o(.text.EXTI15_10_IRQHandler)
    EXTI1_IRQHandler                         0x08000fc5   Thumb Code    18  isr.o(.text.EXTI1_IRQHandler)
    EXTI2_IRQHandler                         0x08000fd9   Thumb Code    18  isr.o(.text.EXTI2_IRQHandler)
    EXTI3_IRQHandler                         0x08000fed   Thumb Code    18  isr.o(.text.EXTI3_IRQHandler)
    EXTI4_IRQHandler                         0x08001001   Thumb Code    24  isr.o(.text.EXTI4_IRQHandler)
    EXTI9_5_IRQHandler                       0x08001019   Thumb Code    96  isr.o(.text.EXTI9_5_IRQHandler)
    FUN_INIT                                 0x08001079   Thumb Code   176  auto_menu.o(.text.FUN_INIT)
    NULL_FUN                                 0x080011b5   Thumb Code     2  auto_menu.o(.text.NULL_FUN)
    SystemInit                               0x080011b9   Thumb Code    12  system_mm32f3277g.o(.text.SystemInit)
    TIM1_UP_IRQHandler                       0x080011c5   Thumb Code    20  isr.o(.text.TIM1_UP_IRQHandler)
    TIM2_IRQHandler                          0x080011d9   Thumb Code    18  isr.o(.text.TIM2_IRQHandler)
    TIM3_IRQHandler                          0x080011ed   Thumb Code    20  isr.o(.text.TIM3_IRQHandler)
    TIM4_IRQHandler                          0x08001201   Thumb Code    20  isr.o(.text.TIM4_IRQHandler)
    TIM5_IRQHandler                          0x08001215   Thumb Code    20  isr.o(.text.TIM5_IRQHandler)
    TIM6_IRQHandler                          0x08001229   Thumb Code    26  isr.o(.text.TIM6_IRQHandler)
    TIM7_IRQHandler                          0x08001245   Thumb Code    26  isr.o(.text.TIM7_IRQHandler)
    TIM8_UP_IRQHandler                       0x08001261   Thumb Code    26  isr.o(.text.TIM8_UP_IRQHandler)
    UART1_IRQHandler                         0x0800127d   Thumb Code    44  isr.o(.text.UART1_IRQHandler)
    UART2_IRQHandler                         0x080012a9   Thumb Code    50  isr.o(.text.UART2_IRQHandler)
    UART3_IRQHandler                         0x080012dd   Thumb Code    44  isr.o(.text.UART3_IRQHandler)
    UART4_IRQHandler                         0x08001309   Thumb Code    44  isr.o(.text.UART4_IRQHandler)
    UART5_IRQHandler                         0x08001335   Thumb Code    44  isr.o(.text.UART5_IRQHandler)
    UART6_IRQHandler                         0x08001361   Thumb Code    58  isr.o(.text.UART6_IRQHandler)
    UART7_IRQHandler                         0x0800139d   Thumb Code    44  isr.o(.text.UART7_IRQHandler)
    UART8_IRQHandler                         0x080013c9   Thumb Code    58  isr.o(.text.UART8_IRQHandler)
    UNIT_SET                                 0x08001405   Thumb Code   244  auto_menu.o(.text.UNIT_SET)
    adc_convert                              0x08001531   Thumb Code    70  zf_driver_adc.o(.text.adc_convert)
    afio_init                                0x08001579   Thumb Code   126  zf_driver_gpio.o(.text.afio_init)
    assist_menu                              0x080015f9   Thumb Code   326  auto_menu.o(.text.assist_menu)
    beep_init                                0x08001741   Thumb Code    12  beep.o(.text.beep_init)
    beep_off                                 0x0800174d   Thumb Code     8  beep.o(.text.beep_off)
    beep_on                                  0x08001755   Thumb Code     8  beep.o(.text.beep_on)
    button_entry                             0x0800175d   Thumb Code   492  key.o(.text.button_entry)
    camera_fifo_init                         0x08001949   Thumb Code    24  zf_device_camera.o(.text.camera_fifo_init)
    camera_init                              0x08001961   Thumb Code    94  zf_device_camera.o(.text.camera_init)
    center_menu                              0x080019c1   Thumb Code   448  auto_menu.o(.text.center_menu)
    change_value                             0x08001b81   Thumb Code   508  auto_menu.o(.text.change_value)
    circle                                   0x08001d89   Thumb Code    72  auto_menu.o(.text.circle)
    clock_init                               0x08001de9   Thumb Code   552  zf_common_clock.o(.text.clock_init)
    dad_name_init                            0x08002011   Thumb Code   162  auto_menu.o(.text.dad_name_init)
    debug_assert_handler                     0x080020b5   Thumb Code   232  zf_common_debug.o(.text.debug_assert_handler)
    debug_init                               0x080021ad   Thumb Code   126  zf_common_debug.o(.text.debug_init)
    debug_log_handler                        0x0800222d   Thumb Code    36  zf_common_debug.o(.text.debug_log_handler)
    debug_output_init                        0x0800259d   Thumb Code    98  zf_common_debug.o(.text.debug_output_init)
    debug_output_struct_init                 0x08002601   Thumb Code    22  zf_common_debug.o(.text.debug_output_struct_init)
    dl1a_get_distance                        0x08002621   Thumb Code   138  zf_device_dl1a.o(.text.dl1a_get_distance)
    dl1a_int_handler                         0x080026ad   Thumb Code     4  zf_device_dl1a.o(.text.dl1a_int_handler)
    dm1xa_light_callback                     0x080026b1   Thumb Code    42  zf_device_dm1xa.o(.text.dm1xa_light_callback)
    dm1xa_sound_callback                     0x080026dd   Thumb Code   198  zf_device_dm1xa.o(.text.dm1xa_sound_callback)
    dma_camera_init                          0x080027a5   Thumb Code   116  zf_driver_dma.o(.text.dma_camera_init)
    dma_disable                              0x08002831   Thumb Code    38  zf_driver_dma.o(.text.dma_disable)
    dma_enable                               0x08002859   Thumb Code    38  zf_driver_dma.o(.text.dma_enable)
    dma_set_count                            0x08002881   Thumb Code    32  zf_driver_dma.o(.text.dma_set_count)
    encoder_clear_count                      0x080028a1   Thumb Code    64  zf_driver_encoder.o(.text.encoder_clear_count)
    encoder_get_count                        0x080028e1   Thumb Code   104  zf_driver_encoder.o(.text.encoder_get_count)
    encoder_init                             0x08002949   Thumb Code    34  encoder.o(.text.encoder_init)
    encoder_quad_init                        0x0800296d   Thumb Code   224  zf_driver_encoder.o(.text.encoder_quad_init)
    exti_init                                0x08002a4d   Thumb Code   312  zf_driver_exti.o(.text.exti_init)
    fifo_clear                               0x08002b95   Thumb Code    92  zf_common_fifo.o(.text.fifo_clear)
    fifo_init                                0x08002bf1   Thumb Code    62  zf_common_fifo.o(.text.fifo_init)
    fifo_read_buffer                         0x08002c31   Thumb Code   324  zf_common_fifo.o(.text.fifo_read_buffer)
    fifo_used                                0x08002d75   Thumb Code    32  zf_common_fifo.o(.text.fifo_used)
    fifo_write_buffer                        0x08002d95   Thumb Code   450  zf_common_fifo.o(.text.fifo_write_buffer)
    fifo_write_element                       0x08002f59   Thumb Code   122  zf_common_fifo.o(.text.fifo_write_element)
    fputc                                    0x08002fd5   Thumb Code    28  zf_common_debug.o(.text.fputc)
    fun_init                                 0x08002ff1   Thumb Code   230  auto_menu.o(.text.fun_init)
    func_float_to_str                        0x080030d9   Thumb Code   330  zf_common_function.o(.text.func_float_to_str)
    func_get_greatest_common_divisor         0x08003225   Thumb Code    24  zf_common_function.o(.text.func_get_greatest_common_divisor)
    func_int_to_str                          0x0800323d   Thumb Code   158  zf_common_function.o(.text.func_int_to_str)
    func_uint_to_str                         0x080032dd   Thumb Code   130  zf_common_function.o(.text.func_uint_to_str)
    get_store_1                              0x08003361   Thumb Code   106  auto_menu.o(.text.get_store_1)
    get_store_2                              0x080033cd   Thumb Code   102  auto_menu.o(.text.get_store_2)
    gpio_get_level                           0x08003435   Thumb Code    32  zf_driver_gpio.o(.text.gpio_get_level)
    gpio_init                                0x08003455   Thumb Code   138  zf_driver_gpio.o(.text.gpio_init)
    gpio_set_level                           0x080034e1   Thumb Code    44  zf_driver_gpio.o(.text.gpio_set_level)
    gpio_toggle_level                        0x0800350d   Thumb Code    44  zf_driver_gpio.o(.text.gpio_toggle_level)
    gps_uart_callback                        0x08003539   Thumb Code   236  zf_device_gps_tau1201.o(.text.gps_uart_callback)
    image_calculate_mid                      0x0800362d   Thumb Code   336  image.o(.text.image_calculate_mid)
    image_circle_analysis                    0x0800377d   Thumb Code   868  image.o(.text.image_circle_analysis)
    image_connect_point                      0x08003ae1   Thumb Code   112  image.o(.text.image_connect_point)
    image_cross_analysis                     0x08003b51   Thumb Code   802  image.o(.text.image_cross_analysis)
    image_display_edge_line                  0x08003e75   Thumb Code   154  image.o(.text.image_display_edge_line)
    image_process                            0x08003f11   Thumb Code   698  image.o(.text.image_process)
    image_stretch_point                      0x080041cd   Thumb Code   246  image.o(.text.image_stretch_point)
    imu963ra_get_gyro                        0x080042c5   Thumb Code    92  zf_device_imu963ra.o(.text.imu963ra_get_gyro)
    imu963ra_init                            0x08004321   Thumb Code  1088  zf_device_imu963ra.o(.text.imu963ra_init)
    interrupt_disable                        0x0800489d   Thumb Code    40  zf_common_interrupt.o(.text.interrupt_disable)
    interrupt_enable                         0x080048c5   Thumb Code    32  zf_common_interrupt.o(.text.interrupt_enable)
    interrupt_global_disable                 0x080048e5   Thumb Code    22  zf_common_interrupt.o(.text.interrupt_global_disable)
    interrupt_init                           0x080048fd   Thumb Code    28  zf_common_interrupt.o(.text.interrupt_init)
    interrupt_set_priority                   0x08004919   Thumb Code    34  zf_common_interrupt.o(.text.interrupt_set_priority)
    ips200_clear                             0x0800493d   Thumb Code   280  zf_device_ips200.o(.text.ips200_clear)
    ips200_draw_point                        0x08004a55   Thumb Code   260  zf_device_ips200.o(.text.ips200_draw_point)
    ips200_init                              0x08004b59   Thumb Code  4998  zf_device_ips200.o(.text.ips200_init)
    ips200_show_char                         0x08006235   Thumb Code   734  zf_device_ips200.o(.text.ips200_show_char)
    ips200_show_float                        0x08006515   Thumb Code   304  zf_device_ips200.o(.text.ips200_show_float)
    ips200_show_gray_image                   0x08006645   Thumb Code   534  zf_device_ips200.o(.text.ips200_show_gray_image)
    ips200_show_int                          0x0800685d   Thumb Code   216  zf_device_ips200.o(.text.ips200_show_int)
    ips200_show_string                       0x08006935   Thumb Code   166  zf_device_ips200.o(.text.ips200_show_string)
    ips200_show_uint                         0x080069dd   Thumb Code   216  zf_device_ips200.o(.text.ips200_show_uint)
    key_into                                 0x08006ab5   Thumb Code    54  key.o(.text.key_into)
    main                                     0x08006aed   Thumb Code   152  main.o(.text.main)
    menu_init                                0x08006b85   Thumb Code   194  auto_menu.o(.text.menu_init)
    motor_init                               0x08006c49   Thumb Code    66  motor.o(.text.motor_init)
    motor_process                            0x08006c8d   Thumb Code   204  motor.o(.text.motor_process)
    motor_setspeed                           0x08006d59   Thumb Code   738  motor.o(.text.motor_setspeed)
    mt9v03x_init                             0x08007055   Thumb Code   704  zf_device_mt9v03x.o(.text.mt9v03x_init)
    mt9v03x_set_config_sccb                  0x08007389   Thumb Code  2478  zf_device_config.o(.text.mt9v03x_set_config_sccb)
    pid_increment                            0x08007ddd   Thumb Code   242  pid.o(.text.pid_increment)
    pid_positional                           0x08007ed1   Thumb Code   180  pid.o(.text.pid_positional)
    pit6_handler                             0x08007f85   Thumb Code    66  main.o(.text.pit6_handler)
    pit7_handler                             0x08007fc9   Thumb Code   114  main.o(.text.pit7_handler)
    pit_init                                 0x0800803d   Thumb Code   192  zf_driver_pit.o(.text.pit_init)
    pwm_init                                 0x08008105   Thumb Code   392  zf_driver_pwm.o(.text.pwm_init)
    pwm_set_duty                             0x0800828d   Thumb Code   204  zf_driver_pwm.o(.text.pwm_set_duty)
    search_line                              0x08008359   Thumb Code   712  image.o(.text.search_line)
    servo                                    0x08008621   Thumb Code    72  auto_menu.o(.text.servo)
    servo_control                            0x08008681   Thumb Code   356  servo.o(.text.servo_control)
    servo_init                               0x080087e5   Thumb Code    16  servo.o(.text.servo_init)
    servo_process                            0x080087f5   Thumb Code   148  servo.o(.text.servo_process)
    set_camera_type                          0x08008889   Thumb Code    70  zf_device_type.o(.text.set_camera_type)
    set_wireless_type                        0x080088d1   Thumb Code    36  zf_device_type.o(.text.set_wireless_type)
    show_image                               0x080088f5   Thumb Code   176  auto_menu.o(.text.show_image)
    show_process                             0x080089a9   Thumb Code   260  auto_menu.o(.text.show_process)
    slow_down                                0x08008aad   Thumb Code    72  auto_menu.o(.text.slow_down)
    soft_iic_init                            0x08008b15   Thumb Code    96  zf_driver_soft_iic.o(.text.soft_iic_init)
    soft_iic_read_8bit_registers             0x08008b75   Thumb Code   136  zf_driver_soft_iic.o(.text.soft_iic_read_8bit_registers)
    soft_iic_sccb_read_register              0x08008d6d   Thumb Code   100  zf_driver_soft_iic.o(.text.soft_iic_sccb_read_register)
    soft_iic_sccb_write_register             0x08008dd1   Thumb Code    74  zf_driver_soft_iic.o(.text.soft_iic_sccb_write_register)
    soft_iic_write_8bit_register             0x0800906d   Thumb Code    74  zf_driver_soft_iic.o(.text.soft_iic_write_8bit_register)
    speed_policy                             0x080090b9   Thumb Code    72  auto_menu.o(.text.speed_policy)
    spi_init                                 0x08009125   Thumb Code   440  zf_driver_spi.o(.text.spi_init)
    spi_read_8bit_register                   0x080092dd   Thumb Code    72  zf_driver_spi.o(.text.spi_read_8bit_register)
    spi_read_8bit_registers                  0x08009325   Thumb Code   120  zf_driver_spi.o(.text.spi_read_8bit_registers)
    spi_write_16bit                          0x0800939d   Thumb Code    60  zf_driver_spi.o(.text.spi_write_16bit)
    spi_write_8bit                           0x080093d9   Thumb Code    48  zf_driver_spi.o(.text.spi_write_8bit)
    spi_write_8bit_register                  0x08009409   Thumb Code    56  zf_driver_spi.o(.text.spi_write_8bit_register)
    start                                    0x08009441   Thumb Code    76  auto_menu.o(.text.start)
    store_1_200                              0x0800948d   Thumb Code   152  auto_menu.o(.text.store_1_200)
    store_2_250                              0x08009541   Thumb Code   192  auto_menu.o(.text.store_2_250)
    store_3_300                              0x0800961d   Thumb Code   196  auto_menu.o(.text.store_3_300)
    store_4_350                              0x080096f9   Thumb Code   200  auto_menu.o(.text.store_4_350)
    store_5_400                              0x080097d9   Thumb Code   200  auto_menu.o(.text.store_5_400)
    system_delay_ms                          0x080098b9   Thumb Code   108  zf_driver_delay.o(.text.system_delay_ms)
    timer_clear                              0x08009925   Thumb Code    76  zf_driver_timer.o(.text.timer_clear)
    timer_clock_enable                       0x08009971   Thumb Code   170  zf_driver_timer.o(.text.timer_clock_enable)
    timer_etr_init                           0x08009a1d   Thumb Code   362  zf_driver_timer.o(.text.timer_etr_init)
    timer_funciton_check                     0x08009b89   Thumb Code    30  zf_driver_timer.o(.text.timer_funciton_check)
    timer_get                                0x08009ba9   Thumb Code    94  zf_driver_timer.o(.text.timer_get)
    tsl1401_collect_pit_handler              0x08009c09   Thumb Code   162  zf_device_tsl1401.o(.text.tsl1401_collect_pit_handler)
    uart_init                                0x08009cb1   Thumb Code   436  zf_driver_uart.o(.text.uart_init)
    uart_query_byte                          0x08009e65   Thumb Code    58  zf_driver_uart.o(.text.uart_query_byte)
    uart_rx_interrupt                        0x08009ea1   Thumb Code    96  zf_driver_uart.o(.text.uart_rx_interrupt)
    uart_write_buffer                        0x08009f01   Thumb Code    72  zf_driver_uart.o(.text.uart_write_buffer)
    uart_write_byte                          0x08009f49   Thumb Code    24  zf_driver_uart.o(.text.uart_write_byte)
    uart_write_string                        0x08009f61   Thumb Code    72  zf_driver_uart.o(.text.uart_write_string)
    unit_param_set                           0x08009fa9   Thumb Code   614  auto_menu.o(.text.unit_param_set)
    wireless_uart_callback                   0x0800a211   Thumb Code   100  zf_device_wireless_uart.o(.text.wireless_uart_callback)
    wireless_uart_init                       0x0800a275   Thumb Code   250  zf_device_wireless_uart.o(.text.wireless_uart_init)
    __0printf$3                              0x0800a371   Thumb Code    22  printf3.o(i.__0printf$3)
    __1printf$3                              0x0800a371   Thumb Code     0  printf3.o(i.__0printf$3)
    __2printf                                0x0800a371   Thumb Code     0  printf3.o(i.__0printf$3)
    __0sprintf$3                             0x0800a391   Thumb Code    34  printf3.o(i.__0sprintf$3)
    __1sprintf$3                             0x0800a391   Thumb Code     0  printf3.o(i.__0sprintf$3)
    __2sprintf                               0x0800a391   Thumb Code     0  printf3.o(i.__0sprintf$3)
    free                                     0x0800a3b9   Thumb Code    76  malloc2.o(i.__free$2region)
    malloc                                   0x0800a409   Thumb Code    92  malloc2.o(i.__malloc$2region)
    __scatterload_copy                       0x0800a475   Thumb Code    14  handlers.o(i.__scatterload_copy)
    __scatterload_null                       0x0800a483   Thumb Code     2  handlers.o(i.__scatterload_null)
    __scatterload_zeroinit                   0x0800a485   Thumb Code    14  handlers.o(i.__scatterload_zeroinit)
    ascii_font_6x8                           0x0800a704   Data         552  zf_common_font.o(.rodata.ascii_font_6x8)
    ascii_font_8x16                          0x0800a92c   Data        1520  zf_common_font.o(.rodata.ascii_font_8x16)
    Region$$Table$$Base                      0x0800b1bc   Number         0  anon$$obj.o(Region$$Table)
    Region$$Table$$Limit                     0x0800b1dc   Number         0  anon$$obj.o(Region$$Table)
    __stdout                                 0x20000000   Data           4  stdout.o(.data)
    __microlib_freelist                      0x20000004   Data           4  mvars.o(.data)
    __microlib_freelist_initialised          0x20000008   Data           4  mvars.o(.data)
    DAD_NUM                                  0x2000000c   Data           1  auto_menu.o(.data.DAD_NUM)
    begin_menu_flag                          0x2000000d   Data           1  auto_menu.o(.data.begin_menu_flag)
    camera_dma_handler                       0x20000010   Data           4  zf_device_type.o(.data.camera_dma_handler)
    camera_uart_handler                      0x20000014   Data           4  zf_device_type.o(.data.camera_uart_handler)
    camera_vsync_handler                     0x20000018   Data           4  zf_device_type.o(.data.camera_vsync_handler)
    dif_speed_reduce                         0x2000001c   Data           4  auto_menu.o(.data.dif_speed_reduce)
    dl1a_distance_mm                         0x20000020   Data           2  zf_device_dl1a.o(.data.dl1a_distance_mm)
    gpio_group                               0x2000002c   Data          32  zf_driver_gpio.o(.data.gpio_group)
    imu963ra_transition_factor               0x2000004c   Data          12  zf_device_imu963ra.o(.data.imu963ra_transition_factor)
    kd1                                      0x20000060   Data           4  auto_menu.o(.data.kd1)
    kp                                       0x20000064   Data           4  auto_menu.o(.data.kp)
    kp_min                                   0x20000068   Data           4  auto_menu.o(.data.kp_min)
    mid_weight                               0x2000006c   Data         120  image.o(.data.mid_weight)
    mid_weight_1                             0x200000e4   Data         120  image.o(.data.mid_weight_1)
    mid_weight_2                             0x2000015c   Data         120  image.o(.data.mid_weight_2)
    mid_weight_3                             0x200001d4   Data         120  image.o(.data.mid_weight_3)
    mid_weight_4                             0x2000024c   Data         120  image.o(.data.mid_weight_4)
    mid_weight_5                             0x200002c4   Data         120  image.o(.data.mid_weight_5)
    motor_pid_kd                             0x2000033c   Data           4  motor.o(.data.motor_pid_kd)
    motor_pid_ki                             0x20000340   Data           4  motor.o(.data.motor_pid_ki)
    motor_pid_kp                             0x20000344   Data           4  motor.o(.data.motor_pid_kp)
    prospect                                 0x20000394   Data           1  image.o(.data.prospect)
    reference_contrast_ratio                 0x20000395   Data           1  image.o(.data.reference_contrast_ratio)
    servo_pid_kd1                            0x20000398   Data           4  servo.o(.data.servo_pid_kd1)
    servo_pid_kp                             0x2000039c   Data           4  servo.o(.data.servo_pid_kp)
    single_edge_err                          0x200003a0   Data         120  image.o(.data.single_edge_err)
    speed                                    0x20000418   Data           4  auto_menu.o(.data.speed)
    system_clock                             0x2000041c   Data           4  zf_common_clock.o(.data.system_clock)
    wireless_module_uart_handler             0x20000424   Data           4  zf_device_type.o(.data.wireless_module_uart_handler)
    beep_flag                                0x20000432   Data           1  beep.o(.bss.beep_flag)
    button1                                  0x20000433   Data           1  auto_menu.o(.bss.button1)
    button2                                  0x20000434   Data           1  auto_menu.o(.bss.button2)
    button3                                  0x20000435   Data           1  auto_menu.o(.bss.button3)
    button4                                  0x20000436   Data           1  auto_menu.o(.bss.button4)
    camera_receiver_buffer                   0x20000439   Data           8  zf_device_camera.o(.bss.camera_receiver_buffer)
    camera_receiver_fifo                     0x20000444   Data          24  zf_device_camera.o(.bss.camera_receiver_fifo)
    camera_type                              0x2000045c   Data           1  zf_device_type.o(.bss.camera_type)
    circle_flag                              0x2000045d   Data           1  image.o(.bss.circle_flag)
    circle_time                              0x2000045e   Data           2  image.o(.bss.circle_time)
    count_10ms                               0x20000460   Data           4  main.o(.bss.count_10ms)
    cross_flag                               0x20000464   Data           1  image.o(.bss.cross_flag)
    current_operation_menu                   0x20000468   Data           4  auto_menu.o(.bss.current_operation_menu)
    dif_speed_plus                           0x20000488   Data           4  auto_menu.o(.bss.dif_speed_plus)
    differential_mode                        0x2000048c   Data           1  motor.o(.bss.differential_mode)
    dl1a_finsh_flag                          0x2000048d   Data           1  zf_device_dl1a.o(.bss.dl1a_finsh_flag)
    encoder_data_l                           0x200004a6   Data           2  motor.o(.bss.encoder_data_l)
    encoder_data_r                           0x200004a8   Data           2  motor.o(.bss.encoder_data_r)
    final_mid_line                           0x200004aa   Data           1  image.o(.bss.final_mid_line)
    first_in_page_flag                       0x200004ab   Data           1  auto_menu.o(.bss.first_in_page_flag)
    gps_gga_state                            0x2000052c   Data           1  zf_device_gps_tau1201.o(.bss.gps_gga_state)
    gps_rmc_state                            0x200005ad   Data           1  zf_device_gps_tau1201.o(.bss.gps_rmc_state)
    gps_tau1201_flag                         0x200005ae   Data           1  zf_device_gps_tau1201.o(.bss.gps_tau1201_flag)
    if_circle                                0x200005c9   Data           1  image.o(.bss.if_circle)
    imu963ra_gyro_x                          0x200005ca   Data           2  zf_device_imu963ra.o(.bss.imu963ra_gyro_x)
    imu963ra_gyro_y                          0x200005cc   Data           2  zf_device_imu963ra.o(.bss.imu963ra_gyro_y)
    imu963ra_gyro_z                          0x200005ce   Data           2  zf_device_imu963ra.o(.bss.imu963ra_gyro_z)
    is_clear_flag                            0x200005da   Data           1  auto_menu.o(.bss.is_clear_flag)
    kd2                                      0x200005dc   Data           4  auto_menu.o(.bss.kd2)
    key1_state                               0x200005e0   Data           1  key.o(.bss.key1_state)
    key1_state_last                          0x200005e1   Data           1  key.o(.bss.key1_state_last)
    key2_state                               0x200005e2   Data           1  key.o(.bss.key2_state)
    key2_state_last                          0x200005e3   Data           1  key.o(.bss.key2_state_last)
    key3_state                               0x200005e4   Data           1  key.o(.bss.key3_state)
    key3_state_last                          0x200005e5   Data           1  key.o(.bss.key3_state_last)
    key4_state                               0x200005e6   Data           1  key.o(.bss.key4_state)
    key4_state_last                          0x200005e7   Data           1  key.o(.bss.key4_state_last)
    ki                                       0x200005e8   Data           4  auto_menu.o(.bss.ki)
    last_final_mid_line                      0x200005ec   Data           1  image.o(.bss.last_final_mid_line)
    left_edge_line                           0x200005f0   Data         240  image.o(.bss.left_edge_line)
    mid_line                                 0x200006e0   Data         120  image.o(.bss.mid_line)
    mid_mode                                 0x20000758   Data           1  image.o(.bss.mid_mode)
    motor_f                                  0x20000759   Data           1  motor.o(.bss.motor_f)
    motor_flag                               0x2000075a   Data           1  auto_menu.o(.bss.motor_flag)
    mt9v03x_finish_flag                      0x2000075b   Data           1  zf_device_mt9v03x.o(.bss.mt9v03x_finish_flag)
    mt9v03x_image                            0x20000770   Data       22560  zf_device_mt9v03x.o(.bss.mt9v03x_image)
    my_index                                 0x20005fae   Data         200  auto_menu.o(.bss.my_index)
    my_menu_unit                             0x20006078   Data        4000  auto_menu.o(.bss.my_menu_unit)
    my_param_set                             0x20007018   Data        1200  auto_menu.o(.bss.my_param_set)
    p_index_xy_dad                           0x200074c8   Data           4  auto_menu.o(.bss.p_index_xy_dad)
    p_index_xy_son                           0x200074cc   Data           4  auto_menu.o(.bss.p_index_xy_son)
    reference_col                            0x200074f8   Data           1  image.o(.bss.reference_col)
    reference_line                           0x200074fa   Data         240  image.o(.bss.reference_line)
    reference_point                          0x200075ea   Data           1  image.o(.bss.reference_point)
    remote_distance                          0x200075ec   Data         188  image.o(.bss.remote_distance)
    right_edge_line                          0x200076a8   Data         240  image.o(.bss.right_edge_line)
    servo_f                                  0x20007798   Data           1  servo.o(.bss.servo_f)
    servo_flag                               0x20007799   Data           1  auto_menu.o(.bss.servo_flag)
    servo_pid_kd2                            0x2000779c   Data           4  servo.o(.bss.servo_pid_kd2)
    servo_pid_ki                             0x200077a0   Data           4  servo.o(.bss.servo_pid_ki)
    slow_down_flag                           0x200077a4   Data           1  auto_menu.o(.bss.slow_down_flag)
    speed_policy_flag                        0x200077a5   Data           1  auto_menu.o(.bss.speed_policy_flag)
    start_time                               0x200077a8   Data           4  auto_menu.o(.bss.start_time)
    stop_flag                                0x200077b0   Data           1  motor.o(.bss.stop_flag)
    stop_search_row                          0x200077b1   Data           1  image.o(.bss.stop_search_row)
    tsl1401_data                             0x200077c2   Data         512  zf_device_tsl1401.o(.bss.tsl1401_data)
    tsl1401_finish_flag                      0x200079c2   Data           1  zf_device_tsl1401.o(.bss.tsl1401_finish_flag)
    user_image                               0x200079e0   Data       22560  image.o(.bss.user_image)
    white_max_point                          0x2000d200   Data           1  image.o(.bss.white_max_point)
    white_min_point                          0x2000d201   Data           1  image.o(.bss.white_min_point)
    wireless_type                            0x2000d202   Data           1  zf_device_type.o(.bss.wireless_type)
    Image$$ARM_LIB_HEAP$$ZI$$Base            0x2000d260   Number         0  anon$$obj.o ABSOLUTE
    Image$$ARM_LIB_HEAP$$ZI$$Limit           0x2000d660   Number         0  anon$$obj.o ABSOLUTE
    Image$$ARM_LIB_STACK$$ZI$$Limit          0x20020000   Number         0  anon$$obj.o ABSOLUTE



==============================================================================

Memory Map of the image

  Image Entry point : 0x08000401

  Load Region LR_m_text (Base: 0x08000000, Size: 0x0000b608, Max: 0x00080000, ABSOLUTE, COMPRESSED[0x0000b318])

    Execution Region VECTOR_ROM (Exec base: 0x08000000, Load base: 0x08000000, Size: 0x00000190, Max: 0x00000400, ABSOLUTE)

    Exec Addr    Load Addr    Size         Type   Attr      Idx    E Section Name        Object

    0x08000000   0x08000000   0x00000190   Data   RO         1726    RESET               startup_mm32f3277g.o


    Execution Region ER_m_text (Exec base: 0x08000400, Load base: 0x08000400, Size: 0x0000addc, Max: 0x0007fc00, ABSOLUTE, FIXED)

    Exec Addr    Load Addr    Size         Type   Attr      Idx    E Section Name        Object

    0x08000400   0x08000400   0x00000000   Code   RO         2679  * .ARM.Collect$$$$00000000  mc_w.l(entry.o)
    0x08000400   0x08000400   0x00000004   Code   RO         3092    .ARM.Collect$$$$00000003  mc_w.l(entry4.o)
    0x08000404   0x08000404   0x00000004   Code   RO         3095    .ARM.Collect$$$$00000004  mc_w.l(entry5.o)
    0x08000408   0x08000408   0x00000000   Code   RO         3097    .ARM.Collect$$$$00000008  mc_w.l(entry7b.o)
    0x08000408   0x08000408   0x00000000   Code   RO         3099    .ARM.Collect$$$$0000000A  mc_w.l(entry8b.o)
    0x08000408   0x08000408   0x00000008   Code   RO         3100    .ARM.Collect$$$$0000000B  mc_w.l(entry9a.o)
    0x08000410   0x08000410   0x00000000   Code   RO         3102    .ARM.Collect$$$$0000000D  mc_w.l(entry10a.o)
    0x08000410   0x08000410   0x00000000   Code   RO         3104    .ARM.Collect$$$$0000000F  mc_w.l(entry11a.o)
    0x08000410   0x08000410   0x00000004   Code   RO         3093    .ARM.Collect$$$$00002714  mc_w.l(entry4.o)
    0x08000414   0x08000414   0x00000024   Code   RO         1727    .text               startup_mm32f3277g.o
    0x08000438   0x08000438   0x00000024   Code   RO         2682    .text               mc_w.l(memcpya.o)
    0x0800045c   0x0800045c   0x00000024   Code   RO         2684    .text               mc_w.l(memseta.o)
    0x08000480   0x08000480   0x0000000e   Code   RO         2692    .text               mc_w.l(strlen.o)
    0x0800048e   0x0800048e   0x0000001a   Code   RO         2696    .text               mc_w.l(memcmp.o)
    0x080004a8   0x080004a8   0x00000012   Code   RO         2698    .text               mc_w.l(strcpy.o)
    0x080004ba   0x080004ba   0x000000b0   Code   RO         2993    .text               mf_w.l(fadd.o)
    0x0800056a   0x0800056a   0x00000064   Code   RO         2995    .text               mf_w.l(fmul.o)
    0x080005ce   0x080005ce   0x0000007c   Code   RO         2997    .text               mf_w.l(fdiv.o)
    0x0800064a   0x0800064a   0x0000014e   Code   RO         2999    .text               mf_w.l(dadd.o)
    0x08000798   0x08000798   0x000000e4   Code   RO         3001    .text               mf_w.l(dmul.o)
    0x0800087c   0x0800087c   0x000000de   Code   RO         3003    .text               mf_w.l(ddiv.o)
    0x0800095a   0x0800095a   0x0000001c   Code   RO         3005    .text               mf_w.l(fcmple.o)
    0x08000976   0x08000976   0x0000001c   Code   RO         3007    .text               mf_w.l(fcmplt.o)
    0x08000992   0x08000992   0x0000001c   Code   RO         3009    .text               mf_w.l(fcmpge.o)
    0x080009ae   0x080009ae   0x0000001c   Code   RO         3011    .text               mf_w.l(fcmpgt.o)
    0x080009ca   0x080009ca   0x0000001c   Code   RO         3013    .text               mf_w.l(fcmpeq.o)
    0x080009e6   0x080009e6   0x00000036   Code   RO         3015    .text               mf_w.l(dcmplt.o)
    0x08000a1c   0x08000a1c   0x00000036   Code   RO         3019    .text               mf_w.l(dcmpgt.o)
    0x08000a52   0x08000a52   0x00000012   Code   RO         3023    .text               mf_w.l(fflti.o)
    0x08000a64   0x08000a64   0x0000000a   Code   RO         3025    .text               mf_w.l(ffltui.o)
    0x08000a6e   0x08000a6e   0x00000022   Code   RO         3027    .text               mf_w.l(dflti.o)
    0x08000a90   0x08000a90   0x0000001a   Code   RO         3029    .text               mf_w.l(dfltui.o)
    0x08000aaa   0x08000aaa   0x00000032   Code   RO         3031    .text               mf_w.l(ffixi.o)
    0x08000adc   0x08000adc   0x0000003e   Code   RO         3033    .text               mf_w.l(dfixi.o)
    0x08000b1a   0x08000b1a   0x00000032   Code   RO         3035    .text               mf_w.l(dfixui.o)
    0x08000b4c   0x08000b4c   0x00000026   Code   RO         3037    .text               mf_w.l(f2d.o)
    0x08000b72   0x08000b72   0x00000038   Code   RO         3039    .text               mf_w.l(d2f.o)
    0x08000baa   0x08000baa   0x0000002c   Code   RO         3116    .text               mc_w.l(uidiv.o)
    0x08000bd6   0x08000bd6   0x0000001e   Code   RO         3120    .text               mc_w.l(llshl.o)
    0x08000bf4   0x08000bf4   0x00000020   Code   RO         3122    .text               mc_w.l(llushr.o)
    0x08000c14   0x08000c14   0x00000024   Code   RO         3124    .text               mc_w.l(llsshr.o)
    0x08000c38   0x08000c38   0x00000000   Code   RO         3135    .text               mc_w.l(iusefp.o)
    0x08000c38   0x08000c38   0x0000006e   Code   RO         3136    .text               mf_w.l(fepilogue.o)
    0x08000ca6   0x08000ca6   0x000000ba   Code   RO         3142    .text               mf_w.l(depilogue.o)
    0x08000d60   0x08000d60   0x00000030   Code   RO         3154    .text               mc_w.l(init.o)
    0x08000d90   0x08000d90   0x00000056   Code   RO         3164    .text               mc_w.l(__dczerorl2.o)
    0x08000de6   0x08000de6   0x00000002   PAD
    0x08000de8   0x08000de8   0x0000001a   Code   RO           65    .text.DMA1_Channel1_IRQHandler  isr.o
    0x08000e02   0x08000e02   0x00000002   PAD
    0x08000e04   0x08000e04   0x0000001a   Code   RO           67    .text.DMA1_Channel2_IRQHandler  isr.o
    0x08000e1e   0x08000e1e   0x00000002   PAD
    0x08000e20   0x08000e20   0x0000001a   Code   RO           69    .text.DMA1_Channel3_IRQHandler  isr.o
    0x08000e3a   0x08000e3a   0x00000002   PAD
    0x08000e3c   0x08000e3c   0x00000028   Code   RO           71    .text.DMA1_Channel4_IRQHandler  isr.o
    0x08000e64   0x08000e64   0x0000001a   Code   RO           73    .text.DMA1_Channel5_IRQHandler  isr.o
    0x08000e7e   0x08000e7e   0x00000002   PAD
    0x08000e80   0x08000e80   0x0000001a   Code   RO           75    .text.DMA1_Channel6_IRQHandler  isr.o
    0x08000e9a   0x08000e9a   0x00000002   PAD
    0x08000e9c   0x08000e9c   0x0000001a   Code   RO           77    .text.DMA1_Channel7_IRQHandler  isr.o
    0x08000eb6   0x08000eb6   0x00000002   PAD
    0x08000eb8   0x08000eb8   0x0000001c   Code   RO           79    .text.DMA2_Channel1_IRQHandler  isr.o
    0x08000ed4   0x08000ed4   0x0000001c   Code   RO           81    .text.DMA2_Channel2_IRQHandler  isr.o
    0x08000ef0   0x08000ef0   0x0000001c   Code   RO           83    .text.DMA2_Channel3_IRQHandler  isr.o
    0x08000f0c   0x08000f0c   0x0000001c   Code   RO           85    .text.DMA2_Channel4_IRQHandler  isr.o
    0x08000f28   0x08000f28   0x0000001c   Code   RO           87    .text.DMA2_Channel5_IRQHandler  isr.o
    0x08000f44   0x08000f44   0x00000012   Code   RO           51    .text.EXTI0_IRQHandler  isr.o
    0x08000f56   0x08000f56   0x00000002   PAD
    0x08000f58   0x08000f58   0x0000006a   Code   RO           63    .text.EXTI15_10_IRQHandler  isr.o
    0x08000fc2   0x08000fc2   0x00000002   PAD
    0x08000fc4   0x08000fc4   0x00000012   Code   RO           53    .text.EXTI1_IRQHandler  isr.o
    0x08000fd6   0x08000fd6   0x00000002   PAD
    0x08000fd8   0x08000fd8   0x00000012   Code   RO           55    .text.EXTI2_IRQHandler  isr.o
    0x08000fea   0x08000fea   0x00000002   PAD
    0x08000fec   0x08000fec   0x00000012   Code   RO           57    .text.EXTI3_IRQHandler  isr.o
    0x08000ffe   0x08000ffe   0x00000002   PAD
    0x08001000   0x08001000   0x00000018   Code   RO           59    .text.EXTI4_IRQHandler  isr.o
    0x08001018   0x08001018   0x00000060   Code   RO           61    .text.EXTI9_5_IRQHandler  isr.o
    0x08001078   0x08001078   0x0000013c   Code   RO          162    .text.FUN_INIT      auto_menu.o
    0x080011b4   0x080011b4   0x00000002   Code   RO          154    .text.NULL_FUN      auto_menu.o
    0x080011b6   0x080011b6   0x00000002   PAD
    0x080011b8   0x080011b8   0x0000000c   Code   RO         1719    .text.SystemInit    system_mm32f3277g.o
    0x080011c4   0x080011c4   0x00000014   Code   RO           19    .text.TIM1_UP_IRQHandler  isr.o
    0x080011d8   0x080011d8   0x00000012   Code   RO           21    .text.TIM2_IRQHandler  isr.o
    0x080011ea   0x080011ea   0x00000002   PAD
    0x080011ec   0x080011ec   0x00000014   Code   RO           23    .text.TIM3_IRQHandler  isr.o
    0x08001200   0x08001200   0x00000014   Code   RO           25    .text.TIM4_IRQHandler  isr.o
    0x08001214   0x08001214   0x00000014   Code   RO           27    .text.TIM5_IRQHandler  isr.o
    0x08001228   0x08001228   0x0000001a   Code   RO           29    .text.TIM6_IRQHandler  isr.o
    0x08001242   0x08001242   0x00000002   PAD
    0x08001244   0x08001244   0x0000001a   Code   RO           31    .text.TIM7_IRQHandler  isr.o
    0x0800125e   0x0800125e   0x00000002   PAD
    0x08001260   0x08001260   0x0000001a   Code   RO           33    .text.TIM8_UP_IRQHandler  isr.o
    0x0800127a   0x0800127a   0x00000002   PAD
    0x0800127c   0x0800127c   0x0000002c   Code   RO           35    .text.UART1_IRQHandler  isr.o
    0x080012a8   0x080012a8   0x00000032   Code   RO           37    .text.UART2_IRQHandler  isr.o
    0x080012da   0x080012da   0x00000002   PAD
    0x080012dc   0x080012dc   0x0000002c   Code   RO           39    .text.UART3_IRQHandler  isr.o
    0x08001308   0x08001308   0x0000002c   Code   RO           41    .text.UART4_IRQHandler  isr.o
    0x08001334   0x08001334   0x0000002c   Code   RO           43    .text.UART5_IRQHandler  isr.o
    0x08001360   0x08001360   0x0000003a   Code   RO           45    .text.UART6_IRQHandler  isr.o
    0x0800139a   0x0800139a   0x00000002   PAD
    0x0800139c   0x0800139c   0x0000002c   Code   RO           47    .text.UART7_IRQHandler  isr.o
    0x080013c8   0x080013c8   0x0000003a   Code   RO           49    .text.UART8_IRQHandler  isr.o
    0x08001402   0x08001402   0x00000002   PAD
    0x08001404   0x08001404   0x0000012c   Code   RO          160    .text.UNIT_SET      auto_menu.o
    0x08001530   0x08001530   0x00000046   Code   RO          573    .text.adc_convert   zf_driver_adc.o
    0x08001576   0x08001576   0x00000002   PAD
    0x08001578   0x08001578   0x0000007e   Code   RO          686    .text.afio_init     zf_driver_gpio.o
    0x080015f6   0x080015f6   0x00000002   PAD
    0x080015f8   0x080015f8   0x00000146   Code   RO          118    .text.assist_menu   auto_menu.o
    0x0800173e   0x0800173e   0x00000002   PAD
    0x08001740   0x08001740   0x0000000c   Code   RO          391    .text.beep_init     beep.o
    0x0800174c   0x0800174c   0x00000008   Code   RO          397    .text.beep_off      beep.o
    0x08001754   0x08001754   0x00000008   Code   RO          395    .text.beep_on       beep.o
    0x0800175c   0x0800175c   0x000001ec   Code   RO          216    .text.button_entry  key.o
    0x08001948   0x08001948   0x00000018   Code   RO         1063    .text.camera_fifo_init  zf_device_camera.o
    0x08001960   0x08001960   0x0000005e   Code   RO         1065    .text.camera_init   zf_device_camera.o
    0x080019be   0x080019be   0x00000002   PAD
    0x080019c0   0x080019c0   0x000001c0   Code   RO          116    .text.center_menu   auto_menu.o
    0x08001b80   0x08001b80   0x00000208   Code   RO          120    .text.change_value  auto_menu.o
    0x08001d88   0x08001d88   0x00000060   Code   RO          134    .text.circle        auto_menu.o
    0x08001de8   0x08001de8   0x00000228   Code   RO          428    .text.clock_init    zf_common_clock.o
    0x08002010   0x08002010   0x000000a2   Code   RO           96    .text.dad_name_init  auto_menu.o
    0x080020b2   0x080020b2   0x00000002   PAD
    0x080020b4   0x080020b4   0x000000f8   Code   RO          446    .text.debug_assert_handler  zf_common_debug.o
    0x080021ac   0x080021ac   0x0000007e   Code   RO          456    .text.debug_init    zf_common_debug.o
    0x0800222a   0x0800222a   0x00000002   PAD
    0x0800222c   0x0800222c   0x00000030   Code   RO          450    .text.debug_log_handler  zf_common_debug.o
    0x0800225c   0x0800225c   0x00000340   Code   RO          448    .text.debug_output  zf_common_debug.o
    0x0800259c   0x0800259c   0x00000062   Code   RO          454    .text.debug_output_init  zf_common_debug.o
    0x080025fe   0x080025fe   0x00000002   PAD
    0x08002600   0x08002600   0x00000016   Code   RO          452    .text.debug_output_struct_init  zf_common_debug.o
    0x08002616   0x08002616   0x00000002   PAD
    0x08002618   0x08002618   0x00000008   Code   RO          458    .text.debug_uart_str_output  zf_common_debug.o
    0x08002620   0x08002620   0x0000008a   Code   RO         1079    .text.dl1a_get_distance  zf_device_dl1a.o
    0x080026aa   0x080026aa   0x00000002   PAD
    0x080026ac   0x080026ac   0x00000004   Code   RO         1081    .text.dl1a_int_handler  zf_device_dl1a.o
    0x080026b0   0x080026b0   0x0000002a   Code   RO         1103    .text.dm1xa_light_callback  zf_device_dm1xa.o
    0x080026da   0x080026da   0x00000002   PAD
    0x080026dc   0x080026dc   0x000000c6   Code   RO         1101    .text.dm1xa_sound_callback  zf_device_dm1xa.o
    0x080027a2   0x080027a2   0x00000002   PAD
    0x080027a4   0x080027a4   0x0000008c   Code   RO          609    .text.dma_camera_init  zf_driver_dma.o
    0x08002830   0x08002830   0x00000026   Code   RO          607    .text.dma_disable   zf_driver_dma.o
    0x08002856   0x08002856   0x00000002   PAD
    0x08002858   0x08002858   0x00000026   Code   RO          605    .text.dma_enable    zf_driver_dma.o
    0x0800287e   0x0800287e   0x00000002   PAD
    0x08002880   0x08002880   0x00000020   Code   RO          603    .text.dma_set_count  zf_driver_dma.o
    0x080028a0   0x080028a0   0x00000040   Code   RO          622    .text.encoder_clear_count  zf_driver_encoder.o
    0x080028e0   0x080028e0   0x00000068   Code   RO          620    .text.encoder_get_count  zf_driver_encoder.o
    0x08002948   0x08002948   0x00000022   Code   RO          276    .text.encoder_init  encoder.o
    0x0800296a   0x0800296a   0x00000002   PAD
    0x0800296c   0x0800296c   0x000000e0   Code   RO          624    .text.encoder_quad_init  zf_driver_encoder.o
    0x08002a4c   0x08002a4c   0x00000148   Code   RO          642    .text.exti_init     zf_driver_exti.o
    0x08002b94   0x08002b94   0x0000005c   Code   RO          480    .text.fifo_clear    zf_common_fifo.o
    0x08002bf0   0x08002bf0   0x0000003e   Code   RO          494    .text.fifo_init     zf_common_fifo.o
    0x08002c2e   0x08002c2e   0x00000002   PAD
    0x08002c30   0x08002c30   0x00000144   Code   RO          490    .text.fifo_read_buffer  zf_common_fifo.o
    0x08002d74   0x08002d74   0x00000020   Code   RO          482    .text.fifo_used     zf_common_fifo.o
    0x08002d94   0x08002d94   0x000001c2   Code   RO          486    .text.fifo_write_buffer  zf_common_fifo.o
    0x08002f56   0x08002f56   0x00000002   PAD
    0x08002f58   0x08002f58   0x0000007a   Code   RO          484    .text.fifo_write_element  zf_common_fifo.o
    0x08002fd2   0x08002fd2   0x00000002   PAD
    0x08002fd4   0x08002fd4   0x0000001c   Code   RO          438    .text.fputc         zf_common_debug.o
    0x08002ff0   0x08002ff0   0x000000e6   Code   RO          108    .text.fun_init      auto_menu.o
    0x080030d6   0x080030d6   0x00000002   PAD
    0x080030d8   0x080030d8   0x0000014a   Code   RO          531    .text.func_float_to_str  zf_common_function.o
    0x08003222   0x08003222   0x00000002   PAD
    0x08003224   0x08003224   0x00000018   Code   RO          517    .text.func_get_greatest_common_divisor  zf_common_function.o
    0x0800323c   0x0800323c   0x0000009e   Code   RO          523    .text.func_int_to_str  zf_common_function.o
    0x080032da   0x080032da   0x00000002   PAD
    0x080032dc   0x080032dc   0x00000082   Code   RO          527    .text.func_uint_to_str  zf_common_function.o
    0x0800335e   0x0800335e   0x00000002   PAD
    0x08003360   0x08003360   0x0000006a   Code   RO          142    .text.get_store_1   auto_menu.o
    0x080033ca   0x080033ca   0x00000002   PAD
    0x080033cc   0x080033cc   0x00000066   Code   RO          146    .text.get_store_2   auto_menu.o
    0x08003432   0x08003432   0x00000002   PAD
    0x08003434   0x08003434   0x00000020   Code   RO          678    .text.gpio_get_level  zf_driver_gpio.o
    0x08003454   0x08003454   0x0000008a   Code   RO          684    .text.gpio_init     zf_driver_gpio.o
    0x080034de   0x080034de   0x00000002   PAD
    0x080034e0   0x080034e0   0x0000002c   Code   RO          676    .text.gpio_set_level  zf_driver_gpio.o
    0x0800350c   0x0800350c   0x0000002c   Code   RO          680    .text.gpio_toggle_level  zf_driver_gpio.o
    0x08003538   0x08003538   0x000000f4   Code   RO         1129    .text.gps_uart_callback  zf_device_gps_tau1201.o
    0x0800362c   0x0800362c   0x00000150   Code   RO          308    .text.image_calculate_mid  image.o
    0x0800377c   0x0800377c   0x00000364   Code   RO          306    .text.image_circle_analysis  image.o
    0x08003ae0   0x08003ae0   0x00000070   Code   RO          298    .text.image_connect_point  image.o
    0x08003b50   0x08003b50   0x00000322   Code   RO          302    .text.image_cross_analysis  image.o
    0x08003e72   0x08003e72   0x00000002   PAD
    0x08003e74   0x08003e74   0x0000009a   Code   RO          312    .text.image_display_edge_line  image.o
    0x08003f0e   0x08003f0e   0x00000002   PAD
    0x08003f10   0x08003f10   0x000002ba   Code   RO          318    .text.image_process  image.o
    0x080041ca   0x080041ca   0x00000002   PAD
    0x080041cc   0x080041cc   0x000000f6   Code   RO          300    .text.image_stretch_point  image.o
    0x080042c2   0x080042c2   0x00000002   PAD
    0x080042c4   0x080042c4   0x0000005c   Code   RO         1208    .text.imu963ra_get_gyro  zf_device_imu963ra.o
    0x08004320   0x08004320   0x00000488   Code   RO         1212    .text.imu963ra_init  zf_device_imu963ra.o
    0x080047a8   0x080047a8   0x000000f4   Code   RO         1214    .text.imu963ra_write_mag_register  zf_device_imu963ra.o
    0x0800489c   0x0800489c   0x00000028   Code   RO          558    .text.interrupt_disable  zf_common_interrupt.o
    0x080048c4   0x080048c4   0x00000020   Code   RO          556    .text.interrupt_enable  zf_common_interrupt.o
    0x080048e4   0x080048e4   0x00000016   Code   RO          554    .text.interrupt_global_disable  zf_common_interrupt.o
    0x080048fa   0x080048fa   0x00000002   PAD
    0x080048fc   0x080048fc   0x0000001c   Code   RO          562    .text.interrupt_init  zf_common_interrupt.o
    0x08004918   0x08004918   0x00000022   Code   RO          560    .text.interrupt_set_priority  zf_common_interrupt.o
    0x0800493a   0x0800493a   0x00000002   PAD
    0x0800493c   0x0800493c   0x00000118   Code   RO         1288    .text.ips200_clear  zf_device_ips200.o
    0x08004a54   0x08004a54   0x00000104   Code   RO         1300    .text.ips200_draw_point  zf_device_ips200.o
    0x08004b58   0x08004b58   0x00001386   Code   RO         1324    .text.ips200_init   zf_device_ips200.o
    0x08005ede   0x08005ede   0x00000002   PAD
    0x08005ee0   0x08005ee0   0x00000354   Code   RO         1290    .text.ips200_set_region  zf_device_ips200.o
    0x08006234   0x08006234   0x000002de   Code   RO         1304    .text.ips200_show_char  zf_device_ips200.o
    0x08006512   0x08006512   0x00000002   PAD
    0x08006514   0x08006514   0x00000130   Code   RO         1312    .text.ips200_show_float  zf_device_ips200.o
    0x08006644   0x08006644   0x00000216   Code   RO         1316    .text.ips200_show_gray_image  zf_device_ips200.o
    0x0800685a   0x0800685a   0x00000002   PAD
    0x0800685c   0x0800685c   0x000000d8   Code   RO         1308    .text.ips200_show_int  zf_device_ips200.o
    0x08006934   0x08006934   0x000000a6   Code   RO         1306    .text.ips200_show_string  zf_device_ips200.o
    0x080069da   0x080069da   0x00000002   PAD
    0x080069dc   0x080069dc   0x000000d8   Code   RO         1310    .text.ips200_show_uint  zf_device_ips200.o
    0x08006ab4   0x08006ab4   0x00000036   Code   RO          218    .text.key_into      key.o
    0x08006aea   0x08006aea   0x00000002   PAD
    0x08006aec   0x08006aec   0x00000098   Code   RO            4    .text.main          main.o
    0x08006b84   0x08006b84   0x000000c2   Code   RO          130    .text.menu_init     auto_menu.o
    0x08006c46   0x08006c46   0x00000002   PAD
    0x08006c48   0x08006c48   0x00000042   Code   RO          246    .text.motor_init    motor.o
    0x08006c8a   0x08006c8a   0x00000002   PAD
    0x08006c8c   0x08006c8c   0x000000cc   Code   RO          256    .text.motor_process  motor.o
    0x08006d58   0x08006d58   0x000002e2   Code   RO          252    .text.motor_setspeed  motor.o
    0x0800703a   0x0800703a   0x00000002   PAD
    0x0800703c   0x0800703c   0x00000016   Code   RO         1396    .text.mt9v03x_dma_handler  zf_device_mt9v03x.o
    0x08007052   0x08007052   0x00000002   PAD
    0x08007054   0x08007054   0x000002f8   Code   RO         1402    .text.mt9v03x_init  zf_device_mt9v03x.o
    0x0800734c   0x0800734c   0x0000003c   Code   RO         2627    .text.mt9v03x_read_word_sccb  zf_device_config.lib(zf_device_config.o)
    0x08007388   0x08007388   0x000009ae   Code   RO         2623    .text.mt9v03x_set_config_sccb  zf_device_config.lib(zf_device_config.o)
    0x08007d36   0x08007d36   0x00000002   PAD
    0x08007d38   0x08007d38   0x0000003c   Code   RO         1398    .text.mt9v03x_uart_handler  zf_device_mt9v03x.o
    0x08007d74   0x08007d74   0x00000032   Code   RO         1394    .text.mt9v03x_vsync_handler  zf_device_mt9v03x.o
    0x08007da6   0x08007da6   0x00000002   PAD
    0x08007da8   0x08007da8   0x00000032   Code   RO         2625    .text.mt9v03x_write_word_sccb  zf_device_config.lib(zf_device_config.o)
    0x08007dda   0x08007dda   0x00000002   PAD
    0x08007ddc   0x08007ddc   0x000000f2   Code   RO          355    .text.pid_increment  pid.o
    0x08007ece   0x08007ece   0x00000002   PAD
    0x08007ed0   0x08007ed0   0x000000b4   Code   RO          357    .text.pid_positional  pid.o
    0x08007f84   0x08007f84   0x00000042   Code   RO            6    .text.pit6_handler  main.o
    0x08007fc6   0x08007fc6   0x00000002   PAD
    0x08007fc8   0x08007fc8   0x00000072   Code   RO            8    .text.pit7_handler  main.o
    0x0800803a   0x0800803a   0x00000002   PAD
    0x0800803c   0x0800803c   0x000000c8   Code   RO          754    .text.pit_init      zf_driver_pit.o
    0x08008104   0x08008104   0x00000188   Code   RO          767    .text.pwm_init      zf_driver_pwm.o
    0x0800828c   0x0800828c   0x000000cc   Code   RO          765    .text.pwm_set_duty  zf_driver_pwm.o
    0x08008358   0x08008358   0x000002c8   Code   RO          290    .text.search_line   image.o
    0x08008620   0x08008620   0x00000060   Code   RO          132    .text.servo         auto_menu.o
    0x08008680   0x08008680   0x00000164   Code   RO          373    .text.servo_control  servo.o
    0x080087e4   0x080087e4   0x00000010   Code   RO          367    .text.servo_init    servo.o
    0x080087f4   0x080087f4   0x00000094   Code   RO          375    .text.servo_process  servo.o
    0x08008888   0x08008888   0x00000046   Code   RO         1607    .text.set_camera_type  zf_device_type.o
    0x080088ce   0x080088ce   0x00000002   PAD
    0x080088d0   0x080088d0   0x00000024   Code   RO         1609    .text.set_wireless_type  zf_device_type.o
    0x080088f4   0x080088f4   0x000000b4   Code   RO          156    .text.show_image    auto_menu.o
    0x080089a8   0x080089a8   0x00000104   Code   RO          128    .text.show_process  auto_menu.o
    0x08008aac   0x08008aac   0x00000068   Code   RO          136    .text.slow_down     auto_menu.o
    0x08008b14   0x08008b14   0x00000060   Code   RO          852    .text.soft_iic_init  zf_driver_soft_iic.o
    0x08008b74   0x08008b74   0x00000088   Code   RO          838    .text.soft_iic_read_8bit_registers  zf_driver_soft_iic.o
    0x08008bfc   0x08008bfc   0x00000170   Code   RO          828    .text.soft_iic_read_data  zf_driver_soft_iic.o
    0x08008d6c   0x08008d6c   0x00000064   Code   RO          850    .text.soft_iic_sccb_read_register  zf_driver_soft_iic.o
    0x08008dd0   0x08008dd0   0x0000004a   Code   RO          848    .text.soft_iic_sccb_write_register  zf_driver_soft_iic.o
    0x08008e1a   0x08008e1a   0x00000002   PAD
    0x08008e1c   0x08008e1c   0x00000130   Code   RO          808    .text.soft_iic_send_data  zf_driver_soft_iic.o
    0x08008f4c   0x08008f4c   0x0000008e   Code   RO          806    .text.soft_iic_start  zf_driver_soft_iic.o
    0x08008fda   0x08008fda   0x00000002   PAD
    0x08008fdc   0x08008fdc   0x0000008e   Code   RO          810    .text.soft_iic_stop  zf_driver_soft_iic.o
    0x0800906a   0x0800906a   0x00000002   PAD
    0x0800906c   0x0800906c   0x0000004a   Code   RO          818    .text.soft_iic_write_8bit_register  zf_driver_soft_iic.o
    0x080090b6   0x080090b6   0x00000002   PAD
    0x080090b8   0x080090b8   0x0000006c   Code   RO          138    .text.speed_policy  auto_menu.o
    0x08009124   0x08009124   0x000001b8   Code   RO          950    .text.spi_init      zf_driver_spi.o
    0x080092dc   0x080092dc   0x00000048   Code   RO          938    .text.spi_read_8bit_register  zf_driver_spi.o
    0x08009324   0x08009324   0x00000078   Code   RO          940    .text.spi_read_8bit_registers  zf_driver_spi.o
    0x0800939c   0x0800939c   0x0000003c   Code   RO          918    .text.spi_write_16bit  zf_driver_spi.o
    0x080093d8   0x080093d8   0x00000030   Code   RO          914    .text.spi_write_8bit  zf_driver_spi.o
    0x08009408   0x08009408   0x00000038   Code   RO          922    .text.spi_write_8bit_register  zf_driver_spi.o
    0x08009440   0x08009440   0x0000004c   Code   RO          158    .text.start         auto_menu.o
    0x0800948c   0x0800948c   0x000000b4   Code   RO          140    .text.store_1_200   auto_menu.o
    0x08009540   0x08009540   0x000000dc   Code   RO          144    .text.store_2_250   auto_menu.o
    0x0800961c   0x0800961c   0x000000dc   Code   RO          148    .text.store_3_300   auto_menu.o
    0x080096f8   0x080096f8   0x000000e0   Code   RO          150    .text.store_4_350   auto_menu.o
    0x080097d8   0x080097d8   0x000000e0   Code   RO          152    .text.store_5_400   auto_menu.o
    0x080098b8   0x080098b8   0x0000006c   Code   RO          590    .text.system_delay_ms  zf_driver_delay.o
    0x08009924   0x08009924   0x0000004c   Code   RO          972    .text.timer_clear   zf_driver_timer.o
    0x08009970   0x08009970   0x000000aa   Code   RO          964    .text.timer_clock_enable  zf_driver_timer.o
    0x08009a1a   0x08009a1a   0x00000002   PAD
    0x08009a1c   0x08009a1c   0x0000016a   Code   RO          976    .text.timer_etr_init  zf_driver_timer.o
    0x08009b86   0x08009b86   0x00000002   PAD
    0x08009b88   0x08009b88   0x0000001e   Code   RO          962    .text.timer_funciton_check  zf_driver_timer.o
    0x08009ba6   0x08009ba6   0x00000002   PAD
    0x08009ba8   0x08009ba8   0x0000005e   Code   RO          970    .text.timer_get     zf_driver_timer.o
    0x08009c06   0x08009c06   0x00000002   PAD
    0x08009c08   0x08009c08   0x000000a2   Code   RO         1588    .text.tsl1401_collect_pit_handler  zf_device_tsl1401.o
    0x08009caa   0x08009caa   0x00000002   PAD
    0x08009cac   0x08009cac   0x00000002   Code   RO         1605    .text.type_default_callback  zf_device_type.o
    0x08009cae   0x08009cae   0x00000002   PAD
    0x08009cb0   0x08009cb0   0x000001b4   Code   RO         1003    .text.uart_init     zf_driver_uart.o
    0x08009e64   0x08009e64   0x0000003a   Code   RO          997    .text.uart_query_byte  zf_driver_uart.o
    0x08009e9e   0x08009e9e   0x00000002   PAD
    0x08009ea0   0x08009ea0   0x00000060   Code   RO         1001    .text.uart_rx_interrupt  zf_driver_uart.o
    0x08009f00   0x08009f00   0x00000048   Code   RO          991    .text.uart_write_buffer  zf_driver_uart.o
    0x08009f48   0x08009f48   0x00000018   Code   RO          989    .text.uart_write_byte  zf_driver_uart.o
    0x08009f60   0x08009f60   0x00000048   Code   RO          993    .text.uart_write_string  zf_driver_uart.o
    0x08009fa8   0x08009fa8   0x00000266   Code   RO          106    .text.unit_param_set  auto_menu.o
    0x0800a20e   0x0800a20e   0x00000002   PAD
    0x0800a210   0x0800a210   0x00000064   Code   RO         1701    .text.wireless_uart_callback  zf_device_wireless_uart.o
    0x0800a274   0x0800a274   0x000000fa   Code   RO         1703    .text.wireless_uart_init  zf_device_wireless_uart.o
    0x0800a36e   0x0800a36e   0x00000002   PAD
    0x0800a370   0x0800a370   0x00000020   Code   RO         2793    i.__0printf$3       mc_w.l(printf3.o)
    0x0800a390   0x0800a390   0x00000028   Code   RO         2795    i.__0sprintf$3      mc_w.l(printf3.o)
    0x0800a3b8   0x0800a3b8   0x00000050   Code   RO         2965    i.__free$2region    mc_w.l(malloc2.o)
    0x0800a408   0x0800a408   0x0000006c   Code   RO         2966    i.__malloc$2region  mc_w.l(malloc2.o)
    0x0800a474   0x0800a474   0x0000000e   Code   RO         3158    i.__scatterload_copy  mc_w.l(handlers.o)
    0x0800a482   0x0800a482   0x00000002   Code   RO         3159    i.__scatterload_null  mc_w.l(handlers.o)
    0x0800a484   0x0800a484   0x0000000e   Code   RO         3160    i.__scatterload_zeroinit  mc_w.l(handlers.o)
    0x0800a492   0x0800a492   0x00000002   PAD
    0x0800a494   0x0800a494   0x000001b8   Code   RO         2800    i._printf_core      mc_w.l(printf3.o)
    0x0800a64c   0x0800a64c   0x0000000a   Code   RO         2802    i._sputc            mc_w.l(printf3.o)
    0x0800a656   0x0800a656   0x00000002   PAD
    0x0800a658   0x0800a658   0x000000ac   Data   RO          470    .rodata..L__const.debug_protective_handler.pin_list  zf_common_debug.o
    0x0800a704   0x0800a704   0x00000228   Data   RO          506    .rodata.ascii_font_6x8  zf_common_font.o
    0x0800a92c   0x0800a92c   0x000005f0   Data   RO          505    .rodata.ascii_font_8x16  zf_common_font.o
    0x0800af1c   0x0800af1c   0x00000020   Data   RO         1005    .rodata.cst32       zf_driver_uart.o
    0x0800af3c   0x0800af3c   0x00000008   Data   RO          579    .rodata.cst8        zf_driver_adc.o
    0x0800af44   0x0800af44   0x00000008   Data   RO          611    .rodata.cst8        zf_driver_dma.o
    0x0800af4c   0x0800af4c   0x00000008   Data   RO          952    .rodata.cst8        zf_driver_spi.o
    0x0800af54   0x0800af54   0x00000008   Data   RO         1008    .rodata.cst8        zf_driver_uart.o
    0x0800af5c   0x0800af5c   0x00000015   Data   RO          171    .rodata.str1.1      auto_menu.o
    0x0800af71   0x0800af71   0x00000009   Data   RO          471    .rodata.str1.1      zf_common_debug.o
    0x0800af7a   0x0800af7a   0x0000002b   Data   RO          496    .rodata.str1.1      zf_common_fifo.o
    0x0800afa5   0x0800afa5   0x0000002f   Data   RO          543    .rodata.str1.1      zf_common_function.o
    0x0800afd4   0x0800afd4   0x0000002c   Data   RO          594    .rodata.str1.1      zf_driver_delay.o
    0x0800b000   0x0800b000   0x0000002e   Data   RO          629    .rodata.str1.1      zf_driver_encoder.o
    0x0800b02e   0x0800b02e   0x0000002a   Data   RO          756    .rodata.str1.1      zf_driver_pit.o
    0x0800b058   0x0800b058   0x0000002a   Data   RO          769    .rodata.str1.1      zf_driver_pwm.o
    0x0800b082   0x0800b082   0x0000002f   Data   RO          854    .rodata.str1.1      zf_driver_soft_iic.o
    0x0800b0b1   0x0800b0b1   0x0000002a   Data   RO          953    .rodata.str1.1      zf_driver_spi.o
    0x0800b0db   0x0800b0db   0x0000002c   Data   RO          980    .rodata.str1.1      zf_driver_timer.o
    0x0800b107   0x0800b107   0x0000002b   Data   RO         1006    .rodata.str1.1      zf_driver_uart.o
    0x0800b132   0x0800b132   0x0000002f   Data   RO         1226    .rodata.str1.1      zf_device_imu963ra.o
    0x0800b161   0x0800b161   0x0000002d   Data   RO         1333    .rodata.str1.1      zf_device_ips200.o
    0x0800b18e   0x0800b18e   0x0000002e   Data   RO         1408    .rodata.str1.1      zf_device_mt9v03x.o
    0x0800b1bc   0x0800b1bc   0x00000020   Data   RO         3157    Region$$Table       anon$$obj.o


    Execution Region RW_m_data (Exec base: 0x20000000, Load base: 0x0800b1dc, Size: 0x0000d260, Max: 0x0001dc00, ABSOLUTE, COMPRESSED[0x0000013c])

    Exec Addr    Load Addr    Size         Type   Attr      Idx    E Section Name        Object

    0x20000000   COMPRESSED   0x00000004   Data   RW         3106    .data               mc_w.l(stdout.o)
    0x20000004   COMPRESSED   0x00000004   Data   RW         3126    .data               mc_w.l(mvars.o)
    0x20000008   COMPRESSED   0x00000004   Data   RW         3127    .data               mc_w.l(mvars.o)
    0x2000000c   COMPRESSED   0x00000001   Data   RW          170    .data.DAD_NUM       auto_menu.o
    0x2000000d   COMPRESSED   0x00000001   Data   RW          183    .data.begin_menu_flag  auto_menu.o
    0x2000000e   COMPRESSED   0x00000002   PAD
    0x20000010   COMPRESSED   0x00000004   Data   RW         1614    .data.camera_dma_handler  zf_device_type.o
    0x20000014   COMPRESSED   0x00000004   Data   RW         1612    .data.camera_uart_handler  zf_device_type.o
    0x20000018   COMPRESSED   0x00000004   Data   RW         1613    .data.camera_vsync_handler  zf_device_type.o
    0x2000001c   COMPRESSED   0x00000004   Data   RW          194    .data.dif_speed_reduce  auto_menu.o
    0x20000020   COMPRESSED   0x00000002   Data   RW         1090    .data.dl1a_distance_mm  zf_device_dl1a.o
    0x20000022   COMPRESSED   0x00000002   Data   RW         1114    .data.dm1xa_distance_mm  zf_device_dm1xa.o
    0x20000024   COMPRESSED   0x00000008   Data   RW          628    .data.encoder_dir_pin  zf_driver_encoder.o
    0x2000002c   COMPRESSED   0x00000020   Data   RW          688    .data.gpio_group    zf_driver_gpio.o
    0x2000004c   COMPRESSED   0x0000000c   Data   RW         1225    .data.imu963ra_transition_factor  zf_device_imu963ra.o
    0x20000058   COMPRESSED   0x00000002   Data   RW         1329    .data.ips200_bgcolor  zf_device_ips200.o
    0x2000005a   COMPRESSED   0x00000001   Data   RW         1331    .data.ips200_display_font  zf_device_ips200.o
    0x2000005b   COMPRESSED   0x00000001   PAD
    0x2000005c   COMPRESSED   0x00000002   Data   RW         1332    .data.ips200_pencolor  zf_device_ips200.o
    0x2000005e   COMPRESSED   0x00000002   PAD
    0x20000060   COMPRESSED   0x00000004   Data   RW          190    .data.kd1           auto_menu.o
    0x20000064   COMPRESSED   0x00000004   Data   RW          189    .data.kp            auto_menu.o
    0x20000068   COMPRESSED   0x00000004   Data   RW          192    .data.kp_min        auto_menu.o
    0x2000006c   COMPRESSED   0x00000078   Data   RW          335    .data.mid_weight    image.o
    0x200000e4   COMPRESSED   0x00000078   Data   RW          330    .data.mid_weight_1  image.o
    0x2000015c   COMPRESSED   0x00000078   Data   RW          331    .data.mid_weight_2  image.o
    0x200001d4   COMPRESSED   0x00000078   Data   RW          332    .data.mid_weight_3  image.o
    0x2000024c   COMPRESSED   0x00000078   Data   RW          333    .data.mid_weight_4  image.o
    0x200002c4   COMPRESSED   0x00000078   Data   RW          334    .data.mid_weight_5  image.o
    0x2000033c   COMPRESSED   0x00000004   Data   RW          264    .data.motor_pid_kd  motor.o
    0x20000340   COMPRESSED   0x00000004   Data   RW          263    .data.motor_pid_ki  motor.o
    0x20000344   COMPRESSED   0x00000004   Data   RW          262    .data.motor_pid_kp  motor.o
    0x20000348   COMPRESSED   0x00000024   Data   RW         1409    .data.mt9v03x_get_confing_buffer  zf_device_mt9v03x.o
    0x2000036c   COMPRESSED   0x00000028   Data   RW         1406    .data.mt9v03x_set_confing_buffer  zf_device_mt9v03x.o
    0x20000394   COMPRESSED   0x00000001   Data   RW          339    .data.prospect      image.o
    0x20000395   COMPRESSED   0x00000001   Data   RW          325    .data.reference_contrast_ratio  image.o
    0x20000396   COMPRESSED   0x00000002   PAD
    0x20000398   COMPRESSED   0x00000004   Data   RW          379    .data.servo_pid_kd1  servo.o
    0x2000039c   COMPRESSED   0x00000004   Data   RW          377    .data.servo_pid_kp  servo.o
    0x200003a0   COMPRESSED   0x00000078   Data   RW          336    .data.single_edge_err  image.o
    0x20000418   COMPRESSED   0x00000004   Data   RW          188    .data.speed         auto_menu.o
    0x2000041c   COMPRESSED   0x00000004   Data   RW          430    .data.system_clock  zf_common_clock.o
    0x20000420   COMPRESSED   0x00000003   Data   RW         1709    .data.wireless_auto_baud_data  zf_device_wireless_uart.o
    0x20000423   COMPRESSED   0x00000001   Data   RW         1708    .data.wireless_auto_baud_flag  zf_device_wireless_uart.o
    0x20000424   COMPRESSED   0x00000004   Data   RW         1616    .data.wireless_module_uart_handler  zf_device_type.o
    0x20000428   COMPRESSED   0x00000001   Data   RW          461    .data.zf_debug_assert_enable  zf_common_debug.o
    0x20000429   COMPRESSED   0x00000003   PAD
    0x2000042c        -       0x00000004   Zero   RW          172    .bss.P_dad_head     auto_menu.o
    0x20000430        -       0x00000002   Zero   RW          580    .bss.adc_resolution  zf_driver_adc.o
    0x20000432        -       0x00000001   Zero   RW          399    .bss.beep_flag      beep.o
    0x20000433        -       0x00000001   Zero   RW          164    .bss.button1        auto_menu.o
    0x20000434        -       0x00000001   Zero   RW          165    .bss.button2        auto_menu.o
    0x20000435        -       0x00000001   Zero   RW          166    .bss.button3        auto_menu.o
    0x20000436        -       0x00000001   Zero   RW          167    .bss.button4        auto_menu.o
    0x20000437        -       0x00000001   Zero   RW          237    .bss.button_entry.long_press_button  key.o
    0x20000438        -       0x00000001   Zero   RW          236    .bss.button_entry.long_press_cnt  key.o
    0x20000439        -       0x00000008   Zero   RW         1070    .bss.camera_receiver_buffer  zf_device_camera.o
    0x20000441   COMPRESSED   0x00000003   PAD
    0x20000444        -       0x00000018   Zero   RW         1069    .bss.camera_receiver_fifo  zf_device_camera.o
    0x2000045c        -       0x00000001   Zero   RW         1611    .bss.camera_type    zf_device_type.o
    0x2000045d        -       0x00000001   Zero   RW          342    .bss.circle_flag    image.o
    0x2000045e        -       0x00000002   Zero   RW          343    .bss.circle_time    image.o
    0x20000460        -       0x00000004   Zero   RW           10    .bss.count_10ms     main.o
    0x20000464        -       0x00000001   Zero   RW          340    .bss.cross_flag     image.o
    0x20000465   COMPRESSED   0x00000003   PAD
    0x20000468        -       0x00000004   Zero   RW          184    .bss.current_operation_menu  auto_menu.o
    0x2000046c        -       0x00000001   Zero   RW          462    .bss.debug_assert_handler.assert_nest_index  zf_common_debug.o
    0x2000046d   COMPRESSED   0x00000003   PAD
    0x20000470        -       0x00000002   Zero   RW          463    .bss.debug_output_info.0  zf_common_debug.o
    0x20000472   COMPRESSED   0x00000002   PAD
    0x20000474        -       0x00000002   Zero   RW          464    .bss.debug_output_info.1  zf_common_debug.o
    0x20000476        -       0x00000001   Zero   RW          465    .bss.debug_output_info.3  zf_common_debug.o
    0x20000477   COMPRESSED   0x00000001   PAD
    0x20000478        -       0x00000001   Zero   RW          466    .bss.debug_output_info.4  zf_common_debug.o
    0x20000479   COMPRESSED   0x00000003   PAD
    0x2000047c        -       0x00000004   Zero   RW          467    .bss.debug_output_info.5  zf_common_debug.o
    0x20000480        -       0x00000004   Zero   RW          468    .bss.debug_output_info.6  zf_common_debug.o
    0x20000484        -       0x00000004   Zero   RW          469    .bss.debug_output_info.7  zf_common_debug.o
    0x20000488        -       0x00000004   Zero   RW          193    .bss.dif_speed_plus  auto_menu.o
    0x2000048c        -       0x00000001   Zero   RW          265    .bss.differential_mode  motor.o
    0x2000048d        -       0x00000001   Zero   RW         1089    .bss.dl1a_finsh_flag  zf_device_dl1a.o
    0x2000048e   COMPRESSED   0x00000002   PAD
    0x20000490        -       0x00000010   Zero   RW         1091    .bss.dl1a_iic_struct  zf_device_dl1a.o
    0x200004a0        -       0x00000004   Zero   RW         1112    .bss.dm1xa_plus_count  zf_device_dm1xa.o
    0x200004a4        -       0x00000001   Zero   RW         1113    .bss.dm1xa_ranging_state  zf_device_dm1xa.o
    0x200004a5        -       0x00000001   Zero   RW         1111    .bss.dm1xa_type     zf_device_dm1xa.o
    0x200004a6        -       0x00000002   Zero   RW          260    .bss.encoder_data_l  motor.o
    0x200004a8        -       0x00000002   Zero   RW          261    .bss.encoder_data_r  motor.o
    0x200004aa        -       0x00000001   Zero   RW          337    .bss.final_mid_line  image.o
    0x200004ab        -       0x00000001   Zero   RW          168    .bss.first_in_page_flag  auto_menu.o
    0x200004ac        -       0x00000080   Zero   RW         1139    .bss.gps_gga_buffer  zf_device_gps_tau1201.o
    0x2000052c        -       0x00000001   Zero   RW         1134    .bss.gps_gga_state  zf_device_gps_tau1201.o
    0x2000052d        -       0x00000080   Zero   RW         1137    .bss.gps_rmc_buffer  zf_device_gps_tau1201.o
    0x200005ad        -       0x00000001   Zero   RW         1135    .bss.gps_rmc_state  zf_device_gps_tau1201.o
    0x200005ae        -       0x00000001   Zero   RW         1133    .bss.gps_tau1201_flag  zf_device_gps_tau1201.o
    0x200005af   COMPRESSED   0x00000001   PAD
    0x200005b0        -       0x00000018   Zero   RW         1141    .bss.gps_tau1201_receiver_fifo  zf_device_gps_tau1201.o
    0x200005c8        -       0x00000001   Zero   RW         1140    .bss.gps_tau1201_state  zf_device_gps_tau1201.o
    0x200005c9        -       0x00000001   Zero   RW          344    .bss.if_circle      image.o
    0x200005ca        -       0x00000002   Zero   RW         1216    .bss.imu963ra_gyro_x  zf_device_imu963ra.o
    0x200005cc        -       0x00000002   Zero   RW         1217    .bss.imu963ra_gyro_y  zf_device_imu963ra.o
    0x200005ce        -       0x00000002   Zero   RW         1218    .bss.imu963ra_gyro_z  zf_device_imu963ra.o
    0x200005d0        -       0x00000004   Zero   RW          564    .bss.interrupt_nest_count  zf_common_interrupt.o
    0x200005d4        -       0x00000001   Zero   RW         1330    .bss.ips200_display_dir  zf_device_ips200.o
    0x200005d5        -       0x00000001   Zero   RW         1326    .bss.ips200_display_type  zf_device_ips200.o
    0x200005d6        -       0x00000001   Zero   RW         1327    .bss.ips200_x_max   zf_device_ips200.o
    0x200005d7   COMPRESSED   0x00000001   PAD
    0x200005d8        -       0x00000001   Zero   RW         1328    .bss.ips200_y_max   zf_device_ips200.o
    0x200005d9        -       0x00000001   Zero   RW         1334    .bss.ips_rst_pin    zf_device_ips200.o
    0x200005da        -       0x00000001   Zero   RW          169    .bss.is_clear_flag  auto_menu.o
    0x200005db   COMPRESSED   0x00000001   PAD
    0x200005dc        -       0x00000004   Zero   RW          191    .bss.kd2            auto_menu.o
    0x200005e0        -       0x00000001   Zero   RW          220    .bss.key1_state     key.o
    0x200005e1        -       0x00000001   Zero   RW          221    .bss.key1_state_last  key.o
    0x200005e2        -       0x00000001   Zero   RW          224    .bss.key2_state     key.o
    0x200005e3        -       0x00000001   Zero   RW          225    .bss.key2_state_last  key.o
    0x200005e4        -       0x00000001   Zero   RW          228    .bss.key3_state     key.o
    0x200005e5        -       0x00000001   Zero   RW          229    .bss.key3_state_last  key.o
    0x200005e6        -       0x00000001   Zero   RW          232    .bss.key4_state     key.o
    0x200005e7        -       0x00000001   Zero   RW          233    .bss.key4_state_last  key.o
    0x200005e8        -       0x00000004   Zero   RW          197    .bss.ki             auto_menu.o
    0x200005ec        -       0x00000001   Zero   RW          338    .bss.last_final_mid_line  image.o
    0x200005ed   COMPRESSED   0x00000003   PAD
    0x200005f0        -       0x000000f0   Zero   RW          327    .bss.left_edge_line  image.o
    0x200006e0        -       0x00000078   Zero   RW          329    .bss.mid_line       image.o
    0x20000758        -       0x00000001   Zero   RW          341    .bss.mid_mode       image.o
    0x20000759        -       0x00000001   Zero   RW          259    .bss.motor_f        motor.o
    0x2000075a        -       0x00000001   Zero   RW          195    .bss.motor_flag     auto_menu.o
    0x2000075b        -       0x00000001   Zero   RW         1404    .bss.mt9v03x_finish_flag  zf_device_mt9v03x.o
    0x2000075c        -       0x00000004   Zero   RW         2637    .bss.mt9v03x_h_blank  zf_device_config.lib(zf_device_config.o)
    0x20000760        -       0x00000010   Zero   RW         2635    .bss.mt9v03x_iic_inf_struct  zf_device_config.lib(zf_device_config.o)
    0x20000770        -       0x00005820   Zero   RW         1410    .bss.mt9v03x_image  zf_device_mt9v03x.o
    0x20005f90        -       0x00000014   Zero   RW         2636    .bss.mt9v03x_init_config  zf_device_config.lib(zf_device_config.o)
    0x20005fa4        -       0x00000001   Zero   RW         1405    .bss.mt9v03x_type   zf_device_mt9v03x.o
    0x20005fa5   COMPRESSED   0x00000003   PAD
    0x20005fa8        -       0x00000004   Zero   RW         2638    .bss.mt9v03x_v_blank  zf_device_config.lib(zf_device_config.o)
    0x20005fac        -       0x00000002   Zero   RW         1407    .bss.mt9v03x_version  zf_device_mt9v03x.o
    0x20005fae        -       0x000000c8   Zero   RW          180    .bss.my_index       auto_menu.o
    0x20006076   COMPRESSED   0x00000002   PAD
    0x20006078        -       0x00000fa0   Zero   RW          175    .bss.my_menu_unit   auto_menu.o
    0x20007018        -       0x000004b0   Zero   RW          177    .bss.my_param_set   auto_menu.o
    0x200074c8        -       0x00000004   Zero   RW          181    .bss.p_index_xy_dad  auto_menu.o
    0x200074cc        -       0x00000004   Zero   RW          182    .bss.p_index_xy_son  auto_menu.o
    0x200074d0        -       0x00000004   Zero   RW          178    .bss.p_unit         auto_menu.o
    0x200074d4        -       0x00000004   Zero   RW          179    .bss.p_unit_last    auto_menu.o
    0x200074d8        -       0x00000010   Zero   RW          266    .bss.pid_left       motor.o
    0x200074e8        -       0x00000010   Zero   RW          267    .bss.pid_right      motor.o
    0x200074f8        -       0x00000001   Zero   RW          324    .bss.reference_col  image.o
    0x200074f9   COMPRESSED   0x00000001   PAD
    0x200074fa        -       0x000000f0   Zero   RW          326    .bss.reference_line  image.o
    0x200075ea        -       0x00000001   Zero   RW          320    .bss.reference_point  image.o
    0x200075eb   COMPRESSED   0x00000001   PAD
    0x200075ec        -       0x000000bc   Zero   RW          323    .bss.remote_distance  image.o
    0x200076a8        -       0x000000f0   Zero   RW          328    .bss.right_edge_line  image.o
    0x20007798        -       0x00000001   Zero   RW          381    .bss.servo_f        servo.o
    0x20007799        -       0x00000001   Zero   RW          185    .bss.servo_flag     auto_menu.o
    0x2000779a   COMPRESSED   0x00000002   PAD
    0x2000779c        -       0x00000004   Zero   RW          380    .bss.servo_pid_kd2  servo.o
    0x200077a0        -       0x00000004   Zero   RW          378    .bss.servo_pid_ki   servo.o
    0x200077a4        -       0x00000001   Zero   RW          186    .bss.slow_down_flag  auto_menu.o
    0x200077a5        -       0x00000001   Zero   RW          187    .bss.speed_policy_flag  auto_menu.o
    0x200077a6   COMPRESSED   0x00000002   PAD
    0x200077a8        -       0x00000004   Zero   RW          196    .bss.start_time     auto_menu.o
    0x200077ac        -       0x00000004   Zero   RW          176    .bss.static_cnt     auto_menu.o
    0x200077b0        -       0x00000001   Zero   RW          258    .bss.stop_flag      motor.o
    0x200077b1        -       0x00000001   Zero   RW          345    .bss.stop_search_row  image.o
    0x200077b2        -       0x00000008   Zero   RW          978    .bss.timer_function_state  zf_driver_timer.o
    0x200077ba        -       0x00000008   Zero   RW          979    .bss.timer_mode_state  zf_driver_timer.o
    0x200077c2        -       0x00000200   Zero   RW         1595    .bss.tsl1401_data   zf_device_tsl1401.o
    0x200079c2        -       0x00000001   Zero   RW         1596    .bss.tsl1401_finish_flag  zf_device_tsl1401.o
    0x200079c3        -       0x00000001   Zero   RW         1594    .bss.tsl1401_init_state  zf_device_tsl1401.o
    0x200079c4        -       0x0000000c   Zero   RW          382    .bss.turn_pid       servo.o
    0x200079d0        -       0x00000008   Zero   RW         1007    .bss.uart_interrupt_state  zf_driver_uart.o
    0x200079d8        -       0x00000004   Zero   RW          174    .bss.unit_param_set.dad  auto_menu.o
    0x200079dc        -       0x00000004   Zero   RW          173    .bss.unit_param_set.p_middle  auto_menu.o
    0x200079e0        -       0x00005820   Zero   RW          346    .bss.user_image     image.o
    0x2000d200        -       0x00000001   Zero   RW          321    .bss.white_max_point  image.o
    0x2000d201        -       0x00000001   Zero   RW          322    .bss.white_min_point  image.o
    0x2000d202        -       0x00000001   Zero   RW         1615    .bss.wireless_type  zf_device_type.o
    0x2000d203        -       0x00000040   Zero   RW         1710    .bss.wireless_uart_buffer  zf_device_wireless_uart.o
    0x2000d243        -       0x00000001   Zero   RW         1707    .bss.wireless_uart_data  zf_device_wireless_uart.o
    0x2000d244        -       0x00000018   Zero   RW         1706    .bss.wireless_uart_fifo  zf_device_wireless_uart.o
    0x2000d25c        -       0x00000001   Zero   RW          460    .bss.zf_debug_init_flag  zf_common_debug.o


    Execution Region ARM_LIB_HEAP (Exec base: 0x2000d260, Load base: 0x0800b318, Size: 0x00000400, Max: 0x00000400, ABSOLUTE)

    Exec Addr    Load Addr    Size         Type   Attr      Idx    E Section Name        Object

    0x2000d260        -       0x00000400   Zero   RW            1    ARM_LIB_HEAP.bss    anon$$obj.o


    Execution Region ARM_LIB_STACK (Exec base: 0x2001e000, Load base: 0x0800b318, Size: 0x00002000, Max: 0x00002000, ABSOLUTE)

    Exec Addr    Load Addr    Size         Type   Attr      Idx    E Section Name        Object

    0x2001e000        -       0x00002000   Zero   RW            2    ARM_LIB_STACK.bss   anon$$obj.o


==============================================================================

Image component sizes


      Code (inc. data)   RO Data    RW Data    ZI Data      Debug   Object Name

      5308        462         21         22       5462      15194   auto_menu.o
        28          0          0          0          1       2255   beep.o
        34          0          0          0          0       1462   encoder.o
      3928          6          0        842      23601      17418   image.o
      1196          0          0          0          0       6168   isr.o
       546          0          0          0         10       3485   key.o
       332          0          0          0          4       3003   main.o
      1008          0          0         12         39       5739   motor.o
       422          0          0          0          0       1838   pid.o
       520          0          0          8         21       3816   servo.o
        36          8        400          0          0        860   startup_mm32f3277g.o
        12          0          0          0          0        610   system_mm32f3277g.o
       552          0          0          4          0       2880   zf_common_clock.o
      1410        108        181          1         20       9375   zf_common_debug.o
      1082          0         43          0          0       7099   zf_common_fifo.o
         0          0       2072          0          0        750   zf_common_font.o
       642          0         47          0          0      14604   zf_common_function.o
       156          0          0          0          4       4832   zf_common_interrupt.o
       118          0          0          0         32       5959   zf_device_camera.o
       142          0          0          2         17       9430   zf_device_dl1a.o
       240          0          0          2          6       3584   zf_device_dm1xa.o
       244          8          0          0        284      15256   zf_device_gps_tau1201.o
      1496         72         47         12          6       9707   zf_device_imu963ra.o
      8560          4         45          5          5      21963   zf_device_ips200.o
       892         56         46         76      22564       8868   zf_device_mt9v03x.o
       162          0          0          0        514       3752   zf_device_tsl1401.o
       108          0          0         16          2       1720   zf_device_type.o
       350          0          0          4         89       6283   zf_device_wireless_uart.o
        70          0          8          0          2       5113   zf_driver_adc.o
       108          0         44          0          0       1290   zf_driver_delay.o
       248         24          8          0          0       4201   zf_driver_dma.o
       392         24         46          8          0       6560   zf_driver_encoder.o
       328         28          0          0          0       5341   zf_driver_exti.o
       384          0          0         32          0       5404   zf_driver_gpio.o
       200         16         42          0          0       5440   zf_driver_pit.o
       596         24         42          0          0       5841   zf_driver_pwm.o
      1436          0         47          0          0      12874   zf_driver_soft_iic.o
       796          0         50          0          0      11027   zf_driver_spi.o
       732         40         44          0         16       8872   zf_driver_timer.o
       758          8         83          0          8       8423   zf_driver_uart.o

    ----------------------------------------------------------------------
     35724        888       3348       1056      61960     268296   Object Totals
         0          0         32          0       9216          0   (incl. Generated)
       152          0          0         10         37          0   (incl. Padding)

    ----------------------------------------------------------------------

      Code (inc. data)   RO Data    RW Data    ZI Data      Debug   Library Member Name

        86          0          0          0          0          0   __dczerorl2.o
         0          0          0          0          0          0   entry.o
         0          0          0          0          0          0   entry10a.o
         0          0          0          0          0          0   entry11a.o
         8          4          0          0          0          0   entry4.o
         4          0          0          0          0          0   entry5.o
         0          0          0          0          0          0   entry7b.o
         0          0          0          0          0          0   entry8b.o
         8          4          0          0          0          0   entry9a.o
        30          0          0          0          0          0   handlers.o
        48         10          0          0          0         68   init.o
         0          0          0          0          0          0   iusefp.o
        30          0          0          0          0         68   llshl.o
        36          0          0          0          0         68   llsshr.o
        32          0          0          0          0         68   llushr.o
       188         20          0          0          0        160   malloc2.o
        26          0          0          0          0         80   memcmp.o
        36          0          0          0          0         68   memcpya.o
        36          0          0          0          0        108   memseta.o
         0          0          0          8          0          0   mvars.o
       522         20          0          0          0        336   printf3.o
         0          0          0          4          0          0   stdout.o
        18          0          0          0          0         68   strcpy.o
        14          0          0          0          0         68   strlen.o
        44          0          0          0          0         80   uidiv.o
        56          0          0          0          0         88   d2f.o
       334          0          0          0          0        148   dadd.o
        54          0          0          0          0         80   dcmpgt.o
        54          0          0          0          0         80   dcmplt.o
       222          0          0          0          0        100   ddiv.o
       186          0          0          0          0        176   depilogue.o
        62          0          0          0          0         80   dfixi.o
        50          0          0          0          0         76   dfixui.o
        34          0          0          0          0         76   dflti.o
        26          0          0          0          0         76   dfltui.o
       228          0          0          0          0         96   dmul.o
        38          0          0          0          0         68   f2d.o
       176          0          0          0          0        140   fadd.o
        28          0          0          0          0         68   fcmpeq.o
        28          0          0          0          0         68   fcmpge.o
        28          0          0          0          0         68   fcmpgt.o
        28          0          0          0          0         68   fcmple.o
        28          0          0          0          0         68   fcmplt.o
       124          0          0          0          0         88   fdiv.o
       110          0          0          0          0        168   fepilogue.o
        50          0          0          0          0         68   ffixi.o
        18          0          0          0          0         68   fflti.o
        10          0          0          0          0         68   ffltui.o
       100          0          0          0          0         76   fmul.o
      2588          0          0          0         44       3849   zf_device_config.o

    ----------------------------------------------------------------------
      5836         58          0         12         44       7249   Library Totals
        10          0          0          0          0          0   (incl. Padding)

    ----------------------------------------------------------------------

      Code (inc. data)   RO Data    RW Data    ZI Data      Debug   Library Name

      1166         58          0         12          0       1240   mc_w.l
      2072          0          0          0          0       2160   mf_w.l
      2588          0          0          0         44       3849   zf_device_config.lib

    ----------------------------------------------------------------------
      5836         58          0         12         44       7249   Library Totals

    ----------------------------------------------------------------------

==============================================================================


      Code (inc. data)   RO Data    RW Data    ZI Data      Debug   

     41560        946       3348       1068      62004     273093   Grand Totals
     41560        946       3348        316      62004     273093   ELF Image Totals (compressed)
     41560        946       3348        316          0          0   ROM Totals

==============================================================================

    Total RO  Size (Code + RO Data)                44908 (  43.86kB)
    Total RW  Size (RW Data + ZI Data)             63072 (  61.59kB)
    Total ROM Size (Code + RO Data + RW Data)      45224 (  44.16kB)

==============================================================================

