Component: Arm Compiler for Embedded 6.21 Tool: armlink [5ec1fa00]

==============================================================================

Section Cross References

    main.o(.text.main) refers to zf_common_clock.o(.text.clock_init) for clock_init
    main.o(.text.main) refers to zf_common_debug.o(.text.debug_init) for debug_init
    main.o(.text.main) refers to auto_menu.o(.text.menu_init) for menu_init
    main.o(.text.main) refers to motor.o(.text.motor_init) for motor_init
    main.o(.text.main) refers to zf_device_mt9v03x.o(.text.mt9v03x_init) for mt9v03x_init
    main.o(.text.main) refers to encoder.o(.text.encoder_init) for encoder_init
    main.o(.text.main) refers to servo.o(.text.servo_init) for servo_init
    main.o(.text.main) refers to beep.o(.text.beep_init) for beep_init
    main.o(.text.main) refers to zf_device_imu963ra.o(.text.imu963ra_init) for imu963ra_init
    main.o(.text.main) refers to zf_device_wireless_uart.o(.text.wireless_uart_init) for wireless_uart_init
    main.o(.text.main) refers to zf_common_clock.o(.data.system_clock) for system_clock
    main.o(.text.main) refers to zf_driver_pit.o(.text.pit_init) for pit_init
    main.o(.text.main) refers to zf_common_interrupt.o(.text.interrupt_set_priority) for interrupt_set_priority
    main.o(.text.main) refers to imu.o(.bss.filtering_angle) for filtering_angle
    main.o(.text.main) refers to auto_menu.o(.text.show_process) for show_process
    main.o(.text.main) refers to image.o(.text.image_process) for image_process
    main.o(.text.main) refers to servo.o(.text.servo_process) for servo_process
    main.o(.text.main) refers to motor.o(.text.motor_process) for motor_process
    main.o(.text.main) refers to f2d.o(.text) for __aeabi_f2d
    main.o(.text.main) refers to printfa.o(i.__0printf) for __2printf
    main.o(.text.main) refers to zf_driver_delay.o(.text.system_delay_ms) for system_delay_ms
    main.o(.ARM.exidx.text.main) refers to main.o(.text.main) for [Anonymous Symbol]
    main.o(.text.pit6_handler) refers to auto_menu.o(.bss.start_time) for start_time
    main.o(.text.pit6_handler) refers to beep.o(.text.beep_off) for beep_off
    main.o(.text.pit6_handler) refers to beep.o(.bss.beep_flag) for beep_flag
    main.o(.text.pit6_handler) refers to beep.o(.text.beep_on) for beep_on
    main.o(.text.pit6_handler) refers to dfltui.o(.text) for __aeabi_ui2d
    main.o(.text.pit6_handler) refers to dadd.o(.text) for __aeabi_dadd
    main.o(.text.pit6_handler) refers to dfixi.o(.text) for __aeabi_d2iz
    main.o(.ARM.exidx.text.pit6_handler) refers to main.o(.text.pit6_handler) for [Anonymous Symbol]
    main.o(.text.pit7_handler) refers to main.o(.bss.count_10ms) for count_10ms
    main.o(.text.pit7_handler) refers to image.o(.bss.circle_time) for circle_time
    main.o(.text.pit7_handler) refers to servo.o(.bss.servo_f) for servo_f
    main.o(.text.pit7_handler) refers to imu.o(.text.first_order_complementary_filtering) for first_order_complementary_filtering
    main.o(.text.pit7_handler) refers to motor.o(.bss.motor_f) for motor_f
    main.o(.text.pit7_handler) refers to zf_driver_encoder.o(.text.encoder_get_count) for encoder_get_count
    main.o(.text.pit7_handler) refers to motor.o(.bss.encoder_data_l) for encoder_data_l
    main.o(.text.pit7_handler) refers to motor.o(.bss.encoder_data_r) for encoder_data_r
    main.o(.text.pit7_handler) refers to zf_driver_encoder.o(.text.encoder_clear_count) for encoder_clear_count
    main.o(.ARM.exidx.text.pit7_handler) refers to main.o(.text.pit7_handler) for [Anonymous Symbol]
    isr.o(.ARM.exidx.text.TIM1_UP_IRQHandler) refers to isr.o(.text.TIM1_UP_IRQHandler) for [Anonymous Symbol]
    isr.o(.ARM.exidx.text.TIM2_IRQHandler) refers to isr.o(.text.TIM2_IRQHandler) for [Anonymous Symbol]
    isr.o(.ARM.exidx.text.TIM3_IRQHandler) refers to isr.o(.text.TIM3_IRQHandler) for [Anonymous Symbol]
    isr.o(.ARM.exidx.text.TIM4_IRQHandler) refers to isr.o(.text.TIM4_IRQHandler) for [Anonymous Symbol]
    isr.o(.ARM.exidx.text.TIM5_IRQHandler) refers to isr.o(.text.TIM5_IRQHandler) for [Anonymous Symbol]
    isr.o(.text.TIM6_IRQHandler) refers to main.o(.text.pit6_handler) for pit6_handler
    isr.o(.ARM.exidx.text.TIM6_IRQHandler) refers to isr.o(.text.TIM6_IRQHandler) for [Anonymous Symbol]
    isr.o(.text.TIM7_IRQHandler) refers to main.o(.text.pit7_handler) for pit7_handler
    isr.o(.ARM.exidx.text.TIM7_IRQHandler) refers to isr.o(.text.TIM7_IRQHandler) for [Anonymous Symbol]
    isr.o(.text.TIM8_UP_IRQHandler) refers to zf_device_tsl1401.o(.text.tsl1401_collect_pit_handler) for tsl1401_collect_pit_handler
    isr.o(.ARM.exidx.text.TIM8_UP_IRQHandler) refers to isr.o(.text.TIM8_UP_IRQHandler) for [Anonymous Symbol]
    isr.o(.ARM.exidx.text.UART1_IRQHandler) refers to isr.o(.text.UART1_IRQHandler) for [Anonymous Symbol]
[...]
    assist_menu                              0x08001659   Thumb Code   326  auto_menu.o(.text.assist_menu)
    beep_init                                0x080017a1   Thumb Code    12  beep.o(.text.beep_init)
    beep_off                                 0x080017ad   Thumb Code     8  beep.o(.text.beep_off)
    beep_on                                  0x080017b5   Thumb Code     8  beep.o(.text.beep_on)
    button_entry                             0x080017bd   Thumb Code   492  key.o(.text.button_entry)
    camera_fifo_init                         0x080019a9   Thumb Code    24  zf_device_camera.o(.text.camera_fifo_init)
    camera_init                              0x080019c1   Thumb Code    94  zf_device_camera.o(.text.camera_init)
    center_menu                              0x08001a21   Thumb Code   448  auto_menu.o(.text.center_menu)
    change_value                             0x08001be1   Thumb Code   508  auto_menu.o(.text.change_value)
    circle                                   0x08001de9   Thumb Code    72  auto_menu.o(.text.circle)
    clock_init                               0x08001e49   Thumb Code   552  zf_common_clock.o(.text.clock_init)
    dad_name_init                            0x08002071   Thumb Code   162  auto_menu.o(.text.dad_name_init)
    debug_assert_handler                     0x08002115   Thumb Code   232  zf_common_debug.o(.text.debug_assert_handler)
    debug_init                               0x0800220d   Thumb Code   126  zf_common_debug.o(.text.debug_init)
    debug_log_handler                        0x0800228d   Thumb Code    36  zf_common_debug.o(.text.debug_log_handler)
    debug_output_init                        0x080025fd   Thumb Code    98  zf_common_debug.o(.text.debug_output_init)
    debug_output_struct_init                 0x08002661   Thumb Code    22  zf_common_debug.o(.text.debug_output_struct_init)
    dl1a_get_distance                        0x08002681   Thumb Code   138  zf_device_dl1a.o(.text.dl1a_get_distance)
    dl1a_int_handler                         0x0800270d   Thumb Code     4  zf_device_dl1a.o(.text.dl1a_int_handler)
    dm1xa_light_callback                     0x08002711   Thumb Code    42  zf_device_dm1xa.o(.text.dm1xa_light_callback)
    dm1xa_sound_callback                     0x0800273d   Thumb Code   198  zf_device_dm1xa.o(.text.dm1xa_sound_callback)
    dma_camera_init                          0x08002805   Thumb Code   116  zf_driver_dma.o(.text.dma_camera_init)
    dma_disable                              0x08002891   Thumb Code    38  zf_driver_dma.o(.text.dma_disable)
    dma_enable                               0x080028b9   Thumb Code    38  zf_driver_dma.o(.text.dma_enable)
    dma_set_count                            0x080028e1   Thumb Code    32  zf_driver_dma.o(.text.dma_set_count)
    encoder_clear_count                      0x08002901   Thumb Code    64  zf_driver_encoder.o(.text.encoder_clear_count)
    encoder_get_count                        0x08002941   Thumb Code   104  zf_driver_encoder.o(.text.encoder_get_count)
    encoder_init                             0x080029a9   Thumb Code    34  encoder.o(.text.encoder_init)
    encoder_quad_init                        0x080029cd   Thumb Code   224  zf_driver_encoder.o(.text.encoder_quad_init)
    exti_init                                0x08002aad   Thumb Code   312  zf_driver_exti.o(.text.exti_init)
    fifo_clear                               0x08002bf5   Thumb Code    92  zf_common_fifo.o(.text.fifo_clear)
    fifo_init                                0x08002c51   Thumb Code    62  zf_common_fifo.o(.text.fifo_init)
    fifo_read_buffer                         0x08002c91   Thumb Code   324  zf_common_fifo.o(.text.fifo_read_buffer)
    fifo_used                                0x08002dd5   Thumb Code    32  zf_common_fifo.o(.text.fifo_used)
    fifo_write_buffer                        0x08002df5   Thumb Code   450  zf_common_fifo.o(.text.fifo_write_buffer)
    fifo_write_element                       0x08002fb9   Thumb Code   122  zf_common_fifo.o(.text.fifo_write_element)
    first_order_complementary_filtering      0x08003035   Thumb Code   270  imu.o(.text.first_order_complementary_filtering)
    fputc                                    0x08003145   Thumb Code    28  zf_common_debug.o(.text.fputc)
    fun_init                                 0x08003161   Thumb Code   230  auto_menu.o(.text.fun_init)
    func_float_to_str                        0x08003249   Thumb Code   330  zf_common_function.o(.text.func_float_to_str)
    func_get_greatest_common_divisor         0x08003395   Thumb Code    24  zf_common_function.o(.text.func_get_greatest_common_divisor)
    func_int_to_str                          0x080033ad   Thumb Code   158  zf_common_function.o(.text.func_int_to_str)
    func_uint_to_str                         0x0800344d   Thumb Code   130  zf_common_function.o(.text.func_uint_to_str)
    get_store_1                              0x080034d1   Thumb Code   106  auto_menu.o(.text.get_store_1)
    get_store_2                              0x0800353d   Thumb Code   102  auto_menu.o(.text.get_store_2)
    gpio_get_level                           0x080035a5   Thumb Code    32  zf_driver_gpio.o(.text.gpio_get_level)
    gpio_init                                0x080035c5   Thumb Code   138  zf_driver_gpio.o(.text.gpio_init)
    gpio_set_level                           0x08003651   Thumb Code    44  zf_driver_gpio.o(.text.gpio_set_level)
    gpio_toggle_level                        0x0800367d   Thumb Code    44  zf_driver_gpio.o(.text.gpio_toggle_level)
    gps_uart_callback                        0x080036a9   Thumb Code   236  zf_device_gps_tau1201.o(.text.gps_uart_callback)
    image_calculate_mid                      0x0800379d   Thumb Code   336  image.o(.text.image_calculate_mid)
    image_circle_analysis                    0x080038ed   Thumb Code   868  image.o(.text.image_circle_analysis)
    image_connect_point                      0x08003c51   Thumb Code   112  image.o(.text.image_connect_point)
    image_cross_analysis                     0x08003cc1   Thumb Code   802  image.o(.text.image_cross_analysis)
    image_display_edge_line                  0x08003fe5   Thumb Code   154  image.o(.text.image_display_edge_line)
    image_process                            0x08004081   Thumb Code   698  image.o(.text.image_process)
    image_stretch_point                      0x0800433d   Thumb Code   246  image.o(.text.image_stretch_point)
    imu963ra_get_acc                         0x08004435   Thumb Code    92  zf_device_imu963ra.o(.text.imu963ra_get_acc)
    imu963ra_get_gyro                        0x08004491   Thumb Code    92  zf_device_imu963ra.o(.text.imu963ra_get_gyro)
    imu963ra_init                            0x080044ed   Thumb Code  1088  zf_device_imu963ra.o(.text.imu963ra_init)
    interrupt_disable                        0x08004a69   Thumb Code    40  zf_common_interrupt.o(.text.interrupt_disable)
    interrupt_enable                         0x08004a91   Thumb Code    32  zf_common_interrupt.o(.text.interrupt_enable)
    interrupt_global_disable                 0x08004ab1   Thumb Code    22  zf_common_interrupt.o(.text.interrupt_global_disable)
    interrupt_init                           0x08004ac9   Thumb Code    28  zf_common_interrupt.o(.text.interrupt_init)
    interrupt_set_priority                   0x08004ae5   Thumb Code    34  zf_common_interrupt.o(.text.interrupt_set_priority)
    ips200_clear                             0x08004b09   Thumb Code   280  zf_device_ips200.o(.text.ips200_clear)
    ips200_draw_point                        0x08004c21   Thumb Code   260  zf_device_ips200.o(.text.ips200_draw_point)
    ips200_init                              0x08004d25   Thumb Code  4998  zf_device_ips200.o(.text.ips200_init)
    ips200_show_char                         0x08006401   Thumb Code   734  zf_device_ips200.o(.text.ips200_show_char)
    ips200_show_float                        0x080066e1   Thumb Code   304  zf_device_ips200.o(.text.ips200_show_float)
    ips200_show_gray_image                   0x08006811   Thumb Code   534  zf_device_ips200.o(.text.ips200_show_gray_image)
    ips200_show_int                          0x08006a29   Thumb Code   216  zf_device_ips200.o(.text.ips200_show_int)
    ips200_show_string                       0x08006b01   Thumb Code   166  zf_device_ips200.o(.text.ips200_show_string)
    ips200_show_uint                         0x08006ba9   Thumb Code   216  zf_device_ips200.o(.text.ips200_show_uint)
    key_into                                 0x08006c81   Thumb Code    54  key.o(.text.key_into)
    main                                     0x08006cb9   Thumb Code   176  main.o(.text.main)
    menu_init                                0x08006d6d   Thumb Code   194  auto_menu.o(.text.menu_init)
    motor_init                               0x08006e31   Thumb Code    66  motor.o(.text.motor_init)
    motor_process                            0x08006e75   Thumb Code   204  motor.o(.text.motor_process)
    motor_setspeed                           0x08006f41   Thumb Code   688  motor.o(.text.motor_setspeed)
    mt9v03x_init                             0x08007209   Thumb Code   704  zf_device_mt9v03x.o(.text.mt9v03x_init)
    mt9v03x_set_config_sccb                  0x0800753d   Thumb Code  2478  zf_device_config.o(.text.mt9v03x_set_config_sccb)
    pid_increment                            0x08007f91   Thumb Code   242  pid.o(.text.pid_increment)
    pid_positional                           0x08008085   Thumb Code   180  pid.o(.text.pid_positional)
    pit6_handler                             0x08008139   Thumb Code    66  main.o(.text.pit6_handler)
    pit7_handler                             0x0800817d   Thumb Code   118  main.o(.text.pit7_handler)
    pit_init                                 0x080081f5   Thumb Code   192  zf_driver_pit.o(.text.pit_init)
    pwm_init                                 0x080082bd   Thumb Code   392  zf_driver_pwm.o(.text.pwm_init)
    pwm_set_duty                             0x08008445   Thumb Code   204  zf_driver_pwm.o(.text.pwm_set_duty)
    search_line                              0x08008511   Thumb Code   712  image.o(.text.search_line)
    servo                                    0x080087d9   Thumb Code    72  auto_menu.o(.text.servo)
    servo_control                            0x08008839   Thumb Code   356  servo.o(.text.servo_control)
    servo_init                               0x0800899d   Thumb Code    16  servo.o(.text.servo_init)
    servo_process                            0x080089ad   Thumb Code   148  servo.o(.text.servo_process)
    set_camera_type                          0x08008a41   Thumb Code    70  zf_device_type.o(.text.set_camera_type)
    set_wireless_type                        0x08008a89   Thumb Code    36  zf_device_type.o(.text.set_wireless_type)
    show_image                               0x08008aad   Thumb Code   176  auto_menu.o(.text.show_image)
    show_process                             0x08008b61   Thumb Code   260  auto_menu.o(.text.show_process)
    slow_down                                0x08008c65   Thumb Code    72  auto_menu.o(.text.slow_down)
    soft_iic_init                            0x08008ccd   Thumb Code    96  zf_driver_soft_iic.o(.text.soft_iic_init)
    soft_iic_read_8bit_registers             0x08008d2d   Thumb Code   136  zf_driver_soft_iic.o(.text.soft_iic_read_8bit_registers)
    soft_iic_sccb_read_register              0x08008f25   Thumb Code   100  zf_driver_soft_iic.o(.text.soft_iic_sccb_read_register)
    soft_iic_sccb_write_register             0x08008f89   Thumb Code    74  zf_driver_soft_iic.o(.text.soft_iic_sccb_write_register)
    soft_iic_write_8bit_register             0x08009225   Thumb Code    74  zf_driver_soft_iic.o(.text.soft_iic_write_8bit_register)
    speed_policy                             0x08009271   Thumb Code    72  auto_menu.o(.text.speed_policy)
    spi_init                                 0x080092dd   Thumb Code   440  zf_driver_spi.o(.text.spi_init)
    spi_read_8bit_register                   0x08009495   Thumb Code    72  zf_driver_spi.o(.text.spi_read_8bit_register)
    spi_read_8bit_registers                  0x080094dd   Thumb Code   120  zf_driver_spi.o(.text.spi_read_8bit_registers)
    spi_write_16bit                          0x08009555   Thumb Code    60  zf_driver_spi.o(.text.spi_write_16bit)
    spi_write_8bit                           0x08009591   Thumb Code    48  zf_driver_spi.o(.text.spi_write_8bit)
    spi_write_8bit_register                  0x080095c1   Thumb Code    56  zf_driver_spi.o(.text.spi_write_8bit_register)
    start                                    0x080095f9   Thumb Code    76  auto_menu.o(.text.start)
    store_1_200                              0x08009645   Thumb Code   152  auto_menu.o(.text.store_1_200)
    store_2_250                              0x080096f9   Thumb Code   192  auto_menu.o(.text.store_2_250)
    store_3_300                              0x080097d5   Thumb Code   200  auto_menu.o(.text.store_3_300)
    store_4_350                              0x080098b5   Thumb Code   200  auto_menu.o(.text.store_4_350)
    store_5_400                              0x08009995   Thumb Code   200  auto_menu.o(.text.store_5_400)
    system_delay_ms                          0x08009a75   Thumb Code   108  zf_driver_delay.o(.text.system_delay_ms)
    timer_clear                              0x08009ae1   Thumb Code    76  zf_driver_timer.o(.text.timer_clear)
    timer_clock_enable                       0x08009b2d   Thumb Code   170  zf_driver_timer.o(.text.timer_clock_enable)
    timer_etr_init                           0x08009bd9   Thumb Code   362  zf_driver_timer.o(.text.timer_etr_init)
    timer_funciton_check                     0x08009d45   Thumb Code    30  zf_driver_timer.o(.text.timer_funciton_check)
    timer_get                                0x08009d65   Thumb Code    94  zf_driver_timer.o(.text.timer_get)
    tsl1401_collect_pit_handler              0x08009dc5   Thumb Code   162  zf_device_tsl1401.o(.text.tsl1401_collect_pit_handler)
    uart_init                                0x08009e6d   Thumb Code   436  zf_driver_uart.o(.text.uart_init)
    uart_query_byte                          0x0800a021   Thumb Code    58  zf_driver_uart.o(.text.uart_query_byte)
    uart_rx_interrupt                        0x0800a05d   Thumb Code    96  zf_driver_uart.o(.text.uart_rx_interrupt)
    uart_write_buffer                        0x0800a0bd   Thumb Code    72  zf_driver_uart.o(.text.uart_write_buffer)
    uart_write_byte                          0x0800a105   Thumb Code    24  zf_driver_uart.o(.text.uart_write_byte)
    uart_write_string                        0x0800a11d   Thumb Code    72  zf_driver_uart.o(.text.uart_write_string)
    unit_param_set                           0x0800a165   Thumb Code   614  auto_menu.o(.text.unit_param_set)
    wireless_uart_callback                   0x0800a3cd   Thumb Code   100  zf_device_wireless_uart.o(.text.wireless_uart_callback)
    wireless_uart_init                       0x0800a431   Thumb Code   250  zf_device_wireless_uart.o(.text.wireless_uart_init)
    __0printf                                0x0800a52d   Thumb Code    22  printfa.o(i.__0printf)
    __1printf                                0x0800a52d   Thumb Code     0  printfa.o(i.__0printf)
    __2printf                                0x0800a52d   Thumb Code     0  printfa.o(i.__0printf)
    __c89printf                              0x0800a52d   Thumb Code     0  printfa.o(i.__0printf)
    printf                                   0x0800a52d   Thumb Code     0  printfa.o(i.__0printf)
    __0sprintf                               0x0800a54d   Thumb Code    34  printfa.o(i.__0sprintf)
    __1sprintf                               0x0800a54d   Thumb Code     0  printfa.o(i.__0sprintf)
    __2sprintf                               0x0800a54d   Thumb Code     0  printfa.o(i.__0sprintf)
    __c89sprintf                             0x0800a54d   Thumb Code     0  printfa.o(i.__0sprintf)
    sprintf                                  0x0800a54d   Thumb Code     0  printfa.o(i.__0sprintf)
    free                                     0x0800a575   Thumb Code    76  malloc2.o(i.__free$2region)
    malloc                                   0x0800a5c5   Thumb Code    92  malloc2.o(i.__malloc$2region)
    __scatterload_copy                       0x0800a631   Thumb Code    14  handlers.o(i.__scatterload_copy)
    __scatterload_null                       0x0800a63f   Thumb Code     2  handlers.o(i.__scatterload_null)
    __scatterload_zeroinit                   0x0800a641   Thumb Code    14  handlers.o(i.__scatterload_zeroinit)
    ascii_font_6x8                           0x0800afb8   Data         552  zf_common_font.o(.rodata.ascii_font_6x8)
    ascii_font_8x16                          0x0800b1e0   Data        1520  zf_common_font.o(.rodata.ascii_font_8x16)
    Region$$Table$$Base                      0x0800ba70   Number         0  anon$$obj.o(Region$$Table)
    Region$$Table$$Limit                     0x0800ba90   Number         0  anon$$obj.o(Region$$Table)
    __stdout                                 0x20000000   Data           4  stdout.o(.data)
    __microlib_freelist                      0x20000004   Data           4  mvars.o(.data)
    __microlib_freelist_initialised          0x20000008   Data           4  mvars.o(.data)
    DAD_NUM                                  0x2000000c   Data           1  auto_menu.o(.data.DAD_NUM)
    begin_menu_flag                          0x2000000d   Data           1  auto_menu.o(.data.begin_menu_flag)
    call_cycle                               0x20000010   Data           4  imu.o(.data.call_cycle)
    camera_dma_handler                       0x20000014   Data           4  zf_device_type.o(.data.camera_dma_handler)
    camera_uart_handler                      0x20000018   Data           4  zf_device_type.o(.data.camera_uart_handler)
    camera_vsync_handler                     0x2000001c   Data           4  zf_device_type.o(.data.camera_vsync_handler)
    dif_speed_reduce                         0x20000020   Data           4  auto_menu.o(.data.dif_speed_reduce)
    dl1a_distance_mm                         0x20000024   Data           2  zf_device_dl1a.o(.data.dl1a_distance_mm)
    gpio_group                               0x20000030   Data          32  zf_driver_gpio.o(.data.gpio_group)
    gyro_ration                              0x20000050   Data           1  imu.o(.data.gyro_ration)
    imu963ra_transition_factor               0x20000054   Data          12  zf_device_imu963ra.o(.data.imu963ra_transition_factor)
    kd1                                      0x20000068   Data           4  auto_menu.o(.data.kd1)
    kp                                       0x2000006c   Data           4  auto_menu.o(.data.kp)
    kp_min                                   0x20000070   Data           4  auto_menu.o(.data.kp_min)
    mid_weight                               0x20000074   Data         120  image.o(.data.mid_weight)
    mid_weight_1                             0x200000ec   Data         120  image.o(.data.mid_weight_1)
    mid_weight_2                             0x20000164   Data         120  image.o(.data.mid_weight_2)
    mid_weight_3                             0x200001dc   Data         120  image.o(.data.mid_weight_3)
    mid_weight_4                             0x20000254   Data         120  image.o(.data.mid_weight_4)
    mid_weight_5                             0x200002cc   Data         120  image.o(.data.mid_weight_5)
    motor_pid_kd                             0x20000344   Data           4  motor.o(.data.motor_pid_kd)
    motor_pid_ki                             0x20000348   Data           4  motor.o(.data.motor_pid_ki)
    motor_pid_kp                             0x2000034c   Data           4  motor.o(.data.motor_pid_kp)
    prospect                                 0x2000039c   Data           1  image.o(.data.prospect)
    reference_contrast_ratio                 0x2000039d   Data           1  image.o(.data.reference_contrast_ratio)
    servo_pid_kd1                            0x200003a0   Data           4  servo.o(.data.servo_pid_kd1)
    servo_pid_kp                             0x200003a4   Data           4  servo.o(.data.servo_pid_kp)
    single_edge_err                          0x200003a8   Data         120  image.o(.data.single_edge_err)
    speed                                    0x20000420   Data           4  auto_menu.o(.data.speed)
    system_clock                             0x20000424   Data           4  zf_common_clock.o(.data.system_clock)
    wireless_module_uart_handler             0x2000042c   Data           4  zf_device_type.o(.data.wireless_module_uart_handler)
    angle_roll_temp                          0x2000043c   Data           4  imu.o(.bss.angle_roll_temp)
    ax                                       0x20000440   Data           2  imu.o(.bss.ax)
    ay                                       0x20000442   Data           2  imu.o(.bss.ay)
    az                                       0x20000444   Data           2  imu.o(.bss.az)
    beep_flag                                0x20000446   Data           1  beep.o(.bss.beep_flag)
    button1                                  0x20000447   Data           1  auto_menu.o(.bss.button1)
    button2                                  0x20000448   Data           1  auto_menu.o(.bss.button2)
    button3                                  0x20000449   Data           1  auto_menu.o(.bss.button3)
    button4                                  0x2000044a   Data           1  auto_menu.o(.bss.button4)
    camera_receiver_buffer                   0x2000044d   Data           8  zf_device_camera.o(.bss.camera_receiver_buffer)
    camera_receiver_fifo                     0x20000458   Data          24  zf_device_camera.o(.bss.camera_receiver_fifo)
    camera_type                              0x20000470   Data           1  zf_device_type.o(.bss.camera_type)
    circle_flag                              0x20000471   Data           1  image.o(.bss.circle_flag)
    circle_time                              0x20000472   Data           2  image.o(.bss.circle_time)
    count_10ms                               0x20000474   Data           4  main.o(.bss.count_10ms)
    cross_flag                               0x20000478   Data           1  image.o(.bss.cross_flag)
    current_operation_menu                   0x2000047c   Data           4  auto_menu.o(.bss.current_operation_menu)
    dif_speed_plus                           0x2000049c   Data           4  auto_menu.o(.bss.dif_speed_plus)
    differential_mode                        0x200004a0   Data           1  motor.o(.bss.differential_mode)
    dl1a_finsh_flag                          0x200004a1   Data           1  zf_device_dl1a.o(.bss.dl1a_finsh_flag)
    encoder_data_l                           0x200004ba   Data           2  motor.o(.bss.encoder_data_l)
    encoder_data_r                           0x200004bc   Data           2  motor.o(.bss.encoder_data_r)
    filtering_angle                          0x200004c0   Data           4  imu.o(.bss.filtering_angle)
    final_mid_line                           0x200004c4   Data           1  image.o(.bss.final_mid_line)
    first_in_page_flag                       0x200004c5   Data           1  auto_menu.o(.bss.first_in_page_flag)
    gps_gga_state                            0x20000546   Data           1  zf_device_gps_tau1201.o(.bss.gps_gga_state)
    gps_rmc_state                            0x200005c7   Data           1  zf_device_gps_tau1201.o(.bss.gps_rmc_state)
    gps_tau1201_flag                         0x200005c8   Data           1  zf_device_gps_tau1201.o(.bss.gps_tau1201_flag)
    gx                                       0x200005e6   Data           2  imu.o(.bss.gx)
    gy                                       0x200005e8   Data           2  imu.o(.bss.gy)
    gz                                       0x200005ea   Data           2  imu.o(.bss.gz)
    if_circle                                0x200005ec   Data           1  image.o(.bss.if_circle)
    imu963ra_acc_x                           0x200005ee   Data           2  zf_device_imu963ra.o(.bss.imu963ra_acc_x)
    imu963ra_acc_y                           0x200005f0   Data           2  zf_device_imu963ra.o(.bss.imu963ra_acc_y)
    imu963ra_acc_z                           0x200005f2   Data           2  zf_device_imu963ra.o(.bss.imu963ra_acc_z)
    imu963ra_gyro_x                          0x200005f4   Data           2  zf_device_imu963ra.o(.bss.imu963ra_gyro_x)
    imu963ra_gyro_y                          0x200005f6   Data           2  zf_device_imu963ra.o(.bss.imu963ra_gyro_y)
    imu963ra_gyro_z                          0x200005f8   Data           2  zf_device_imu963ra.o(.bss.imu963ra_gyro_z)
    is_clear_flag                            0x20000606   Data           1  auto_menu.o(.bss.is_clear_flag)
    kd2                                      0x20000608   Data           4  auto_menu.o(.bss.kd2)
    key1_state                               0x2000060c   Data           1  key.o(.bss.key1_state)
    key1_state_last                          0x2000060d   Data           1  key.o(.bss.key1_state_last)
    key2_state                               0x2000060e   Data           1  key.o(.bss.key2_state)
    key2_state_last                          0x2000060f   Data           1  key.o(.bss.key2_state_last)
    key3_state                               0x20000610   Data           1  key.o(.bss.key3_state)
    key3_state_last                          0x20000611   Data           1  key.o(.bss.key3_state_last)
    key4_state                               0x20000612   Data           1  key.o(.bss.key4_state)
    key4_state_last                          0x20000613   Data           1  key.o(.bss.key4_state_last)
    ki                                       0x20000614   Data           4  auto_menu.o(.bss.ki)
    last_final_mid_line                      0x20000618   Data           1  image.o(.bss.last_final_mid_line)
    left_edge_line                           0x2000061c   Data         240  image.o(.bss.left_edge_line)
    mid_line                                 0x2000070c   Data         120  image.o(.bss.mid_line)
    mid_mode                                 0x20000784   Data           1  image.o(.bss.mid_mode)
    motor_f                                  0x20000785   Data           1  motor.o(.bss.motor_f)
    motor_flag                               0x20000786   Data           1  auto_menu.o(.bss.motor_flag)
    mt9v03x_finish_flag                      0x20000787   Data           1  zf_device_mt9v03x.o(.bss.mt9v03x_finish_flag)
    mt9v03x_image                            0x2000079c   Data       22560  zf_device_mt9v03x.o(.bss.mt9v03x_image)
    my_index                                 0x20005fda   Data         200  auto_menu.o(.bss.my_index)
    my_menu_unit                             0x200060a4   Data        4000  auto_menu.o(.bss.my_menu_unit)
    my_param_set                             0x20007044   Data        1200  auto_menu.o(.bss.my_param_set)
    p_index_xy_dad                           0x200074f4   Data           4  auto_menu.o(.bss.p_index_xy_dad)
    p_index_xy_son                           0x200074f8   Data           4  auto_menu.o(.bss.p_index_xy_son)
    reference_col                            0x20007524   Data           1  image.o(.bss.reference_col)
    reference_line                           0x20007526   Data         240  image.o(.bss.reference_line)
    reference_point                          0x20007616   Data           1  image.o(.bss.reference_point)
    remote_distance                          0x20007618   Data         188  image.o(.bss.remote_distance)
    right_edge_line                          0x200076d4   Data         240  image.o(.bss.right_edge_line)
    servo_f                                  0x200077c4   Data           1  servo.o(.bss.servo_f)
    servo_flag                               0x200077c5   Data           1  auto_menu.o(.bss.servo_flag)
    servo_pid_kd2                            0x200077c8   Data           4  servo.o(.bss.servo_pid_kd2)
    servo_pid_ki                             0x200077cc   Data           4  servo.o(.bss.servo_pid_ki)
    slow_down_flag                           0x200077d0   Data           1  auto_menu.o(.bss.slow_down_flag)
    speed_policy_flag                        0x200077d1   Data           1  auto_menu.o(.bss.speed_policy_flag)
    start_time                               0x200077d4   Data           4  auto_menu.o(.bss.start_time)
    stop_flag                                0x200077dc   Data           1  motor.o(.bss.stop_flag)
    stop_search_row                          0x200077dd   Data           1  image.o(.bss.stop_search_row)
    tsl1401_data                             0x200077ee   Data         512  zf_device_tsl1401.o(.bss.tsl1401_data)
    tsl1401_finish_flag                      0x200079ee   Data           1  zf_device_tsl1401.o(.bss.tsl1401_finish_flag)
    user_image                               0x20007a0c   Data       22560  image.o(.bss.user_image)
    white_max_point                          0x2000d22c   Data           1  image.o(.bss.white_max_point)
    white_min_point                          0x2000d22d   Data           1  image.o(.bss.white_min_point)
    wireless_type                            0x2000d22e   Data           1  zf_device_type.o(.bss.wireless_type)
    Image$$ARM_LIB_HEAP$$ZI$$Base            0x2000d28c   Number         0  anon$$obj.o ABSOLUTE
    Image$$ARM_LIB_HEAP$$ZI$$Limit           0x2000d68c   Number         0  anon$$obj.o ABSOLUTE
    Image$$ARM_LIB_STACK$$ZI$$Limit          0x20020000   Number         0  anon$$obj.o ABSOLUTE



==============================================================================

Memory Map of the image

  Image Entry point : 0x08000401

  Load Region LR_m_text (Base: 0x08000000, Size: 0x0000bec4, Max: 0x00080000, ABSOLUTE, COMPRESSED[0x0000bbd4])

    Execution Region VECTOR_ROM (Exec base: 0x08000000, Load base: 0x08000000, Size: 0x00000190, Max: 0x00000400, ABSOLUTE)

    Exec Addr    Load Addr    Size         Type   Attr      Idx    E Section Name        Object

    0x08000000   0x08000000   0x00000190   Data   RO         1727    RESET               startup_mm32f3277g.o


    Execution Region ER_m_text (Exec base: 0x08000400, Load base: 0x08000400, Size: 0x0000b690, Max: 0x0007fc00, ABSOLUTE, FIXED)

    Exec Addr    Load Addr    Size         Type   Attr      Idx    E Section Name        Object

    0x08000400   0x08000400   0x00000000   Code   RO         2668  * .ARM.Collect$$$$00000000  mc_w.l(entry.o)
    0x08000400   0x08000400   0x00000004   Code   RO         3063    .ARM.Collect$$$$00000003  mc_w.l(entry4.o)
    0x08000404   0x08000404   0x00000004   Code   RO         3066    .ARM.Collect$$$$00000004  mc_w.l(entry5.o)
    0x08000408   0x08000408   0x00000000   Code   RO         3068    .ARM.Collect$$$$00000008  mc_w.l(entry7b.o)
    0x08000408   0x08000408   0x00000000   Code   RO         3070    .ARM.Collect$$$$0000000A  mc_w.l(entry8b.o)
    0x08000408   0x08000408   0x00000008   Code   RO         3071    .ARM.Collect$$$$0000000B  mc_w.l(entry9a.o)
    0x08000410   0x08000410   0x00000000   Code   RO         3073    .ARM.Collect$$$$0000000D  mc_w.l(entry10a.o)
    0x08000410   0x08000410   0x00000000   Code   RO         3075    .ARM.Collect$$$$0000000F  mc_w.l(entry11a.o)
    0x08000410   0x08000410   0x00000004   Code   RO         3064    .ARM.Collect$$$$00002714  mc_w.l(entry4.o)
    0x08000414   0x08000414   0x00000024   Code   RO         1728    .text               startup_mm32f3277g.o
    0x08000438   0x08000438   0x00000024   Code   RO         2671    .text               mc_w.l(memcpya.o)
    0x0800045c   0x0800045c   0x00000024   Code   RO         2673    .text               mc_w.l(memseta.o)
    0x08000480   0x08000480   0x0000000e   Code   RO         2681    .text               mc_w.l(strlen.o)
    0x0800048e   0x0800048e   0x0000001a   Code   RO         2685    .text               mc_w.l(memcmp.o)
    0x080004a8   0x080004a8   0x00000012   Code   RO         2687    .text               mc_w.l(strcpy.o)
    0x080004ba   0x080004ba   0x000000b0   Code   RO         2982    .text               mf_w.l(fadd.o)
    0x0800056a   0x0800056a   0x00000064   Code   RO         2984    .text               mf_w.l(fmul.o)
    0x080005ce   0x080005ce   0x0000007c   Code   RO         2986    .text               mf_w.l(fdiv.o)
    0x0800064a   0x0800064a   0x0000014e   Code   RO         2988    .text               mf_w.l(dadd.o)
    0x08000798   0x08000798   0x000000e4   Code   RO         2990    .text               mf_w.l(dmul.o)
    0x0800087c   0x0800087c   0x000000de   Code   RO         2992    .text               mf_w.l(ddiv.o)
    0x0800095a   0x0800095a   0x0000001c   Code   RO         2994    .text               mf_w.l(fcmple.o)
    0x08000976   0x08000976   0x0000001c   Code   RO         2996    .text               mf_w.l(fcmplt.o)
    0x08000992   0x08000992   0x0000001c   Code   RO         2998    .text               mf_w.l(fcmpge.o)
    0x080009ae   0x080009ae   0x0000001c   Code   RO         3000    .text               mf_w.l(fcmpgt.o)
    0x080009ca   0x080009ca   0x0000001c   Code   RO         3002    .text               mf_w.l(fcmpeq.o)
    0x080009e6   0x080009e6   0x00000012   Code   RO         3010    .text               mf_w.l(fflti.o)
    0x080009f8   0x080009f8   0x0000000a   Code   RO         3012    .text               mf_w.l(ffltui.o)
    0x08000a02   0x08000a02   0x00000022   Code   RO         3014    .text               mf_w.l(dflti.o)
    0x08000a24   0x08000a24   0x0000001a   Code   RO         3016    .text               mf_w.l(dfltui.o)
    0x08000a3e   0x08000a3e   0x00000032   Code   RO         3018    .text               mf_w.l(ffixi.o)
    0x08000a70   0x08000a70   0x0000003e   Code   RO         3020    .text               mf_w.l(dfixi.o)
    0x08000aae   0x08000aae   0x00000032   Code   RO         3022    .text               mf_w.l(dfixui.o)
    0x08000ae0   0x08000ae0   0x00000026   Code   RO         3024    .text               mf_w.l(f2d.o)
    0x08000b06   0x08000b06   0x00000038   Code   RO         3026    .text               mf_w.l(d2f.o)
    0x08000b3e   0x08000b3e   0x0000002c   Code   RO         3087    .text               mc_w.l(uidiv.o)
    0x08000b6a   0x08000b6a   0x00000062   Code   RO         3089    .text               mc_w.l(uldiv.o)
    0x08000bcc   0x08000bcc   0x0000001e   Code   RO         3091    .text               mc_w.l(llshl.o)
    0x08000bea   0x08000bea   0x00000020   Code   RO         3093    .text               mc_w.l(llushr.o)
    0x08000c0a   0x08000c0a   0x00000024   Code   RO         3095    .text               mc_w.l(llsshr.o)
    0x08000c2e   0x08000c2e   0x00000000   Code   RO         3106    .text               mc_w.l(iusefp.o)
    0x08000c2e   0x08000c2e   0x0000006e   Code   RO         3107    .text               mf_w.l(fepilogue.o)
    0x08000c9c   0x08000c9c   0x000000ba   Code   RO         3109    .text               mf_w.l(depilogue.o)
    0x08000d56   0x08000d56   0x00000030   Code   RO         3115    .text               mf_w.l(dfixul.o)
    0x08000d86   0x08000d86   0x00000002   PAD
    0x08000d88   0x08000d88   0x00000030   Code   RO         3119    .text               mf_w.l(cdrcmple.o)
    0x08000db8   0x08000db8   0x00000030   Code   RO         3121    .text               mc_w.l(init.o)
    0x08000de8   0x08000de8   0x00000056   Code   RO         3131    .text               mc_w.l(__dczerorl2.o)
    0x08000e3e   0x08000e3e   0x00000002   PAD
    0x08000e40   0x08000e40   0x0000001a   Code   RO           65    .text.DMA1_Channel1_IRQHandler  isr.o
    0x08000e5a   0x08000e5a   0x00000002   PAD
    0x08000e5c   0x08000e5c   0x0000001a   Code   RO           67    .text.DMA1_Channel2_IRQHandler  isr.o
    0x08000e76   0x08000e76   0x00000002   PAD
    0x08000e78   0x08000e78   0x0000001a   Code   RO           69    .text.DMA1_Channel3_IRQHandler  isr.o
    0x08000e92   0x08000e92   0x00000002   PAD
    0x08000e94   0x08000e94   0x00000028   Code   RO           71    .text.DMA1_Channel4_IRQHandler  isr.o
    0x08000ebc   0x08000ebc   0x0000001a   Code   RO           73    .text.DMA1_Channel5_IRQHandler  isr.o
    0x08000ed6   0x08000ed6   0x00000002   PAD
    0x08000ed8   0x08000ed8   0x0000001a   Code   RO           75    .text.DMA1_Channel6_IRQHandler  isr.o
    0x08000ef2   0x08000ef2   0x00000002   PAD
    0x08000ef4   0x08000ef4   0x0000001a   Code   RO           77    .text.DMA1_Channel7_IRQHandler  isr.o
    0x08000f0e   0x08000f0e   0x00000002   PAD
    0x08000f10   0x08000f10   0x0000001c   Code   RO           79    .text.DMA2_Channel1_IRQHandler  isr.o
    0x08000f2c   0x08000f2c   0x0000001c   Code   RO           81    .text.DMA2_Channel2_IRQHandler  isr.o
    0x08000f48   0x08000f48   0x0000001c   Code   RO           83    .text.DMA2_Channel3_IRQHandler  isr.o
    0x08000f64   0x08000f64   0x0000001c   Code   RO           85    .text.DMA2_Channel4_IRQHandler  isr.o
    0x08000f80   0x08000f80   0x0000001c   Code   RO           87    .text.DMA2_Channel5_IRQHandler  isr.o
    0x08000f9c   0x08000f9c   0x00000012   Code   RO           51    .text.EXTI0_IRQHandler  isr.o
    0x08000fae   0x08000fae   0x00000002   PAD
    0x08000fb0   0x08000fb0   0x0000006a   Code   RO           63    .text.EXTI15_10_IRQHandler  isr.o
    0x0800101a   0x0800101a   0x00000002   PAD
    0x0800101c   0x0800101c   0x00000012   Code   RO           53    .text.EXTI1_IRQHandler  isr.o
    0x0800102e   0x0800102e   0x00000002   PAD
    0x08001030   0x08001030   0x00000012   Code   RO           55    .text.EXTI2_IRQHandler  isr.o
    0x08001042   0x08001042   0x00000002   PAD
    0x08001044   0x08001044   0x00000012   Code   RO           57    .text.EXTI3_IRQHandler  isr.o
    0x08001056   0x08001056   0x00000002   PAD
    0x08001058   0x08001058   0x00000018   Code   RO           59    .text.EXTI4_IRQHandler  isr.o
    0x08001070   0x08001070   0x00000060   Code   RO           61    .text.EXTI9_5_IRQHandler  isr.o
    0x080010d0   0x080010d0   0x0000013c   Code   RO          162    .text.FUN_INIT      auto_menu.o
    0x0800120c   0x0800120c   0x00000002   Code   RO          154    .text.NULL_FUN      auto_menu.o
    0x0800120e   0x0800120e   0x00000002   PAD
    0x08001210   0x08001210   0x0000000c   Code   RO         1720    .text.SystemInit    system_mm32f3277g.o
    0x0800121c   0x0800121c   0x00000014   Code   RO           19    .text.TIM1_UP_IRQHandler  isr.o
    0x08001230   0x08001230   0x00000012   Code   RO           21    .text.TIM2_IRQHandler  isr.o
    0x08001242   0x08001242   0x00000002   PAD
    0x08001244   0x08001244   0x00000014   Code   RO           23    .text.TIM3_IRQHandler  isr.o
    0x08001258   0x08001258   0x00000014   Code   RO           25    .text.TIM4_IRQHandler  isr.o
    0x0800126c   0x0800126c   0x00000014   Code   RO           27    .text.TIM5_IRQHandler  isr.o
    0x08001280   0x08001280   0x0000001a   Code   RO           29    .text.TIM6_IRQHandler  isr.o
    0x0800129a   0x0800129a   0x00000002   PAD
    0x0800129c   0x0800129c   0x0000001a   Code   RO           31    .text.TIM7_IRQHandler  isr.o
    0x080012b6   0x080012b6   0x00000002   PAD
    0x080012b8   0x080012b8   0x0000001a   Code   RO           33    .text.TIM8_UP_IRQHandler  isr.o
    0x080012d2   0x080012d2   0x00000002   PAD
    0x080012d4   0x080012d4   0x0000002c   Code   RO           35    .text.UART1_IRQHandler  isr.o
    0x08001300   0x08001300   0x00000032   Code   RO           37    .text.UART2_IRQHandler  isr.o
    0x08001332   0x08001332   0x00000002   PAD
    0x08001334   0x08001334   0x0000002c   Code   RO           39    .text.UART3_IRQHandler  isr.o
    0x08001360   0x08001360   0x0000002c   Code   RO           41    .text.UART4_IRQHandler  isr.o
    0x0800138c   0x0800138c   0x0000002c   Code   RO           43    .text.UART5_IRQHandler  isr.o
    0x080013b8   0x080013b8   0x0000003a   Code   RO           45    .text.UART6_IRQHandler  isr.o
    0x080013f2   0x080013f2   0x00000002   PAD
    0x080013f4   0x080013f4   0x0000002c   Code   RO           47    .text.UART7_IRQHandler  isr.o
    0x08001420   0x08001420   0x0000003a   Code   RO           49    .text.UART8_IRQHandler  isr.o
    0x0800145a   0x0800145a   0x00000002   PAD
    0x0800145c   0x0800145c   0x00000134   Code   RO          160    .text.UNIT_SET      auto_menu.o
    0x08001590   0x08001590   0x00000046   Code   RO          574    .text.adc_convert   zf_driver_adc.o
    0x080015d6   0x080015d6   0x00000002   PAD
    0x080015d8   0x080015d8   0x0000007e   Code   RO          687    .text.afio_init     zf_driver_gpio.o
    0x08001656   0x08001656   0x00000002   PAD
    0x08001658   0x08001658   0x00000146   Code   RO          118    .text.assist_menu   auto_menu.o
    0x0800179e   0x0800179e   0x00000002   PAD
    0x080017a0   0x080017a0   0x0000000c   Code   RO          391    .text.beep_init     beep.o
    0x080017ac   0x080017ac   0x00000008   Code   RO          397    .text.beep_off      beep.o
    0x080017b4   0x080017b4   0x00000008   Code   RO          395    .text.beep_on       beep.o
    0x080017bc   0x080017bc   0x000001ec   Code   RO          216    .text.button_entry  key.o
    0x080019a8   0x080019a8   0x00000018   Code   RO         1064    .text.camera_fifo_init  zf_device_camera.o
    0x080019c0   0x080019c0   0x0000005e   Code   RO         1066    .text.camera_init   zf_device_camera.o
    0x08001a1e   0x08001a1e   0x00000002   PAD
    0x08001a20   0x08001a20   0x000001c0   Code   RO          116    .text.center_menu   auto_menu.o
    0x08001be0   0x08001be0   0x00000208   Code   RO          120    .text.change_value  auto_menu.o
    0x08001de8   0x08001de8   0x00000060   Code   RO          134    .text.circle        auto_menu.o
    0x08001e48   0x08001e48   0x00000228   Code   RO          429    .text.clock_init    zf_common_clock.o
    0x08002070   0x08002070   0x000000a2   Code   RO           96    .text.dad_name_init  auto_menu.o
    0x08002112   0x08002112   0x00000002   PAD
    0x08002114   0x08002114   0x000000f8   Code   RO          447    .text.debug_assert_handler  zf_common_debug.o
    0x0800220c   0x0800220c   0x0000007e   Code   RO          457    .text.debug_init    zf_common_debug.o
    0x0800228a   0x0800228a   0x00000002   PAD
    0x0800228c   0x0800228c   0x00000030   Code   RO          451    .text.debug_log_handler  zf_common_debug.o
    0x080022bc   0x080022bc   0x00000340   Code   RO          449    .text.debug_output  zf_common_debug.o
    0x080025fc   0x080025fc   0x00000062   Code   RO          455    .text.debug_output_init  zf_common_debug.o
    0x0800265e   0x0800265e   0x00000002   PAD
    0x08002660   0x08002660   0x00000016   Code   RO          453    .text.debug_output_struct_init  zf_common_debug.o
    0x08002676   0x08002676   0x00000002   PAD
    0x08002678   0x08002678   0x00000008   Code   RO          459    .text.debug_uart_str_output  zf_common_debug.o
    0x08002680   0x08002680   0x0000008a   Code   RO         1080    .text.dl1a_get_distance  zf_device_dl1a.o
    0x0800270a   0x0800270a   0x00000002   PAD
    0x0800270c   0x0800270c   0x00000004   Code   RO         1082    .text.dl1a_int_handler  zf_device_dl1a.o
    0x08002710   0x08002710   0x0000002a   Code   RO         1104    .text.dm1xa_light_callback  zf_device_dm1xa.o
    0x0800273a   0x0800273a   0x00000002   PAD
    0x0800273c   0x0800273c   0x000000c6   Code   RO         1102    .text.dm1xa_sound_callback  zf_device_dm1xa.o
    0x08002802   0x08002802   0x00000002   PAD
    0x08002804   0x08002804   0x0000008c   Code   RO          610    .text.dma_camera_init  zf_driver_dma.o
    0x08002890   0x08002890   0x00000026   Code   RO          608    .text.dma_disable   zf_driver_dma.o
    0x080028b6   0x080028b6   0x00000002   PAD
    0x080028b8   0x080028b8   0x00000026   Code   RO          606    .text.dma_enable    zf_driver_dma.o
    0x080028de   0x080028de   0x00000002   PAD
    0x080028e0   0x080028e0   0x00000020   Code   RO          604    .text.dma_set_count  zf_driver_dma.o
    0x08002900   0x08002900   0x00000040   Code   RO          623    .text.encoder_clear_count  zf_driver_encoder.o
    0x08002940   0x08002940   0x00000068   Code   RO          621    .text.encoder_get_count  zf_driver_encoder.o
    0x080029a8   0x080029a8   0x00000022   Code   RO          276    .text.encoder_init  encoder.o
    0x080029ca   0x080029ca   0x00000002   PAD
    0x080029cc   0x080029cc   0x000000e0   Code   RO          625    .text.encoder_quad_init  zf_driver_encoder.o
    0x08002aac   0x08002aac   0x00000148   Code   RO          643    .text.exti_init     zf_driver_exti.o
    0x08002bf4   0x08002bf4   0x0000005c   Code   RO          481    .text.fifo_clear    zf_common_fifo.o
    0x08002c50   0x08002c50   0x0000003e   Code   RO          495    .text.fifo_init     zf_common_fifo.o
    0x08002c8e   0x08002c8e   0x00000002   PAD
    0x08002c90   0x08002c90   0x00000144   Code   RO          491    .text.fifo_read_buffer  zf_common_fifo.o
    0x08002dd4   0x08002dd4   0x00000020   Code   RO          483    .text.fifo_used     zf_common_fifo.o
    0x08002df4   0x08002df4   0x000001c2   Code   RO          487    .text.fifo_write_buffer  zf_common_fifo.o
    0x08002fb6   0x08002fb6   0x00000002   PAD
    0x08002fb8   0x08002fb8   0x0000007a   Code   RO          485    .text.fifo_write_element  zf_common_fifo.o
    0x08003032   0x08003032   0x00000002   PAD
    0x08003034   0x08003034   0x0000010e   Code   RO          408    .text.first_order_complementary_filtering  imu.o
    0x08003142   0x08003142   0x00000002   PAD
    0x08003144   0x08003144   0x0000001c   Code   RO          439    .text.fputc         zf_common_debug.o
    0x08003160   0x08003160   0x000000e6   Code   RO          108    .text.fun_init      auto_menu.o
    0x08003246   0x08003246   0x00000002   PAD
    0x08003248   0x08003248   0x0000014a   Code   RO          532    .text.func_float_to_str  zf_common_function.o
    0x08003392   0x08003392   0x00000002   PAD
    0x08003394   0x08003394   0x00000018   Code   RO          518    .text.func_get_greatest_common_divisor  zf_common_function.o
    0x080033ac   0x080033ac   0x0000009e   Code   RO          524    .text.func_int_to_str  zf_common_function.o
    0x0800344a   0x0800344a   0x00000002   PAD
    0x0800344c   0x0800344c   0x00000082   Code   RO          528    .text.func_uint_to_str  zf_common_function.o
    0x080034ce   0x080034ce   0x00000002   PAD
    0x080034d0   0x080034d0   0x0000006a   Code   RO          142    .text.get_store_1   auto_menu.o
    0x0800353a   0x0800353a   0x00000002   PAD
    0x0800353c   0x0800353c   0x00000066   Code   RO          146    .text.get_store_2   auto_menu.o
    0x080035a2   0x080035a2   0x00000002   PAD
    0x080035a4   0x080035a4   0x00000020   Code   RO          679    .text.gpio_get_level  zf_driver_gpio.o
    0x080035c4   0x080035c4   0x0000008a   Code   RO          685    .text.gpio_init     zf_driver_gpio.o
    0x0800364e   0x0800364e   0x00000002   PAD
    0x08003650   0x08003650   0x0000002c   Code   RO          677    .text.gpio_set_level  zf_driver_gpio.o
    0x0800367c   0x0800367c   0x0000002c   Code   RO          681    .text.gpio_toggle_level  zf_driver_gpio.o
    0x080036a8   0x080036a8   0x000000f4   Code   RO         1130    .text.gps_uart_callback  zf_device_gps_tau1201.o
    0x0800379c   0x0800379c   0x00000150   Code   RO          308    .text.image_calculate_mid  image.o
    0x080038ec   0x080038ec   0x00000364   Code   RO          306    .text.image_circle_analysis  image.o
    0x08003c50   0x08003c50   0x00000070   Code   RO          298    .text.image_connect_point  image.o
    0x08003cc0   0x08003cc0   0x00000322   Code   RO          302    .text.image_cross_analysis  image.o
    0x08003fe2   0x08003fe2   0x00000002   PAD
    0x08003fe4   0x08003fe4   0x0000009a   Code   RO          312    .text.image_display_edge_line  image.o
    0x0800407e   0x0800407e   0x00000002   PAD
    0x08004080   0x08004080   0x000002ba   Code   RO          318    .text.image_process  image.o
    0x0800433a   0x0800433a   0x00000002   PAD
    0x0800433c   0x0800433c   0x000000f6   Code   RO          300    .text.image_stretch_point  image.o
    0x08004432   0x08004432   0x00000002   PAD
    0x08004434   0x08004434   0x0000005c   Code   RO         1207    .text.imu963ra_get_acc  zf_device_imu963ra.o
    0x08004490   0x08004490   0x0000005c   Code   RO         1209    .text.imu963ra_get_gyro  zf_device_imu963ra.o
    0x080044ec   0x080044ec   0x00000488   Code   RO         1213    .text.imu963ra_init  zf_device_imu963ra.o
    0x08004974   0x08004974   0x000000f4   Code   RO         1215    .text.imu963ra_write_mag_register  zf_device_imu963ra.o
    0x08004a68   0x08004a68   0x00000028   Code   RO          559    .text.interrupt_disable  zf_common_interrupt.o
    0x08004a90   0x08004a90   0x00000020   Code   RO          557    .text.interrupt_enable  zf_common_interrupt.o
    0x08004ab0   0x08004ab0   0x00000016   Code   RO          555    .text.interrupt_global_disable  zf_common_interrupt.o
    0x08004ac6   0x08004ac6   0x00000002   PAD
    0x08004ac8   0x08004ac8   0x0000001c   Code   RO          563    .text.interrupt_init  zf_common_interrupt.o
    0x08004ae4   0x08004ae4   0x00000022   Code   RO          561    .text.interrupt_set_priority  zf_common_interrupt.o
    0x08004b06   0x08004b06   0x00000002   PAD
    0x08004b08   0x08004b08   0x00000118   Code   RO         1289    .text.ips200_clear  zf_device_ips200.o
    0x08004c20   0x08004c20   0x00000104   Code   RO         1301    .text.ips200_draw_point  zf_device_ips200.o
    0x08004d24   0x08004d24   0x00001386   Code   RO         1325    .text.ips200_init   zf_device_ips200.o
    0x080060aa   0x080060aa   0x00000002   PAD
    0x080060ac   0x080060ac   0x00000354   Code   RO         1291    .text.ips200_set_region  zf_device_ips200.o
    0x08006400   0x08006400   0x000002de   Code   RO         1305    .text.ips200_show_char  zf_device_ips200.o
    0x080066de   0x080066de   0x00000002   PAD
    0x080066e0   0x080066e0   0x00000130   Code   RO         1313    .text.ips200_show_float  zf_device_ips200.o
    0x08006810   0x08006810   0x00000216   Code   RO         1317    .text.ips200_show_gray_image  zf_device_ips200.o
    0x08006a26   0x08006a26   0x00000002   PAD
    0x08006a28   0x08006a28   0x000000d8   Code   RO         1309    .text.ips200_show_int  zf_device_ips200.o
    0x08006b00   0x08006b00   0x000000a6   Code   RO         1307    .text.ips200_show_string  zf_device_ips200.o
    0x08006ba6   0x08006ba6   0x00000002   PAD
    0x08006ba8   0x08006ba8   0x000000d8   Code   RO         1311    .text.ips200_show_uint  zf_device_ips200.o
    0x08006c80   0x08006c80   0x00000036   Code   RO          218    .text.key_into      key.o
    0x08006cb6   0x08006cb6   0x00000002   PAD
    0x08006cb8   0x08006cb8   0x000000b4   Code   RO            4    .text.main          main.o
    0x08006d6c   0x08006d6c   0x000000c2   Code   RO          130    .text.menu_init     auto_menu.o
    0x08006e2e   0x08006e2e   0x00000002   PAD
    0x08006e30   0x08006e30   0x00000042   Code   RO          246    .text.motor_init    motor.o
    0x08006e72   0x08006e72   0x00000002   PAD
    0x08006e74   0x08006e74   0x000000cc   Code   RO          256    .text.motor_process  motor.o
    0x08006f40   0x08006f40   0x000002b0   Code   RO          252    .text.motor_setspeed  motor.o
    0x080071f0   0x080071f0   0x00000016   Code   RO         1397    .text.mt9v03x_dma_handler  zf_device_mt9v03x.o
    0x08007206   0x08007206   0x00000002   PAD
    0x08007208   0x08007208   0x000002f8   Code   RO         1403    .text.mt9v03x_init  zf_device_mt9v03x.o
    0x08007500   0x08007500   0x0000003c   Code   RO         2628    .text.mt9v03x_read_word_sccb  zf_device_config.lib(zf_device_config.o)
    0x0800753c   0x0800753c   0x000009ae   Code   RO         2624    .text.mt9v03x_set_config_sccb  zf_device_config.lib(zf_device_config.o)
    0x08007eea   0x08007eea   0x00000002   PAD
    0x08007eec   0x08007eec   0x0000003c   Code   RO         1399    .text.mt9v03x_uart_handler  zf_device_mt9v03x.o
    0x08007f28   0x08007f28   0x00000032   Code   RO         1395    .text.mt9v03x_vsync_handler  zf_device_mt9v03x.o
    0x08007f5a   0x08007f5a   0x00000002   PAD
    0x08007f5c   0x08007f5c   0x00000032   Code   RO         2626    .text.mt9v03x_write_word_sccb  zf_device_config.lib(zf_device_config.o)
    0x08007f8e   0x08007f8e   0x00000002   PAD
    0x08007f90   0x08007f90   0x000000f2   Code   RO          355    .text.pid_increment  pid.o
    0x08008082   0x08008082   0x00000002   PAD
    0x08008084   0x08008084   0x000000b4   Code   RO          357    .text.pid_positional  pid.o
    0x08008138   0x08008138   0x00000042   Code   RO            6    .text.pit6_handler  main.o
    0x0800817a   0x0800817a   0x00000002   PAD
    0x0800817c   0x0800817c   0x00000076   Code   RO            8    .text.pit7_handler  main.o
    0x080081f2   0x080081f2   0x00000002   PAD
    0x080081f4   0x080081f4   0x000000c8   Code   RO          755    .text.pit_init      zf_driver_pit.o
    0x080082bc   0x080082bc   0x00000188   Code   RO          768    .text.pwm_init      zf_driver_pwm.o
    0x08008444   0x08008444   0x000000cc   Code   RO          766    .text.pwm_set_duty  zf_driver_pwm.o
    0x08008510   0x08008510   0x000002c8   Code   RO          290    .text.search_line   image.o
    0x080087d8   0x080087d8   0x00000060   Code   RO          132    .text.servo         auto_menu.o
    0x08008838   0x08008838   0x00000164   Code   RO          373    .text.servo_control  servo.o
    0x0800899c   0x0800899c   0x00000010   Code   RO          367    .text.servo_init    servo.o
    0x080089ac   0x080089ac   0x00000094   Code   RO          375    .text.servo_process  servo.o
    0x08008a40   0x08008a40   0x00000046   Code   RO         1608    .text.set_camera_type  zf_device_type.o
    0x08008a86   0x08008a86   0x00000002   PAD
    0x08008a88   0x08008a88   0x00000024   Code   RO         1610    .text.set_wireless_type  zf_device_type.o
    0x08008aac   0x08008aac   0x000000b4   Code   RO          156    .text.show_image    auto_menu.o
    0x08008b60   0x08008b60   0x00000104   Code   RO          128    .text.show_process  auto_menu.o
    0x08008c64   0x08008c64   0x00000068   Code   RO          136    .text.slow_down     auto_menu.o
    0x08008ccc   0x08008ccc   0x00000060   Code   RO          853    .text.soft_iic_init  zf_driver_soft_iic.o
    0x08008d2c   0x08008d2c   0x00000088   Code   RO          839    .text.soft_iic_read_8bit_registers  zf_driver_soft_iic.o
    0x08008db4   0x08008db4   0x00000170   Code   RO          829    .text.soft_iic_read_data  zf_driver_soft_iic.o
    0x08008f24   0x08008f24   0x00000064   Code   RO          851    .text.soft_iic_sccb_read_register  zf_driver_soft_iic.o
    0x08008f88   0x08008f88   0x0000004a   Code   RO          849    .text.soft_iic_sccb_write_register  zf_driver_soft_iic.o
    0x08008fd2   0x08008fd2   0x00000002   PAD
    0x08008fd4   0x08008fd4   0x00000130   Code   RO          809    .text.soft_iic_send_data  zf_driver_soft_iic.o
    0x08009104   0x08009104   0x0000008e   Code   RO          807    .text.soft_iic_start  zf_driver_soft_iic.o
    0x08009192   0x08009192   0x00000002   PAD
    0x08009194   0x08009194   0x0000008e   Code   RO          811    .text.soft_iic_stop  zf_driver_soft_iic.o
    0x08009222   0x08009222   0x00000002   PAD
    0x08009224   0x08009224   0x0000004a   Code   RO          819    .text.soft_iic_write_8bit_register  zf_driver_soft_iic.o
    0x0800926e   0x0800926e   0x00000002   PAD
    0x08009270   0x08009270   0x0000006c   Code   RO          138    .text.speed_policy  auto_menu.o
    0x080092dc   0x080092dc   0x000001b8   Code   RO          951    .text.spi_init      zf_driver_spi.o
    0x08009494   0x08009494   0x00000048   Code   RO          939    .text.spi_read_8bit_register  zf_driver_spi.o
    0x080094dc   0x080094dc   0x00000078   Code   RO          941    .text.spi_read_8bit_registers  zf_driver_spi.o
    0x08009554   0x08009554   0x0000003c   Code   RO          919    .text.spi_write_16bit  zf_driver_spi.o
    0x08009590   0x08009590   0x00000030   Code   RO          915    .text.spi_write_8bit  zf_driver_spi.o
    0x080095c0   0x080095c0   0x00000038   Code   RO          923    .text.spi_write_8bit_register  zf_driver_spi.o
    0x080095f8   0x080095f8   0x0000004c   Code   RO          158    .text.start         auto_menu.o
    0x08009644   0x08009644   0x000000b4   Code   RO          140    .text.store_1_200   auto_menu.o
    0x080096f8   0x080096f8   0x000000dc   Code   RO          144    .text.store_2_250   auto_menu.o
    0x080097d4   0x080097d4   0x000000e0   Code   RO          148    .text.store_3_300   auto_menu.o
    0x080098b4   0x080098b4   0x000000e0   Code   RO          150    .text.store_4_350   auto_menu.o
    0x08009994   0x08009994   0x000000e0   Code   RO          152    .text.store_5_400   auto_menu.o
    0x08009a74   0x08009a74   0x0000006c   Code   RO          591    .text.system_delay_ms  zf_driver_delay.o
    0x08009ae0   0x08009ae0   0x0000004c   Code   RO          973    .text.timer_clear   zf_driver_timer.o
    0x08009b2c   0x08009b2c   0x000000aa   Code   RO          965    .text.timer_clock_enable  zf_driver_timer.o
    0x08009bd6   0x08009bd6   0x00000002   PAD
    0x08009bd8   0x08009bd8   0x0000016a   Code   RO          977    .text.timer_etr_init  zf_driver_timer.o
    0x08009d42   0x08009d42   0x00000002   PAD
    0x08009d44   0x08009d44   0x0000001e   Code   RO          963    .text.timer_funciton_check  zf_driver_timer.o
    0x08009d62   0x08009d62   0x00000002   PAD
    0x08009d64   0x08009d64   0x0000005e   Code   RO          971    .text.timer_get     zf_driver_timer.o
    0x08009dc2   0x08009dc2   0x00000002   PAD
    0x08009dc4   0x08009dc4   0x000000a2   Code   RO         1589    .text.tsl1401_collect_pit_handler  zf_device_tsl1401.o
    0x08009e66   0x08009e66   0x00000002   PAD
    0x08009e68   0x08009e68   0x00000002   Code   RO         1606    .text.type_default_callback  zf_device_type.o
    0x08009e6a   0x08009e6a   0x00000002   PAD
    0x08009e6c   0x08009e6c   0x000001b4   Code   RO         1004    .text.uart_init     zf_driver_uart.o
    0x0800a020   0x0800a020   0x0000003a   Code   RO          998    .text.uart_query_byte  zf_driver_uart.o
    0x0800a05a   0x0800a05a   0x00000002   PAD
    0x0800a05c   0x0800a05c   0x00000060   Code   RO         1002    .text.uart_rx_interrupt  zf_driver_uart.o
    0x0800a0bc   0x0800a0bc   0x00000048   Code   RO          992    .text.uart_write_buffer  zf_driver_uart.o
    0x0800a104   0x0800a104   0x00000018   Code   RO          990    .text.uart_write_byte  zf_driver_uart.o
    0x0800a11c   0x0800a11c   0x00000048   Code   RO          994    .text.uart_write_string  zf_driver_uart.o
    0x0800a164   0x0800a164   0x00000266   Code   RO          106    .text.unit_param_set  auto_menu.o
    0x0800a3ca   0x0800a3ca   0x00000002   PAD
    0x0800a3cc   0x0800a3cc   0x00000064   Code   RO         1702    .text.wireless_uart_callback  zf_device_wireless_uart.o
    0x0800a430   0x0800a430   0x000000fa   Code   RO         1704    .text.wireless_uart_init  zf_device_wireless_uart.o
    0x0800a52a   0x0800a52a   0x00000002   PAD
    0x0800a52c   0x0800a52c   0x00000020   Code   RO         2926    i.__0printf         mc_w.l(printfa.o)
    0x0800a54c   0x0800a54c   0x00000028   Code   RO         2928    i.__0sprintf        mc_w.l(printfa.o)
    0x0800a574   0x0800a574   0x00000050   Code   RO         2954    i.__free$2region    mc_w.l(malloc2.o)
    0x0800a5c4   0x0800a5c4   0x0000006c   Code   RO         2955    i.__malloc$2region  mc_w.l(malloc2.o)
    0x0800a630   0x0800a630   0x0000000e   Code   RO         3125    i.__scatterload_copy  mc_w.l(handlers.o)
    0x0800a63e   0x0800a63e   0x00000002   Code   RO         3126    i.__scatterload_null  mc_w.l(handlers.o)
    0x0800a640   0x0800a640   0x0000000e   Code   RO         3127    i.__scatterload_zeroinit  mc_w.l(handlers.o)
    0x0800a64e   0x0800a64e   0x00000002   PAD
    0x0800a650   0x0800a650   0x00000184   Code   RO         2933    i._fp_digits        mc_w.l(printfa.o)
    0x0800a7d4   0x0800a7d4   0x000006dc   Code   RO         2934    i._printf_core      mc_w.l(printfa.o)
    0x0800aeb0   0x0800aeb0   0x00000024   Code   RO         2935    i._printf_post_padding  mc_w.l(printfa.o)
    0x0800aed4   0x0800aed4   0x0000002e   Code   RO         2936    i._printf_pre_padding  mc_w.l(printfa.o)
    0x0800af02   0x0800af02   0x0000000a   Code   RO         2938    i._sputc            mc_w.l(printfa.o)
    0x0800af0c   0x0800af0c   0x000000ac   Data   RO          471    .rodata..L__const.debug_protective_handler.pin_list  zf_common_debug.o
    0x0800afb8   0x0800afb8   0x00000228   Data   RO          507    .rodata.ascii_font_6x8  zf_common_font.o
    0x0800b1e0   0x0800b1e0   0x000005f0   Data   RO          506    .rodata.ascii_font_8x16  zf_common_font.o
    0x0800b7d0   0x0800b7d0   0x00000020   Data   RO         1006    .rodata.cst32       zf_driver_uart.o
    0x0800b7f0   0x0800b7f0   0x00000008   Data   RO          580    .rodata.cst8        zf_driver_adc.o
    0x0800b7f8   0x0800b7f8   0x00000008   Data   RO          612    .rodata.cst8        zf_driver_dma.o
    0x0800b800   0x0800b800   0x00000008   Data   RO          953    .rodata.cst8        zf_driver_spi.o
    0x0800b808   0x0800b808   0x00000008   Data   RO         1009    .rodata.cst8        zf_driver_uart.o
    0x0800b810   0x0800b810   0x00000015   Data   RO          171    .rodata.str1.1      auto_menu.o
    0x0800b825   0x0800b825   0x00000009   Data   RO          472    .rodata.str1.1      zf_common_debug.o
    0x0800b82e   0x0800b82e   0x0000002b   Data   RO          497    .rodata.str1.1      zf_common_fifo.o
    0x0800b859   0x0800b859   0x0000002f   Data   RO          544    .rodata.str1.1      zf_common_function.o
    0x0800b888   0x0800b888   0x0000002c   Data   RO          595    .rodata.str1.1      zf_driver_delay.o
    0x0800b8b4   0x0800b8b4   0x0000002e   Data   RO          630    .rodata.str1.1      zf_driver_encoder.o
    0x0800b8e2   0x0800b8e2   0x0000002a   Data   RO          757    .rodata.str1.1      zf_driver_pit.o
    0x0800b90c   0x0800b90c   0x0000002a   Data   RO          770    .rodata.str1.1      zf_driver_pwm.o
    0x0800b936   0x0800b936   0x0000002f   Data   RO          855    .rodata.str1.1      zf_driver_soft_iic.o
    0x0800b965   0x0800b965   0x0000002a   Data   RO          954    .rodata.str1.1      zf_driver_spi.o
    0x0800b98f   0x0800b98f   0x0000002c   Data   RO          981    .rodata.str1.1      zf_driver_timer.o
    0x0800b9bb   0x0800b9bb   0x0000002b   Data   RO         1007    .rodata.str1.1      zf_driver_uart.o
    0x0800b9e6   0x0800b9e6   0x0000002f   Data   RO         1227    .rodata.str1.1      zf_device_imu963ra.o
    0x0800ba15   0x0800ba15   0x0000002d   Data   RO         1334    .rodata.str1.1      zf_device_ips200.o
    0x0800ba42   0x0800ba42   0x0000002e   Data   RO         1409    .rodata.str1.1      zf_device_mt9v03x.o
    0x0800ba70   0x0800ba70   0x00000020   Data   RO         3124    Region$$Table       anon$$obj.o


    Execution Region RW_m_data (Exec base: 0x20000000, Load base: 0x0800ba90, Size: 0x0000d28c, Max: 0x0001dc00, ABSOLUTE, COMPRESSED[0x00000144])

    Exec Addr    Load Addr    Size         Type   Attr      Idx    E Section Name        Object

    0x20000000   COMPRESSED   0x00000004   Data   RW         3077    .data               mc_w.l(stdout.o)
    0x20000004   COMPRESSED   0x00000004   Data   RW         3097    .data               mc_w.l(mvars.o)
    0x20000008   COMPRESSED   0x00000004   Data   RW         3098    .data               mc_w.l(mvars.o)
    0x2000000c   COMPRESSED   0x00000001   Data   RW          170    .data.DAD_NUM       auto_menu.o
    0x2000000d   COMPRESSED   0x00000001   Data   RW          183    .data.begin_menu_flag  auto_menu.o
    0x2000000e   COMPRESSED   0x00000002   PAD
    0x20000010   COMPRESSED   0x00000004   Data   RW          415    .data.call_cycle    imu.o
    0x20000014   COMPRESSED   0x00000004   Data   RW         1615    .data.camera_dma_handler  zf_device_type.o
    0x20000018   COMPRESSED   0x00000004   Data   RW         1613    .data.camera_uart_handler  zf_device_type.o
    0x2000001c   COMPRESSED   0x00000004   Data   RW         1614    .data.camera_vsync_handler  zf_device_type.o
    0x20000020   COMPRESSED   0x00000004   Data   RW          194    .data.dif_speed_reduce  auto_menu.o
    0x20000024   COMPRESSED   0x00000002   Data   RW         1091    .data.dl1a_distance_mm  zf_device_dl1a.o
    0x20000026   COMPRESSED   0x00000002   Data   RW         1115    .data.dm1xa_distance_mm  zf_device_dm1xa.o
    0x20000028   COMPRESSED   0x00000008   Data   RW          629    .data.encoder_dir_pin  zf_driver_encoder.o
    0x20000030   COMPRESSED   0x00000020   Data   RW          689    .data.gpio_group    zf_driver_gpio.o
    0x20000050   COMPRESSED   0x00000001   Data   RW          410    .data.gyro_ration   imu.o
    0x20000051   COMPRESSED   0x00000003   PAD
    0x20000054   COMPRESSED   0x0000000c   Data   RW         1226    .data.imu963ra_transition_factor  zf_device_imu963ra.o
    0x20000060   COMPRESSED   0x00000002   Data   RW         1330    .data.ips200_bgcolor  zf_device_ips200.o
    0x20000062   COMPRESSED   0x00000001   Data   RW         1332    .data.ips200_display_font  zf_device_ips200.o
    0x20000063   COMPRESSED   0x00000001   PAD
    0x20000064   COMPRESSED   0x00000002   Data   RW         1333    .data.ips200_pencolor  zf_device_ips200.o
    0x20000066   COMPRESSED   0x00000002   PAD
    0x20000068   COMPRESSED   0x00000004   Data   RW          190    .data.kd1           auto_menu.o
    0x2000006c   COMPRESSED   0x00000004   Data   RW          189    .data.kp            auto_menu.o
    0x20000070   COMPRESSED   0x00000004   Data   RW          192    .data.kp_min        auto_menu.o
    0x20000074   COMPRESSED   0x00000078   Data   RW          335    .data.mid_weight    image.o
    0x200000ec   COMPRESSED   0x00000078   Data   RW          330    .data.mid_weight_1  image.o
    0x20000164   COMPRESSED   0x00000078   Data   RW          331    .data.mid_weight_2  image.o
    0x200001dc   COMPRESSED   0x00000078   Data   RW          332    .data.mid_weight_3  image.o
    0x20000254   COMPRESSED   0x00000078   Data   RW          333    .data.mid_weight_4  image.o
    0x200002cc   COMPRESSED   0x00000078   Data   RW          334    .data.mid_weight_5  image.o
    0x20000344   COMPRESSED   0x00000004   Data   RW          264    .data.motor_pid_kd  motor.o
    0x20000348   COMPRESSED   0x00000004   Data   RW          263    .data.motor_pid_ki  motor.o
    0x2000034c   COMPRESSED   0x00000004   Data   RW          262    .data.motor_pid_kp  motor.o
    0x20000350   COMPRESSED   0x00000024   Data   RW         1410    .data.mt9v03x_get_confing_buffer  zf_device_mt9v03x.o
    0x20000374   COMPRESSED   0x00000028   Data   RW         1407    .data.mt9v03x_set_confing_buffer  zf_device_mt9v03x.o
    0x2000039c   COMPRESSED   0x00000001   Data   RW          339    .data.prospect      image.o
    0x2000039d   COMPRESSED   0x00000001   Data   RW          325    .data.reference_contrast_ratio  image.o
    0x2000039e   COMPRESSED   0x00000002   PAD
    0x200003a0   COMPRESSED   0x00000004   Data   RW          379    .data.servo_pid_kd1  servo.o
    0x200003a4   COMPRESSED   0x00000004   Data   RW          377    .data.servo_pid_kp  servo.o
    0x200003a8   COMPRESSED   0x00000078   Data   RW          336    .data.single_edge_err  image.o
    0x20000420   COMPRESSED   0x00000004   Data   RW          188    .data.speed         auto_menu.o
    0x20000424   COMPRESSED   0x00000004   Data   RW          431    .data.system_clock  zf_common_clock.o
    0x20000428   COMPRESSED   0x00000003   Data   RW         1710    .data.wireless_auto_baud_data  zf_device_wireless_uart.o
    0x2000042b   COMPRESSED   0x00000001   Data   RW         1709    .data.wireless_auto_baud_flag  zf_device_wireless_uart.o
    0x2000042c   COMPRESSED   0x00000004   Data   RW         1617    .data.wireless_module_uart_handler  zf_device_type.o
    0x20000430   COMPRESSED   0x00000001   Data   RW          462    .data.zf_debug_assert_enable  zf_common_debug.o
    0x20000431   COMPRESSED   0x00000003   PAD
    0x20000434        -       0x00000004   Zero   RW          172    .bss.P_dad_head     auto_menu.o
    0x20000438        -       0x00000002   Zero   RW          581    .bss.adc_resolution  zf_driver_adc.o
    0x2000043a   COMPRESSED   0x00000002   PAD
    0x2000043c        -       0x00000004   Zero   RW          422    .bss.angle_roll_temp  imu.o
    0x20000440        -       0x00000002   Zero   RW          419    .bss.ax             imu.o
    0x20000442        -       0x00000002   Zero   RW          420    .bss.ay             imu.o
    0x20000444        -       0x00000002   Zero   RW          421    .bss.az             imu.o
    0x20000446        -       0x00000001   Zero   RW          399    .bss.beep_flag      beep.o
    0x20000447        -       0x00000001   Zero   RW          164    .bss.button1        auto_menu.o
    0x20000448        -       0x00000001   Zero   RW          165    .bss.button2        auto_menu.o
    0x20000449        -       0x00000001   Zero   RW          166    .bss.button3        auto_menu.o
    0x2000044a        -       0x00000001   Zero   RW          167    .bss.button4        auto_menu.o
    0x2000044b        -       0x00000001   Zero   RW          237    .bss.button_entry.long_press_button  key.o
    0x2000044c        -       0x00000001   Zero   RW          236    .bss.button_entry.long_press_cnt  key.o
    0x2000044d        -       0x00000008   Zero   RW         1071    .bss.camera_receiver_buffer  zf_device_camera.o
    0x20000455   COMPRESSED   0x00000003   PAD
    0x20000458        -       0x00000018   Zero   RW         1070    .bss.camera_receiver_fifo  zf_device_camera.o
    0x20000470        -       0x00000001   Zero   RW         1612    .bss.camera_type    zf_device_type.o
    0x20000471        -       0x00000001   Zero   RW          342    .bss.circle_flag    image.o
    0x20000472        -       0x00000002   Zero   RW          343    .bss.circle_time    image.o
    0x20000474        -       0x00000004   Zero   RW           10    .bss.count_10ms     main.o
    0x20000478        -       0x00000001   Zero   RW          340    .bss.cross_flag     image.o
    0x20000479   COMPRESSED   0x00000003   PAD
    0x2000047c        -       0x00000004   Zero   RW          184    .bss.current_operation_menu  auto_menu.o
    0x20000480        -       0x00000001   Zero   RW          463    .bss.debug_assert_handler.assert_nest_index  zf_common_debug.o
    0x20000481   COMPRESSED   0x00000003   PAD
    0x20000484        -       0x00000002   Zero   RW          464    .bss.debug_output_info.0  zf_common_debug.o
    0x20000486   COMPRESSED   0x00000002   PAD
    0x20000488        -       0x00000002   Zero   RW          465    .bss.debug_output_info.1  zf_common_debug.o
    0x2000048a        -       0x00000001   Zero   RW          466    .bss.debug_output_info.3  zf_common_debug.o
    0x2000048b   COMPRESSED   0x00000001   PAD
    0x2000048c        -       0x00000001   Zero   RW          467    .bss.debug_output_info.4  zf_common_debug.o
    0x2000048d   COMPRESSED   0x00000003   PAD
    0x20000490        -       0x00000004   Zero   RW          468    .bss.debug_output_info.5  zf_common_debug.o
    0x20000494        -       0x00000004   Zero   RW          469    .bss.debug_output_info.6  zf_common_debug.o
    0x20000498        -       0x00000004   Zero   RW          470    .bss.debug_output_info.7  zf_common_debug.o
    0x2000049c        -       0x00000004   Zero   RW          193    .bss.dif_speed_plus  auto_menu.o
    0x200004a0        -       0x00000001   Zero   RW          265    .bss.differential_mode  motor.o
    0x200004a1        -       0x00000001   Zero   RW         1090    .bss.dl1a_finsh_flag  zf_device_dl1a.o
    0x200004a2   COMPRESSED   0x00000002   PAD
    0x200004a4        -       0x00000010   Zero   RW         1092    .bss.dl1a_iic_struct  zf_device_dl1a.o
    0x200004b4        -       0x00000004   Zero   RW         1113    .bss.dm1xa_plus_count  zf_device_dm1xa.o
    0x200004b8        -       0x00000001   Zero   RW         1114    .bss.dm1xa_ranging_state  zf_device_dm1xa.o
    0x200004b9        -       0x00000001   Zero   RW         1112    .bss.dm1xa_type     zf_device_dm1xa.o
    0x200004ba        -       0x00000002   Zero   RW          260    .bss.encoder_data_l  motor.o
    0x200004bc        -       0x00000002   Zero   RW          261    .bss.encoder_data_r  motor.o
    0x200004be   COMPRESSED   0x00000002   PAD
    0x200004c0        -       0x00000004   Zero   RW          412    .bss.filtering_angle  imu.o
    0x200004c4        -       0x00000001   Zero   RW          337    .bss.final_mid_line  image.o
    0x200004c5        -       0x00000001   Zero   RW          168    .bss.first_in_page_flag  auto_menu.o
    0x200004c6        -       0x00000080   Zero   RW         1140    .bss.gps_gga_buffer  zf_device_gps_tau1201.o
    0x20000546        -       0x00000001   Zero   RW         1135    .bss.gps_gga_state  zf_device_gps_tau1201.o
    0x20000547        -       0x00000080   Zero   RW         1138    .bss.gps_rmc_buffer  zf_device_gps_tau1201.o
    0x200005c7        -       0x00000001   Zero   RW         1136    .bss.gps_rmc_state  zf_device_gps_tau1201.o
    0x200005c8        -       0x00000001   Zero   RW         1134    .bss.gps_tau1201_flag  zf_device_gps_tau1201.o
    0x200005c9   COMPRESSED   0x00000003   PAD
    0x200005cc        -       0x00000018   Zero   RW         1142    .bss.gps_tau1201_receiver_fifo  zf_device_gps_tau1201.o
    0x200005e4        -       0x00000001   Zero   RW         1141    .bss.gps_tau1201_state  zf_device_gps_tau1201.o
    0x200005e5   COMPRESSED   0x00000001   PAD
    0x200005e6        -       0x00000002   Zero   RW          416    .bss.gx             imu.o
    0x200005e8        -       0x00000002   Zero   RW          417    .bss.gy             imu.o
    0x200005ea        -       0x00000002   Zero   RW          418    .bss.gz             imu.o
    0x200005ec        -       0x00000001   Zero   RW          344    .bss.if_circle      image.o
    0x200005ed   COMPRESSED   0x00000001   PAD
    0x200005ee        -       0x00000002   Zero   RW         1220    .bss.imu963ra_acc_x  zf_device_imu963ra.o
    0x200005f0        -       0x00000002   Zero   RW         1221    .bss.imu963ra_acc_y  zf_device_imu963ra.o
    0x200005f2        -       0x00000002   Zero   RW         1222    .bss.imu963ra_acc_z  zf_device_imu963ra.o
    0x200005f4        -       0x00000002   Zero   RW         1217    .bss.imu963ra_gyro_x  zf_device_imu963ra.o
    0x200005f6        -       0x00000002   Zero   RW         1218    .bss.imu963ra_gyro_y  zf_device_imu963ra.o
    0x200005f8        -       0x00000002   Zero   RW         1219    .bss.imu963ra_gyro_z  zf_device_imu963ra.o
    0x200005fa   COMPRESSED   0x00000002   PAD
    0x200005fc        -       0x00000004   Zero   RW          565    .bss.interrupt_nest_count  zf_common_interrupt.o
    0x20000600        -       0x00000001   Zero   RW         1331    .bss.ips200_display_dir  zf_device_ips200.o
    0x20000601        -       0x00000001   Zero   RW         1327    .bss.ips200_display_type  zf_device_ips200.o
    0x20000602        -       0x00000001   Zero   RW         1328    .bss.ips200_x_max   zf_device_ips200.o
    0x20000603   COMPRESSED   0x00000001   PAD
    0x20000604        -       0x00000001   Zero   RW         1329    .bss.ips200_y_max   zf_device_ips200.o
    0x20000605        -       0x00000001   Zero   RW         1335    .bss.ips_rst_pin    zf_device_ips200.o
    0x20000606        -       0x00000001   Zero   RW          169    .bss.is_clear_flag  auto_menu.o
    0x20000607   COMPRESSED   0x00000001   PAD
    0x20000608        -       0x00000004   Zero   RW          191    .bss.kd2            auto_menu.o
    0x2000060c        -       0x00000001   Zero   RW          220    .bss.key1_state     key.o
    0x2000060d        -       0x00000001   Zero   RW          221    .bss.key1_state_last  key.o
    0x2000060e        -       0x00000001   Zero   RW          224    .bss.key2_state     key.o
    0x2000060f        -       0x00000001   Zero   RW          225    .bss.key2_state_last  key.o
    0x20000610        -       0x00000001   Zero   RW          228    .bss.key3_state     key.o
    0x20000611        -       0x00000001   Zero   RW          229    .bss.key3_state_last  key.o
    0x20000612        -       0x00000001   Zero   RW          232    .bss.key4_state     key.o
    0x20000613        -       0x00000001   Zero   RW          233    .bss.key4_state_last  key.o
    0x20000614        -       0x00000004   Zero   RW          197    .bss.ki             auto_menu.o
    0x20000618        -       0x00000001   Zero   RW          338    .bss.last_final_mid_line  image.o
    0x20000619   COMPRESSED   0x00000003   PAD
    0x2000061c        -       0x000000f0   Zero   RW          327    .bss.left_edge_line  image.o
    0x2000070c        -       0x00000078   Zero   RW          329    .bss.mid_line       image.o
    0x20000784        -       0x00000001   Zero   RW          341    .bss.mid_mode       image.o
    0x20000785        -       0x00000001   Zero   RW          259    .bss.motor_f        motor.o
    0x20000786        -       0x00000001   Zero   RW          195    .bss.motor_flag     auto_menu.o
    0x20000787        -       0x00000001   Zero   RW         1405    .bss.mt9v03x_finish_flag  zf_device_mt9v03x.o
    0x20000788        -       0x00000004   Zero   RW         2638    .bss.mt9v03x_h_blank  zf_device_config.lib(zf_device_config.o)
    0x2000078c        -       0x00000010   Zero   RW         2636    .bss.mt9v03x_iic_inf_struct  zf_device_config.lib(zf_device_config.o)
    0x2000079c        -       0x00005820   Zero   RW         1411    .bss.mt9v03x_image  zf_device_mt9v03x.o
    0x20005fbc        -       0x00000014   Zero   RW         2637    .bss.mt9v03x_init_config  zf_device_config.lib(zf_device_config.o)
    0x20005fd0        -       0x00000001   Zero   RW         1406    .bss.mt9v03x_type   zf_device_mt9v03x.o
    0x20005fd1   COMPRESSED   0x00000003   PAD
    0x20005fd4        -       0x00000004   Zero   RW         2639    .bss.mt9v03x_v_blank  zf_device_config.lib(zf_device_config.o)
    0x20005fd8        -       0x00000002   Zero   RW         1408    .bss.mt9v03x_version  zf_device_mt9v03x.o
    0x20005fda        -       0x000000c8   Zero   RW          180    .bss.my_index       auto_menu.o
    0x200060a2   COMPRESSED   0x00000002   PAD
    0x200060a4        -       0x00000fa0   Zero   RW          175    .bss.my_menu_unit   auto_menu.o
    0x20007044        -       0x000004b0   Zero   RW          177    .bss.my_param_set   auto_menu.o
    0x200074f4        -       0x00000004   Zero   RW          181    .bss.p_index_xy_dad  auto_menu.o
    0x200074f8        -       0x00000004   Zero   RW          182    .bss.p_index_xy_son  auto_menu.o
    0x200074fc        -       0x00000004   Zero   RW          178    .bss.p_unit         auto_menu.o
    0x20007500        -       0x00000004   Zero   RW          179    .bss.p_unit_last    auto_menu.o
    0x20007504        -       0x00000010   Zero   RW          266    .bss.pid_left       motor.o
    0x20007514        -       0x00000010   Zero   RW          267    .bss.pid_right      motor.o
    0x20007524        -       0x00000001   Zero   RW          324    .bss.reference_col  image.o
    0x20007525   COMPRESSED   0x00000001   PAD
    0x20007526        -       0x000000f0   Zero   RW          326    .bss.reference_line  image.o
    0x20007616        -       0x00000001   Zero   RW          320    .bss.reference_point  image.o
    0x20007617   COMPRESSED   0x00000001   PAD
    0x20007618        -       0x000000bc   Zero   RW          323    .bss.remote_distance  image.o
    0x200076d4        -       0x000000f0   Zero   RW          328    .bss.right_edge_line  image.o
    0x200077c4        -       0x00000001   Zero   RW          381    .bss.servo_f        servo.o
    0x200077c5        -       0x00000001   Zero   RW          185    .bss.servo_flag     auto_menu.o
    0x200077c6   COMPRESSED   0x00000002   PAD
    0x200077c8        -       0x00000004   Zero   RW          380    .bss.servo_pid_kd2  servo.o
    0x200077cc        -       0x00000004   Zero   RW          378    .bss.servo_pid_ki   servo.o
    0x200077d0        -       0x00000001   Zero   RW          186    .bss.slow_down_flag  auto_menu.o
    0x200077d1        -       0x00000001   Zero   RW          187    .bss.speed_policy_flag  auto_menu.o
    0x200077d2   COMPRESSED   0x00000002   PAD
    0x200077d4        -       0x00000004   Zero   RW          196    .bss.start_time     auto_menu.o
    0x200077d8        -       0x00000004   Zero   RW          176    .bss.static_cnt     auto_menu.o
    0x200077dc        -       0x00000001   Zero   RW          258    .bss.stop_flag      motor.o
    0x200077dd        -       0x00000001   Zero   RW          345    .bss.stop_search_row  image.o
    0x200077de        -       0x00000008   Zero   RW          979    .bss.timer_function_state  zf_driver_timer.o
    0x200077e6        -       0x00000008   Zero   RW          980    .bss.timer_mode_state  zf_driver_timer.o
    0x200077ee        -       0x00000200   Zero   RW         1596    .bss.tsl1401_data   zf_device_tsl1401.o
    0x200079ee        -       0x00000001   Zero   RW         1597    .bss.tsl1401_finish_flag  zf_device_tsl1401.o
    0x200079ef        -       0x00000001   Zero   RW         1595    .bss.tsl1401_init_state  zf_device_tsl1401.o
    0x200079f0        -       0x0000000c   Zero   RW          382    .bss.turn_pid       servo.o
    0x200079fc        -       0x00000008   Zero   RW         1008    .bss.uart_interrupt_state  zf_driver_uart.o
    0x20007a04        -       0x00000004   Zero   RW          174    .bss.unit_param_set.dad  auto_menu.o
    0x20007a08        -       0x00000004   Zero   RW          173    .bss.unit_param_set.p_middle  auto_menu.o
    0x20007a0c        -       0x00005820   Zero   RW          346    .bss.user_image     image.o
    0x2000d22c        -       0x00000001   Zero   RW          321    .bss.white_max_point  image.o
    0x2000d22d        -       0x00000001   Zero   RW          322    .bss.white_min_point  image.o
    0x2000d22e        -       0x00000001   Zero   RW         1616    .bss.wireless_type  zf_device_type.o
    0x2000d22f        -       0x00000040   Zero   RW         1711    .bss.wireless_uart_buffer  zf_device_wireless_uart.o
    0x2000d26f        -       0x00000001   Zero   RW         1708    .bss.wireless_uart_data  zf_device_wireless_uart.o
    0x2000d270        -       0x00000018   Zero   RW         1707    .bss.wireless_uart_fifo  zf_device_wireless_uart.o
    0x2000d288        -       0x00000001   Zero   RW          461    .bss.zf_debug_init_flag  zf_common_debug.o


    Execution Region ARM_LIB_HEAP (Exec base: 0x2000d28c, Load base: 0x0800bbd4, Size: 0x00000400, Max: 0x00000400, ABSOLUTE)

    Exec Addr    Load Addr    Size         Type   Attr      Idx    E Section Name        Object

    0x2000d28c        -       0x00000400   Zero   RW            1    ARM_LIB_HEAP.bss    anon$$obj.o


    Execution Region ARM_LIB_STACK (Exec base: 0x2001e000, Load base: 0x0800bbd4, Size: 0x00002000, Max: 0x00002000, ABSOLUTE)

    Exec Addr    Load Addr    Size         Type   Attr      Idx    E Section Name        Object

    0x2001e000        -       0x00002000   Zero   RW            2    ARM_LIB_STACK.bss   anon$$obj.o


==============================================================================

Image component sizes


      Code (inc. data)   RO Data    RW Data    ZI Data      Debug   Object Name

      5320        462         21         22       5462      15201   auto_menu.o
        28          0          0          0          1       2255   beep.o
        34          0          0          0          0       1462   encoder.o
      3928          6          0        842      23601      17418   image.o
       270          0          0          5         20       1198   imu.o
      1196          0          0          0          0       6168   isr.o
       546          0          0          0         10       3485   key.o
       364          4          0          0          4       3128   main.o
       958          0          0         12         39       5731   motor.o
       422          0          0          0          0       1838   pid.o
       520          0          0          8         21       3816   servo.o
        36          8        400          0          0        860   startup_mm32f3277g.o
        12          0          0          0          0        610   system_mm32f3277g.o
       552          0          0          4          0       2880   zf_common_clock.o
      1410        108        181          1         20       9375   zf_common_debug.o
      1082          0         43          0          0       7099   zf_common_fifo.o
         0          0       2072          0          0        750   zf_common_font.o
       642          0         47          0          0      14604   zf_common_function.o
       156          0          0          0          4       4832   zf_common_interrupt.o
       118          0          0          0         32       5959   zf_device_camera.o
       142          0          0          2         17       9430   zf_device_dl1a.o
       240          0          0          2          6       3584   zf_device_dm1xa.o
       244          8          0          0        284      15256   zf_device_gps_tau1201.o
      1588         72         47         12         12       9707   zf_device_imu963ra.o
      8560          4         45          5          5      21963   zf_device_ips200.o
       892         56         46         76      22564       8868   zf_device_mt9v03x.o
       162          0          0          0        514       3752   zf_device_tsl1401.o
       108          0          0         16          2       1720   zf_device_type.o
       350          0          0          4         89       6283   zf_device_wireless_uart.o
        70          0          8          0          2       5113   zf_driver_adc.o
       108          0         44          0          0       1290   zf_driver_delay.o
       248         24          8          0          0       4201   zf_driver_dma.o
       392         24         46          8          0       6560   zf_driver_encoder.o
       328         28          0          0          0       5341   zf_driver_exti.o
       384          0          0         32          0       5404   zf_driver_gpio.o
       200         16         42          0          0       5440   zf_driver_pit.o
       596         24         42          0          0       5841   zf_driver_pwm.o
      1436          0         47          0          0      12874   zf_driver_soft_iic.o
       796          0         50          0          0      11027   zf_driver_spi.o
       732         40         44          0         16       8872   zf_driver_timer.o
       758          8         83          0          8       8423   zf_driver_uart.o

    ----------------------------------------------------------------------
     36080        892       3348       1064      61996     269618   Object Totals
         0          0         32          0       9216          0   (incl. Generated)
       152          0          0         13         47          0   (incl. Padding)

    ----------------------------------------------------------------------

      Code (inc. data)   RO Data    RW Data    ZI Data      Debug   Library Member Name

        86          0          0          0          0          0   __dczerorl2.o
         0          0          0          0          0          0   entry.o
         0          0          0          0          0          0   entry10a.o
         0          0          0          0          0          0   entry11a.o
         8          4          0          0          0          0   entry4.o
         4          0          0          0          0          0   entry5.o
         0          0          0          0          0          0   entry7b.o
         0          0          0          0          0          0   entry8b.o
         8          4          0          0          0          0   entry9a.o
        30          0          0          0          0          0   handlers.o
        48         10          0          0          0         68   init.o
         0          0          0          0          0          0   iusefp.o
        30          0          0          0          0         68   llshl.o
        36          0          0          0          0         68   llsshr.o
        32          0          0          0          0         68   llushr.o
       188         20          0          0          0        160   malloc2.o
        26          0          0          0          0         80   memcmp.o
        36          0          0          0          0         68   memcpya.o
        36          0          0          0          0        108   memseta.o
         0          0          0          8          0          0   mvars.o
      2308         96          0          0          0        604   printfa.o
         0          0          0          4          0          0   stdout.o
        18          0          0          0          0         68   strcpy.o
        14          0          0          0          0         68   strlen.o
        44          0          0          0          0         80   uidiv.o
        98          0          0          0          0         92   uldiv.o
        48          0          0          0          0         68   cdrcmple.o
        56          0          0          0          0         88   d2f.o
       334          0          0          0          0        148   dadd.o
       222          0          0          0          0        100   ddiv.o
       186          0          0          0          0        176   depilogue.o
        62          0          0          0          0         80   dfixi.o
        50          0          0          0          0         76   dfixui.o
        48          0          0          0          0         68   dfixul.o
        34          0          0          0          0         76   dflti.o
        26          0          0          0          0         76   dfltui.o
       228          0          0          0          0         96   dmul.o
        38          0          0          0          0         68   f2d.o
       176          0          0          0          0        140   fadd.o
        28          0          0          0          0         68   fcmpeq.o
        28          0          0          0          0         68   fcmpge.o
        28          0          0          0          0         68   fcmpgt.o
        28          0          0          0          0         68   fcmple.o
        28          0          0          0          0         68   fcmplt.o
       124          0          0          0          0         88   fdiv.o
       110          0          0          0          0        168   fepilogue.o
        50          0          0          0          0         68   ffixi.o
        18          0          0          0          0         68   fflti.o
        10          0          0          0          0         68   ffltui.o
       100          0          0          0          0         76   fmul.o
      2588          0          0          0         44       3849   zf_device_config.o

    ----------------------------------------------------------------------
      7708        134          0         12         44       7585   Library Totals
        10          0          0          0          0          0   (incl. Padding)

    ----------------------------------------------------------------------

      Code (inc. data)   RO Data    RW Data    ZI Data      Debug   Library Name

      3050        134          0         12          0       1600   mc_w.l
      2060          0          0          0          0       2136   mf_w.l
      2588          0          0          0         44       3849   zf_device_config.lib

    ----------------------------------------------------------------------
      7708        134          0         12         44       7585   Library Totals

    ----------------------------------------------------------------------

==============================================================================


      Code (inc. data)   RO Data    RW Data    ZI Data      Debug   

     43788       1026       3348       1076      62040     274523   Grand Totals
     43788       1026       3348        324      62040     274523   ELF Image Totals (compressed)
     43788       1026       3348        324          0          0   ROM Totals

==============================================================================

    Total RO  Size (Code + RO Data)                47136 (  46.03kB)
    Total RW  Size (RW Data + ZI Data)             63116 (  61.64kB)
    Total ROM Size (Code + RO Data + RW Data)      47460 (  46.35kB)

==============================================================================

